Job dvb_ir started on anonymized-host at Wed Jul 29 10:54:30 2026
jobid: 652ff3f2-8b5d-11f1-846b-00be43be7bed

  +------------------------------------------------------------------------+
  |  Jaguar version 13.3, release 113                                      |
  |                                                                        |
  |  Copyright Schrodinger, Inc.                                           |
  |  All Rights Reserved.                                                  |
  |                                                                        |
  |  The following have contributed to Jaguar (listed alphabetically):     |
  |  Ty Balduf, Mike Beachy, Chandler Bennett, Art Bochevarov,             |
  |  Dale Braden, Yixiang Cao, Alan Chien, Chris Cortis,                   |
  |  Rich Friesner, Jim Furness, Bill Goddard, Hod Greeley,                |
  |  Tom Hughes, Leif Jacobson, Jean-Marc Langlois, Daniel Levine,         |
  |  Daniel Mainz, Rob Murphy, Dean Philipp, Tom Pollard,                  |
  |  Murco Ringnalda, Pablo Videla, Mark Watson, Haoyu Yu.                 |
  |                                                                        |
  |  Use of this program should be acknowledged in publications as:        |
  |                                                                        |
  |  Jaguar, version 13.3, Schrodinger, Inc., New York, NY, 2026.          |
  |                                                                        |
  |  Y. Cao, T. Balduf, M. D. Beachy, M. C. Bennett, A. D. Bochevarov,     |
  |  A. Chien, P. A. Dub, K. G. Dyall, J. W. Furness, M. D. Halls,         |
  |  T. F. Hughes, L. D. Jacobson, H. S. Kwak, D. S. Levine, D. T. Mainz,  |
  |  K. B. Moore, M. Svensson, P. E. Videla, M. A. Watson, R. A. Friesner, |
  |  "Quantum chemical package Jaguar: A survey of recent developments     |
  |  and unique features", J. Chem. Phys. 161, 052502 (2024).              |
  |  DOI: 10.1063/5.0213317                                                |
  +------------------------------------------------------------------------+
  
  start of program pre
  
  Job name: dvb_ir
  Executables used: /scr/shared/builds/2026-3/build/jaguar-v13.3/bin/Linux-x86_64
  Temporary files : /scr/shared/jobs/652ff3f2-8b5d-11f1-846b-00be43be7bed
  Basis file : using default basis file from /scr/shared/builds/2026-3/build
  Maestro file (input):  dvb_ir.mae
  Maestro file (output): dvb_ir.01.mae
  
 Contents of input file: &gen and (if present) &atomic sections only
 ----------------Contents start----------------
&gen
irder=1
basis=sto-3g
dftname=b3lyp
ifreq=1
&
 -----------------Contents end-----------------
 
  basis set:               sto-3g                          
  net molecular charge:    0
  multiplicity:            1
  
  number of basis functions....           60
  no dealiasing set available for atom            1
  switch to all-analytic calculation
  
 Input geometry:
                                   angstroms
  atom               x                 y                 z
  C1           -0.0758150000      0.0000000000      0.0269380000 
  C2           -0.0045600000      0.0000000000      1.4463040000 
  C3            1.2336810000      0.0000000000      2.1042190000 
  C4            2.4572420000      0.0000000000      1.3787840000 
  C5            2.3859860000      0.0000000000     -0.0405820000 
  H6           -0.9288540000      0.0000000000      2.0382910000 
  H7            1.2652340000      0.0000000000      3.2024280000 
  H8            3.3102810000      0.0000000000     -0.6325690000 
  C9            3.7520430000      0.0000000000      2.1313240000 
  C10           4.9872240000      0.0000000000      1.6008690000 
  H11           5.1663340000      0.0000000000      0.5196130000 
  H12           3.6421500000      0.0000000000      3.2262300000 
  H13           5.8793430000      0.0000000000      2.2379240000 
  C14          -1.3706160000      0.0000000000     -0.7256020000 
  H15          -1.2607230000      0.0000000000     -1.8205080000 
  C16          -2.6057970000      0.0000000000     -0.1951460000 
  H17          -2.7849070000      0.0000000000      0.8861090000 
  H18          -3.4979160000      0.0000000000     -0.8322020000 
  C19           1.1477460000      0.0000000000     -0.6984970000 
  H20           1.1161930000      0.0000000000     -1.7967060000 
   
  principal moments of inertia:
        amu*angstrom^2:               109.23592               737.84463               847.08055
                g*cm^2:          1.81390497E-38          1.22521968E-37          1.40661017E-37
   
  rotational constants:
               cm^(-1):      0.15432312      0.02284713      0.01990086
                   GHz:      4.62649088      0.68493960      0.59661269
   
  Molecular weight:     130.08 amu
   
  Stoichiometry: C10H10
  Molecular Point Group: C2h     
	Molecule translated to center of mass 
	Molecule reoriented along symmetry axes
  Point Group used: C2h
  
  
 Symmetrized geometry:
                                   angstroms
  atom               x                 y                 z
  C1            1.2665285000      0.6759230000      0.0000000000 
  C2            1.1952730000     -0.7434430000      0.0000000000 
  C3           -0.0429675000     -1.4013580000      0.0000000000 
  C4           -1.2665285000     -0.6759230000      0.0000000000 
  C5           -1.1952730000      0.7434430000      0.0000000000 
  H6            2.1195675000     -1.3354300000      0.0000000000 
  H7           -0.0745205000     -2.4995670000      0.0000000000 
  H8           -2.1195675000      1.3354300000      0.0000000000 
  C9           -2.5613295000     -1.4284630000      0.0000000000 
  C10          -3.7965105000     -0.8980075000      0.0000000000 
  H11          -3.9756205000      0.1832480000      0.0000000000 
  H12          -2.4514365000     -2.5233690000      0.0000000000 
  H13          -4.6886295000     -1.5350630000      0.0000000000 
  C14           2.5613295000      1.4284630000      0.0000000000 
  H15           2.4514365000      2.5233690000      0.0000000000 
  C16           3.7965105000      0.8980075000      0.0000000000 
  H17           3.9756205000     -0.1832480000      0.0000000000 
  H18           4.6886295000      1.5350630000      0.0000000000 
  C19           0.0429675000      1.4013580000      0.0000000000 
  H20           0.0745205000      2.4995670000      0.0000000000 
   
  nuclear repulsion energy.......           445.899321568 hartrees
 
 Non-default options chosen:
   SCF calculation type: DFT(b3lyp)                  
   DFT=Becke_3_Parameter/HF+Slater+Becke88+VWN+LYP (B3LYP)
   Vibrational frequencies and related properties will be computed
      from analytic second derivatives
   IR intensities will be computed
   Thermochemical properties will be computed
   Q will be stored on disk for fine grid
  
 Temporary integer options set:
     73=  2
  
  end of program pre
   
 Time(pre)  user:       0.667  user+sys:       0.667  wallclock:       0.608
  
  start of program onee
  
  smallest eigenvalue of S:    1.814E-01
  number of canonical orbitals.....           60
  end of program onee
   
 Time(onee)  user:       0.196  user+sys:       0.196  wallclock:       0.159
  
  start of program hfig
  
  initial wavefunction generated automatically from atomic wavefunctions
 
  Irreducible     Total no   No of occupied orbitals 
  representation  orbitals   Shell_1  Shell_2    ...
  Ag                25         15
  Bg                 5          3
  Au                 5          2
  Bu                25         15
  ------------------------
  Orbital occupation/shell    1.000
 
  end of program hfig
   
 Time(hfig)  user:       0.549  user+sys:       0.549  wallclock:       0.549
  
  start of program probe
  
  end of program probe
   
 Time(probe)  user:       0.162  user+sys:       0.162  wallclock:       0.125
  
  start of program grid
  
   grid     grid set  grid #  grid sym
  ------    --------  ------  --------
  coarse        0        0        1
  medium        0        0        1
  fine          0        0        1
  ultrafine     0        0        1
  charge        0        0        1
  gradient      0        0        1
  density       0        0        1
  DFT-fine    -11        1        4
  DFT-med.    -10        2        4
  DFT-grad    -12        3        4
  DFT-der2     -8        4        4
  DFT-cphf     -9        5        4
  LMP2-enrg     0        0        1
  LMP2-grad     0        0        1
  DFT-cphf2   -15        6        4
  PBF-dens      0        0        1
  plotting      0        0        1
  Rel-grad    -17        0        1
  Extreme       0        0        1
  Extreme-G     0        0        1
  
  number of gridpoints: 
                 total
  grid # 1       24300
  grid # 2        7560
  grid # 3       30010
  grid # 4       71360
  grid # 5        4450
  grid # 6        2370
   
  end of program grid
   
 Time(grid)  user:       0.730  user+sys:       0.730  wallclock:       0.796
  
  start of program scf
  
 number of electrons..........         70
 number of alpha electrons....         35
 number of beta electrons.....         35
 number of orbitals, total....         60
 number of doubly-occ'd orbs..         35
 number of open shell orbs....          0
 number of occupied orbitals..         35
 number of virtual orbitals...         25
 number of hamiltonians.......          1
 number of shells.............          1
 SCF type: DFT=Becke_3_Parameter/HF+Slater+Becke88+VWN+LYP (B3LYP)
 Energy computed using fully analytic integrals.
 Convergence Criteria:
    Energy (econv):       1.00E-05
    RMS density (dconv):  5.00E-06
  
       i  u  d  i  g                   
       t  p  i  c  r                                 RMS    maximum
       e  d  i  u  i                       energy  density   DIIS  
       r  t  s  t  d       total energy    change  change    error 
  
etot    1  N  N  0  N    -382.08746979219           7.5E-03  1.4E-01
etot    2  Y  Y  0  N    -382.28099915125  1.9E-01  4.4E-03  5.8E-02
etot    3  N  Y  0  N    -382.29952770325  1.9E-02  2.5E-03  2.1E-02
etot    4  Y  Y  0  N    -382.30546746413  5.9E-03  9.5E-04  1.4E-02
etot    5  N  Y  0  N    -382.30825666820  2.8E-03  4.7E-05  2.7E-04
etot    6  N  Y  0  N    -382.30825724541  5.8E-07  2.3E-05  2.5E-04
etot    7  N  Y  0  N    -382.30825878080  1.5E-06  2.7E-06  1.7E-05
etot    8  N  N  0  N    -382.30825878905  8.2E-09  0.0E+00  0.0E+00
  
  
 Energy components, in hartrees:
   (A)  Nuclear repulsion............     445.89932156785
   (E)  Total one-electron terms.....   -1400.56743997952
   (I)  Total two-electron terms.....     572.35985962262
   (J)    Coulomb....................     630.20350526017
   (K)    Exchange+Correlation.......     -57.84364563755
   (L)  Electronic energy............    -828.20758035690  (E+I)
   (N)  Total energy.................    -382.30825878905  (A+L)
   (O)  Gas phase energy.............    -382.30825878905
  
 SCFE: SCF energy: DFT(b3lyp)      -382.30825878905 hartrees   iterations:   8
  
 
 HOMO energy:    -0.15308
 LUMO energy:     0.03742
 
  Orbital energies (hartrees)/symmetry label: 
   -10.02020 Bu        -10.02015 Ag        -10.00813 Bu        -10.00813 Ag     
   -10.00678 Bu        -10.00677 Ag        -10.00603 Bu        -10.00589 Ag     
    -9.99233 Bu         -9.99233 Ag         -0.80951 Ag         -0.75398 Bu     
    -0.71797 Ag         -0.69977 Bu         -0.66751 Bu         -0.58869 Ag     
    -0.55892 Ag         -0.53167 Bu         -0.51017 Ag         -0.45745 Ag     
    -0.43936 Bu         -0.41060 Bu         -0.39796 Bu         -0.39608 Ag     
    -0.37396 Bu         -0.35115 Bu         -0.34730 Ag         -0.32451 Au     
    -0.31125 Bu         -0.29278 Ag         -0.28746 Ag         -0.26355 Bg     
    -0.21245 Au         -0.19504 Bg         -0.15308 Bg          0.03742 Au     
     0.09037 Au          0.11061 Bg          0.18220 Au          0.27253 Bg     
     0.33223 Ag          0.34073 Bu          0.37936 Bu          0.38145 Ag     
     0.41097 Ag     
 
  end of program scf
   
 Time(scf)  user:       1.512  user+sys:       1.512  wallclock:       1.787
  
  start of program cutabab2
  
  end of program cutabab2
   
 Time(cutabab2)  user:       2.031  user+sys:       2.031  wallclock:       2.628
  
  start of program der2a
  
  end of program der2a
   
 Time(der2a)  user:       0.175  user+sys:       0.175  wallclock:       0.153
  
  start of program grid
  
  
   Turning symmetry off because some of the
   following programs cannot use it.
   grid     grid set  grid #  grid sym
  ------    --------  ------  --------
  coarse        0        0        1
  medium        0        0        1
  fine          0        0        1
  ultrafine     0        0        1
  charge        0        0        1
  gradient      0        0        1
  density       0        0        1
  DFT-fine    -11        1        4
  DFT-med.    -10        2        4
  DFT-grad    -12        3        4
  DFT-der2     -8        4        4
  DFT-cphf     -9        5        4
  LMP2-enrg     0        0        1
  LMP2-grad     0        0        1
  DFT-cphf2   -15        6        4
  PBF-dens      0        0        1
  plotting      0        0        1
  Rel-grad    -17        0        1
  Extreme       0        0        1
  Extreme-G     0        0        1
  
  number of gridpoints: 
                 total
  grid # 1       86080
  grid # 2       23840
  grid # 3      104520
  grid # 4      263680
  grid # 5       14320
  grid # 6        7400
   
  end of program grid
   
 Time(grid)  user:       1.392  user+sys:       1.392  wallclock:       1.499
  
  start of program der2b
  
  end of program der2b
   
 Time(der2b)  user:       6.337  user+sys:       6.337  wallclock:       6.426
  
  start of program der2nda
  
 
  end of program der2nda
   
 Time(der2nda)  user:       0.195  user+sys:       0.195  wallclock:       0.164
  
  start of program der2ndb
  
  end of program der2ndb
   
 Time(der2ndb)  user:       9.039  user+sys:       9.039  wallclock:       9.381
  
  start of program cphfa
  
       1  vectors produced in CPHF
  
     v    i  j  k  i  g
     e    t  c  c  c  r
     c    e  o  o  u  i
     t    r  r  r  t  d       RMS  
  
     1    1  5  2  0  N     4.3E-02
     1    2  5  2  0  N     2.0E-03
     1    3  5  2  0  N     6.5E-04
     1    4  5  2  0  N     2.8E-04
     1    5  5  2  0  N     5.8E-05
     1    6  5  2  0  N     2.5E-05
  
  
  Atomic Polar Tensors (au): Total
  =========================
  
  APT for atom C1      
  --------------------------------------
        0.1740       0.1087      -0.0000
        0.0367      -0.1374      -0.0000
       -0.0000      -0.0000       0.0274
  --------------------------------------
  
  APT for atom C2      
  --------------------------------------
       -0.0436      -0.1000      -0.0000
       -0.1112      -0.1119      -0.0000
        0.0000       0.0000      -0.0831
  --------------------------------------
  
  APT for atom C3      
  --------------------------------------
       -0.2113       0.0015      -0.0000
       -0.0055       0.0533       0.0000
        0.0000      -0.0000      -0.0909
  --------------------------------------
  
  APT for atom C4      
  --------------------------------------
        0.1740       0.1087      -0.0000
        0.0367      -0.1374       0.0000
        0.0000       0.0000       0.0274
  --------------------------------------
  
  APT for atom C5      
  --------------------------------------
       -0.0436      -0.1000       0.0000
       -0.1112      -0.1119      -0.0000
       -0.0000       0.0000      -0.0831
  --------------------------------------
  
  APT for atom H6      
  --------------------------------------
        0.0315       0.0010      -0.0000
       -0.0002       0.0657      -0.0000
        0.0000      -0.0000       0.0792
  --------------------------------------
  
  APT for atom H7      
  --------------------------------------
        0.0482      -0.0163       0.0000
       -0.0231       0.0476       0.0000
       -0.0000       0.0000       0.0777
  --------------------------------------
  
  APT for atom H8      
  --------------------------------------
        0.0315       0.0010       0.0000
       -0.0002       0.0657      -0.0000
       -0.0000      -0.0000       0.0792
  --------------------------------------
  
  APT for atom C9      
  --------------------------------------
        0.0700       0.0438       0.0000
        0.3620       0.1240      -0.0000
       -0.0000      -0.0000      -0.0788
  --------------------------------------
  
  APT for atom C10     
  --------------------------------------
       -0.2315      -0.0205       0.0000
       -0.1208      -0.0643       0.0000
       -0.0000      -0.0000      -0.2046
  --------------------------------------
  
  APT for atom H11     
  --------------------------------------
        0.0716      -0.0090       0.0000
       -0.1440      -0.0180       0.0000
       -0.0000      -0.0000       0.0985
  --------------------------------------
  
  APT for atom H12     
  --------------------------------------
       -0.0113       0.0087       0.0000
       -0.0757       0.0013       0.0000
        0.0000       0.0000       0.0803
  --------------------------------------
  
  APT for atom H13     
  --------------------------------------
        0.1025      -0.0178      -0.0000
        0.0820       0.0399       0.0000
        0.0000       0.0000       0.0943
  --------------------------------------
  
  APT for atom C14     
  --------------------------------------
        0.0700       0.0438      -0.0000
        0.3620       0.1240      -0.0000
       -0.0000       0.0000      -0.0788
  --------------------------------------
  
  APT for atom H15     
  --------------------------------------
       -0.0113       0.0087       0.0000
       -0.0757       0.0013      -0.0000
        0.0000      -0.0000       0.0803
  --------------------------------------
  
  APT for atom C16     
  --------------------------------------
       -0.2315      -0.0205       0.0000
       -0.1208      -0.0643       0.0000
        0.0000      -0.0000      -0.2046
  --------------------------------------
  
  APT for atom H17     
  --------------------------------------
        0.0716      -0.0090       0.0000
       -0.1440      -0.0180      -0.0000
        0.0000       0.0000       0.0985
  --------------------------------------
  
  APT for atom H18     
  --------------------------------------
        0.1025      -0.0178       0.0000
        0.0820       0.0399      -0.0000
        0.0000       0.0000       0.0943
  --------------------------------------
  
  APT for atom C19     
  --------------------------------------
       -0.2113       0.0015       0.0000
       -0.0055       0.0533      -0.0000
        0.0000       0.0000      -0.0909
  --------------------------------------
  
  APT for atom H20     
  --------------------------------------
        0.0482      -0.0163       0.0000
       -0.0231       0.0476      -0.0000
        0.0000      -0.0000       0.0777
  --------------------------------------
  
  end of program cphfa
   
 Time(cphfa)  user:      20.799  user+sys:      20.799  wallclock:      21.232
  
  start of program freq
  
   
  Number of frequencies:  54
  harmonic frequencies in cm**-1, reduced masses in amu,
  force constants in mDyne/A, and
  normal modes in cartesian coordinates: 54
  IR intensities in km/mol
  
  vibration #            1         2         3         4         5         6
                 --------- --------- --------- --------- --------- ---------
  frequencies        53.10     85.18    149.69    179.43    263.52    298.82
  symmetries       Au       Bg       Au       Bu       Ag       Bg      
  intensities         0.03      0.00      0.37      0.27      0.00      0.00
  reduc. mass         1.89      0.69      1.00      1.42      1.20      0.90
  force const         0.00      0.00      0.01      0.03      0.05      0.05
    C1       X    -0.00000   0.00000   0.00000   0.00811  -0.04434  -0.00000
    C1       Y     0.00000  -0.00000  -0.00000  -0.05717   0.05601   0.00000
    C1       Z    -0.04485   0.05381  -0.02071  -0.00000   0.00000  -0.11875
    C2       X    -0.00000   0.00000   0.00000   0.01321   0.02113   0.00000
    C2       Y     0.00000  -0.00000  -0.00000  -0.05982   0.05469   0.00000
    C2       Z    -0.05394   0.08365  -0.06484   0.00000   0.00000  -0.06436
    C3       X    -0.00000  -0.00000  -0.00000   0.00679   0.06377   0.00000
    C3       Y     0.00000  -0.00000  -0.00000  -0.06303  -0.01603   0.00000
    C3       Z    -0.05799   0.02663  -0.05571   0.00000  -0.00000   0.07794
    C4       X     0.00000  -0.00000  -0.00000   0.00811   0.04434   0.00000
    C4       Y     0.00000   0.00000  -0.00000  -0.05716  -0.05601  -0.00000
    C4       Z    -0.04485  -0.05382  -0.02071   0.00000  -0.00000   0.11875
    C5       X     0.00000   0.00000   0.00000   0.01321  -0.02113  -0.00000
    C5       Y     0.00000   0.00000  -0.00000  -0.05982  -0.05469  -0.00000
    C5       Z    -0.05393  -0.08365  -0.06484   0.00000  -0.00000   0.06436
    H6       X    -0.00000  -0.00000  -0.00000   0.01628   0.05100   0.00000
    H6       Y     0.00000  -0.00000  -0.00000  -0.05727   0.10439   0.00000
    H6       Z    -0.05791   0.15716  -0.05652   0.00000   0.00000  -0.08361
    H7       X    -0.00000  -0.00000  -0.00000   0.00673   0.11568   0.00000
    H7       Y     0.00000  -0.00000  -0.00000  -0.06351  -0.01737  -0.00000
    H7       Z    -0.06258   0.05303  -0.04239   0.00000  -0.00000   0.11881
    H8       X    -0.00000   0.00000   0.00000   0.01628  -0.05100  -0.00000
    H8       Y     0.00000  -0.00000  -0.00000  -0.05727  -0.10439  -0.00000
    H8       Z    -0.05789  -0.15717  -0.05652   0.00000  -0.00000   0.08361
    C9       X     0.00000  -0.00000  -0.00000  -0.03693   0.03207   0.00000
    C9       Y     0.00000   0.00000   0.00000   0.01961  -0.02138  -0.00000
    C9       Z    -0.01181  -0.08805   0.12555  -0.00000   0.00000  -0.03484
    C10      X    -0.00000  -0.00000   0.00000   0.01222   0.08458   0.00000
    C10      Y    -0.00000  -0.00000   0.00000   0.13764   0.09886   0.00000
    C10      Z     0.15104   0.09300   0.00250   0.00000   0.00000  -0.02112
    H11      X    -0.00000  -0.00000   0.00000   0.11625   0.20098   0.00000
    H11      Y    -0.00000  -0.00000   0.00000   0.15439   0.11711   0.00000
    H11      Z     0.27237   0.28291  -0.24749   0.00000  -0.00000   0.20744
    H12      X     0.00000  -0.00000  -0.00000  -0.12840  -0.04174   0.00000
    H12      Y     0.00000   0.00000  -0.00000   0.01052  -0.02823  -0.00000
    H12      Z    -0.11485  -0.25138   0.35949  -0.00000   0.00000  -0.25899
    H13      X     0.00000   0.00000  -0.00000  -0.05133   0.01367   0.00000
    H13      Y    -0.00000  -0.00000   0.00000   0.22691   0.19930   0.00000
    H13      Z     0.17185   0.06199   0.14410  -0.00000   0.00000  -0.23576
    C14      X     0.00000  -0.00000  -0.00000  -0.03693  -0.03207  -0.00000
    C14      Y    -0.00000  -0.00000  -0.00000   0.01961   0.02138  -0.00000
    C14      Z    -0.01181   0.08805   0.12555  -0.00000   0.00000   0.03484
    H15      X     0.00000  -0.00000  -0.00000  -0.12840   0.04174   0.00000
    H15      Y    -0.00000   0.00000  -0.00000   0.01052   0.02823  -0.00000
    H15      Z    -0.11487   0.25137   0.35948  -0.00000  -0.00000   0.25899
    C16      X     0.00000   0.00000   0.00000   0.01222  -0.08458  -0.00000
    C16      Y    -0.00000   0.00000   0.00000   0.13764  -0.09886  -0.00000
    C16      Z     0.15105  -0.09299   0.00251   0.00000  -0.00000   0.02112
    H17      X    -0.00000   0.00000   0.00000   0.11625  -0.20098  -0.00000
    H17      Y    -0.00000   0.00000   0.00000   0.15440  -0.11710  -0.00000
    H17      Z     0.27240  -0.28289  -0.24749   0.00000   0.00000  -0.20744
    H18      X     0.00000  -0.00000  -0.00000  -0.05133  -0.01367  -0.00000
    H18      Y    -0.00000   0.00000   0.00000   0.22692  -0.19929  -0.00000
    H18      Z     0.17185  -0.06197   0.14410  -0.00000  -0.00000   0.23576
    C19      X     0.00000   0.00000   0.00000   0.00679  -0.06377  -0.00000
    C19      Y     0.00000  -0.00000  -0.00000  -0.06303   0.01603   0.00000
    C19      Z    -0.05799  -0.02664  -0.05571   0.00000   0.00000  -0.07794
    H20      X     0.00000   0.00000   0.00000   0.00673  -0.11568  -0.00000
    H20      Y     0.00000  -0.00000  -0.00000  -0.06351   0.01737   0.00000
    H20      Z    -0.06257  -0.05304  -0.04239   0.00000   0.00000  -0.11881
  
  vibration #            7         8         9        10        11        12
                 --------- --------- --------- --------- --------- ---------
  frequencies       407.62    424.41    468.02    486.76    578.51    656.39
  symmetries       Ag       Au       Au       Bu       Ag       Bg      
  intensities         0.00      0.10      5.81      1.89      0.00      0.00
  reduc. mass         1.16      1.60      1.13      0.90      1.00      0.64
  force const         0.11      0.17      0.15      0.13      0.20      0.16
    C1       X    -0.03779   0.00000   0.00000  -0.03887  -0.07775  -0.00000
    C1       Y    -0.07848  -0.00000  -0.00000   0.01132   0.01381   0.00000
    C1       Z     0.00000  -0.01060   0.13156   0.00000   0.00000   0.02607
    C2       X    -0.00525   0.00000   0.00000  -0.06772   0.00801  -0.00000
    C2       Y    -0.07594  -0.00000  -0.00000   0.02248   0.01730   0.00000
    C2       Z    -0.00000   0.12505  -0.04081  -0.00000   0.00000  -0.07892
    C3       X    -0.02345  -0.00000   0.00000  -0.05866   0.06163   0.00000
    C3       Y    -0.00510   0.00000  -0.00000   0.02440  -0.06278  -0.00000
    C3       Z     0.00000  -0.12096  -0.06205  -0.00000  -0.00000   0.08224
    C4       X     0.03779  -0.00000   0.00000  -0.03887   0.07775   0.00000
    C4       Y     0.07848   0.00000  -0.00000   0.01132  -0.01381  -0.00000
    C4       Z     0.00000  -0.01060   0.13156   0.00000   0.00000  -0.02607
    C5       X     0.00525  -0.00000   0.00000  -0.06772  -0.00801  -0.00000
    C5       Y     0.07594   0.00000  -0.00000   0.02248  -0.01730  -0.00000
    C5       Z    -0.00000   0.12505  -0.04081  -0.00000  -0.00000   0.07892
    H6       X    -0.00843  -0.00000   0.00000  -0.06703   0.07501   0.00000
    H6       Y    -0.07955  -0.00000  -0.00000   0.02392   0.12348   0.00000
    H6       Z    -0.00000   0.28013  -0.18965  -0.00000   0.00000  -0.13348
    H7       X    -0.12131  -0.00000   0.00000  -0.06610   0.07583   0.00000
    H7       Y    -0.00089   0.00000  -0.00000   0.02626  -0.06384  -0.00000
    H7       Z     0.00000  -0.23270  -0.22566  -0.00000  -0.00000   0.11253
    H8       X     0.00843   0.00000   0.00000  -0.06703  -0.07501  -0.00000
    H8       Y     0.07955   0.00000  -0.00000   0.02392  -0.12348  -0.00000
    H8       Z    -0.00000   0.28013  -0.18965  -0.00000  -0.00000   0.13348
    C9       X     0.10546   0.00000  -0.00000   0.04461   0.02023   0.00000
    C9       Y     0.03281   0.00000   0.00000  -0.08781   0.11467   0.00000
    C9       Z     0.00000   0.00262   0.04412   0.00000   0.00000  -0.09720
    C10      X     0.09854   0.00000  -0.00000   0.10308  -0.03695   0.00000
    C10      Y    -0.00805  -0.00000  -0.00000   0.01584   0.00133   0.00000
    C10      Z    -0.00000  -0.00095  -0.01869  -0.00000  -0.00000   0.01617
    H11      X     0.07498   0.00000  -0.00000   0.27580  -0.25587  -0.00000
    H11      Y    -0.01284  -0.00000  -0.00000   0.04282  -0.03438   0.00000
    H11      Z     0.00000  -0.02882   0.16226   0.00000  -0.00000  -0.20693
    H12      X     0.15825   0.00000  -0.00000   0.06047  -0.00694  -0.00000
    H12      Y     0.04004   0.00000   0.00000  -0.08431   0.11179   0.00000
    H12      Z    -0.00000   0.01400  -0.13610  -0.00000   0.00000   0.12963
    H13      X     0.11710   0.00000  -0.00000   0.00607   0.08673   0.00000
    H13      Y    -0.03188  -0.00000  -0.00000   0.15518  -0.17394  -0.00000
    H13      Z    -0.00000   0.02503  -0.25552  -0.00000   0.00000   0.35725
    C14      X    -0.10546  -0.00000  -0.00000   0.04460  -0.02023   0.00000
    C14      Y    -0.03281  -0.00000   0.00000  -0.08781  -0.11467  -0.00000
    C14      Z     0.00000   0.00262   0.04412   0.00000  -0.00000   0.09720
    H15      X    -0.15825  -0.00000  -0.00000   0.06047   0.00694  -0.00000
    H15      Y    -0.04004  -0.00000   0.00000  -0.08432  -0.11179  -0.00000
    H15      Z    -0.00000   0.01400  -0.13610  -0.00000  -0.00000  -0.12963
    C16      X    -0.09854  -0.00000  -0.00000   0.10308   0.03695   0.00000
    C16      Y     0.00805   0.00000  -0.00000   0.01584  -0.00133   0.00000
    C16      Z    -0.00000  -0.00095  -0.01869  -0.00000  -0.00000  -0.01617
    H17      X    -0.07498   0.00000  -0.00000   0.27580   0.25587   0.00000
    H17      Y     0.01284   0.00000  -0.00000   0.04282   0.03438   0.00000
    H17      Z     0.00000  -0.02882   0.16226   0.00000   0.00000   0.20693
    H18      X    -0.11710  -0.00000   0.00000   0.00607  -0.08673  -0.00000
    H18      Y     0.03188   0.00000  -0.00000   0.15518   0.17394   0.00000
    H18      Z    -0.00000   0.02503  -0.25552  -0.00000  -0.00000  -0.35725
    C19      X     0.02345   0.00000   0.00000  -0.05866  -0.06163  -0.00000
    C19      Y     0.00510  -0.00000  -0.00000   0.02440   0.06278  -0.00000
    C19      Z     0.00000  -0.12096  -0.06205  -0.00000   0.00000  -0.08224
    H20      X     0.12131   0.00000   0.00000  -0.06610  -0.07583  -0.00000
    H20      Y     0.00089  -0.00000  -0.00000   0.02626   0.06384  -0.00000
    H20      Z     0.00000  -0.23270  -0.22566  -0.00000  -0.00000  -0.11253
  
  vibration #           13        14        15        16        17        18
                 --------- --------- --------- --------- --------- ---------
  frequencies       673.67    706.48    735.16    810.37    862.75    895.38
  symmetries       Ag       Au       Bu       Bg       Ag       Bg      
  intensities         0.00      0.44      4.34      0.00      0.00      0.00
  reduc. mass         2.31      0.43      1.16      1.60      1.48      0.29
  force const         0.62      0.13      0.37      0.62      0.65      0.14
    C1       X     0.01277   0.00000   0.00908  -0.00000   0.03207   0.00000
    C1       Y    -0.03825  -0.00000   0.00454  -0.00000   0.01872   0.00000
    C1       Z    -0.00000   0.07029  -0.00000  -0.14295   0.00000   0.00065
    C2       X     0.13606  -0.00000  -0.06531  -0.00000  -0.06970   0.00000
    C2       Y    -0.01961  -0.00000  -0.03676   0.00000   0.10045   0.00000
    C2       Z    -0.00000   0.01627  -0.00000   0.05779   0.00000  -0.06920
    C3       X     0.06501  -0.00000  -0.05906  -0.00000  -0.03528   0.00000
    C3       Y     0.11557   0.00000  -0.06025   0.00000   0.11085  -0.00000
    C3       Z     0.00000   0.01285  -0.00000  -0.05822   0.00000  -0.06484
    C4       X    -0.01277  -0.00000   0.00908  -0.00000  -0.03207  -0.00000
    C4       Y     0.03825   0.00000   0.00454  -0.00000  -0.01872  -0.00000
    C4       Z     0.00000   0.07029  -0.00000   0.14295  -0.00000  -0.00065
    C5       X    -0.13606  -0.00000  -0.06531   0.00000   0.06970  -0.00000
    C5       Y     0.01961  -0.00000  -0.03676  -0.00000  -0.10045   0.00000
    C5       Z    -0.00000   0.01627  -0.00000  -0.05779   0.00000   0.06920
    H6       X     0.11707  -0.00000  -0.09091  -0.00000  -0.11833   0.00000
    H6       Y    -0.04984  -0.00000  -0.08081   0.00000   0.03752   0.00000
    H6       Z     0.00000  -0.25124   0.00000   0.15126  -0.00000   0.44554
    H7       X     0.02034  -0.00000  -0.11277   0.00000   0.06509   0.00000
    H7       Y     0.11740   0.00000  -0.05850   0.00000   0.11489  -0.00000
    H7       Z     0.00000  -0.25650   0.00000  -0.15818  -0.00000   0.43593
    H8       X    -0.11707  -0.00000  -0.09091   0.00000   0.11833   0.00000
    H8       Y     0.04984  -0.00000  -0.08081  -0.00000  -0.03752   0.00000
    H8       Z     0.00000  -0.25124   0.00000  -0.15126  -0.00000  -0.44554
    C9       X    -0.00269   0.00000   0.07405   0.00000   0.03726  -0.00000
    C9       Y     0.02098   0.00000   0.10089   0.00000   0.05152  -0.00000
    C9       Z     0.00000  -0.09562   0.00000  -0.06737   0.00000  -0.00002
    C10      X    -0.01285   0.00000   0.04992   0.00000   0.03408   0.00000
    C10      Y     0.01167   0.00000   0.00995   0.00000   0.01033   0.00000
    C10      Z    -0.00000   0.01386  -0.00000   0.00610  -0.00000  -0.00158
    H11      X    -0.04901  -0.00000  -0.14816   0.00000  -0.10084   0.00000
    H11      Y     0.00564   0.00000  -0.02444  -0.00000  -0.01282   0.00000
    H11      Z     0.00000  -0.20713   0.00000  -0.11368   0.00000  -0.01143
    H12      X    -0.00689   0.00000   0.07509  -0.00000   0.03796  -0.00000
    H12      Y     0.02056   0.00000   0.10523  -0.00000   0.05515  -0.00000
    H12      Z    -0.00000   0.14801  -0.00000   0.08727   0.00000   0.00094
    H13      X     0.00440   0.00000   0.17340   0.00000   0.12646   0.00000
    H13      Y    -0.01300  -0.00000  -0.16026   0.00000  -0.11701  -0.00000
    H13      Z    -0.00000   0.35677  -0.00000   0.22309  -0.00000   0.01814
    C14      X     0.00269   0.00000   0.07405   0.00000  -0.03726   0.00000
    C14      Y    -0.02098   0.00000   0.10089   0.00000  -0.05152   0.00000
    C14      Z     0.00000  -0.09562   0.00000   0.06737  -0.00000   0.00002
    H15      X     0.00689   0.00000   0.07509  -0.00000  -0.03796   0.00000
    H15      Y    -0.02056   0.00000   0.10523   0.00000  -0.05515   0.00000
    H15      Z    -0.00000   0.14801  -0.00000  -0.08727   0.00000  -0.00094
    C16      X     0.01285   0.00000   0.04992   0.00000  -0.03408  -0.00000
    C16      Y    -0.01167   0.00000   0.00995  -0.00000  -0.01033  -0.00000
    C16      Z     0.00000   0.01386  -0.00000  -0.00610  -0.00000   0.00158
    H17      X     0.04901  -0.00000  -0.14816  -0.00000   0.10084   0.00000
    H17      Y    -0.00564  -0.00000  -0.02444  -0.00000   0.01282  -0.00000
    H17      Z     0.00000  -0.20713   0.00000   0.11368   0.00000   0.01143
    H18      X    -0.00440   0.00000   0.17340  -0.00000  -0.12646  -0.00000
    H18      Y     0.01300  -0.00000  -0.16026   0.00000   0.11701   0.00000
    H18      Z    -0.00000   0.35677  -0.00000  -0.22308  -0.00000  -0.01814
    C19      X    -0.06501  -0.00000  -0.05906   0.00000   0.03528   0.00000
    C19      Y    -0.11557  -0.00000  -0.06025  -0.00000  -0.11085  -0.00000
    C19      Z     0.00000   0.01285  -0.00000   0.05822   0.00000   0.06484
    H20      X    -0.02034  -0.00000  -0.11277   0.00000  -0.06509   0.00000
    H20      Y    -0.11740  -0.00000  -0.05850  -0.00000  -0.11489  -0.00000
    H20      Z     0.00000  -0.25650   0.00000   0.15818  -0.00000  -0.43593
  
  vibration #           19        20        21        22        23        24
                 --------- --------- --------- --------- --------- ---------
  frequencies       897.43    980.33    980.44   1019.66   1038.19   1073.58
  symmetries       Au       Bg       Au       Bg       Au       Bu      
  intensities        26.34      0.00     36.22      0.00      0.02      0.58
  reduc. mass         0.46      0.52      0.52      0.28      0.35      1.44
  force const         0.22      0.30      0.30      0.17      0.22      0.98
    C1       X     0.00000  -0.00000   0.00000   0.00000   0.00000  -0.02183
    C1       Y     0.00000   0.00000  -0.00000   0.00000   0.00000  -0.01736
    C1       Z     0.09567  -0.00359  -0.00479  -0.01770   0.00034  -0.00000
    C2       X    -0.00000  -0.00000   0.00000  -0.00000   0.00000   0.06796
    C2       Y     0.00000   0.00000  -0.00000   0.00000   0.00000  -0.09221
    C2       Z    -0.06172  -0.00094   0.00346   0.06535   0.07394  -0.00000
    C3       X    -0.00000   0.00000   0.00000   0.00000   0.00000  -0.03877
    C3       Y     0.00000  -0.00000   0.00000  -0.00000  -0.00000   0.11810
    C3       Z    -0.05689   0.00009  -0.00019  -0.06624  -0.07497  -0.00000
    C4       X    -0.00000   0.00000  -0.00000   0.00000  -0.00000  -0.02183
    C4       Y     0.00000   0.00000  -0.00000   0.00000  -0.00000  -0.01736
    C4       Z     0.09567   0.00356  -0.00481   0.01770   0.00034   0.00000
    C5       X     0.00000  -0.00000  -0.00000  -0.00000  -0.00000   0.06796
    C5       Y    -0.00000  -0.00000   0.00000   0.00000   0.00000  -0.09221
    C5       Z    -0.06172   0.00096   0.00346  -0.06535   0.07394   0.00000
    H6       X    -0.00000  -0.00000   0.00000   0.00000  -0.00000  -0.03490
    H6       Y     0.00000   0.00000  -0.00000   0.00000  -0.00000  -0.26243
    H6       Z     0.35725   0.01097  -0.01860  -0.43225  -0.41993  -0.00000
    H7       X     0.00000   0.00000   0.00000   0.00000   0.00000  -0.20456
    H7       Y     0.00000  -0.00000   0.00000  -0.00000  -0.00000   0.12866
    H7       Z     0.35284  -0.00218   0.00474   0.44660   0.43279   0.00000
    H8       X     0.00000   0.00000  -0.00000  -0.00000   0.00000  -0.03490
    H8       Y    -0.00000   0.00000  -0.00000  -0.00000   0.00000  -0.26243
    H8       Z     0.35725  -0.01107  -0.01854   0.43225  -0.41993   0.00000
    C9       X     0.00000   0.00000  -0.00000  -0.00000  -0.00000  -0.00044
    C9       Y    -0.00000   0.00000  -0.00000  -0.00000  -0.00000  -0.00438
    C9       Z    -0.04753  -0.03570   0.03650  -0.00968  -0.00040  -0.00000
    C10      X     0.00000  -0.00000   0.00000  -0.00000   0.00000   0.01525
    C10      Y    -0.00000  -0.00000   0.00000  -0.00000   0.00000   0.01273
    C10      Z     0.00127   0.10262  -0.10320   0.00164   0.00232   0.00000
    H11      X    -0.00000   0.00000  -0.00000  -0.00000  -0.00000  -0.06578
    H11      Y    -0.00000  -0.00000   0.00000  -0.00000   0.00000  -0.00131
    H11      Z    -0.05622  -0.42269   0.42516  -0.02640  -0.01879   0.00000
    H12      X    -0.00000   0.00000  -0.00000  -0.00000  -0.00000  -0.02675
    H12      Y    -0.00000   0.00000  -0.00000  -0.00000  -0.00000  -0.00640
    H12      Z     0.02764   0.01621  -0.01650  -0.02125  -0.00374   0.00000
    H13      X     0.00000  -0.00000   0.00000  -0.00000   0.00000   0.06787
    H13      Y    -0.00000   0.00000  -0.00000   0.00000  -0.00000  -0.05949
    H13      Z     0.14237  -0.41653   0.41769   0.02679  -0.00508  -0.00000
    C14      X    -0.00000  -0.00000  -0.00000  -0.00000  -0.00000  -0.00044
    C14      Y    -0.00000  -0.00000  -0.00000  -0.00000  -0.00000  -0.00438
    C14      Z    -0.04753   0.03591   0.03629   0.00969  -0.00040   0.00000
    H15      X     0.00000   0.00000  -0.00000  -0.00000  -0.00000  -0.02675
    H15      Y    -0.00000  -0.00000  -0.00000  -0.00000  -0.00000  -0.00640
    H15      Z     0.02764  -0.01631  -0.01640   0.02125  -0.00374  -0.00000
    C16      X    -0.00000   0.00000   0.00000  -0.00000  -0.00000   0.01525
    C16      Y    -0.00000   0.00000   0.00000   0.00000   0.00000   0.01273
    C16      Z     0.00127  -0.10321  -0.10261  -0.00164   0.00232  -0.00000
    H17      X     0.00000   0.00000  -0.00000   0.00000   0.00000  -0.06578
    H17      Y     0.00000   0.00000   0.00000   0.00000  -0.00000  -0.00131
    H17      Z    -0.05622   0.42513   0.42273   0.02640  -0.01879  -0.00000
    H18      X    -0.00000  -0.00000   0.00000  -0.00000  -0.00000   0.06787
    H18      Y     0.00000   0.00000  -0.00000   0.00000   0.00000  -0.05949
    H18      Z     0.14237   0.41892   0.41529  -0.02679  -0.00508   0.00000
    C19      X     0.00000  -0.00000   0.00000   0.00000   0.00000  -0.03877
    C19      Y    -0.00000  -0.00000   0.00000  -0.00000  -0.00000   0.11810
    C19      Z    -0.05689  -0.00009  -0.00019   0.06624  -0.07497   0.00000
    H20      X     0.00000  -0.00000   0.00000   0.00000  -0.00000  -0.20456
    H20      Y    -0.00000  -0.00000   0.00000  -0.00000  -0.00000   0.12866
    H20      Z     0.35284   0.00220   0.00473  -0.44660   0.43279  -0.00000
  
  vibration #           25        26        27        28        29        30
                 --------- --------- --------- --------- --------- ---------
  frequencies      1101.64   1106.03   1106.19   1110.01   1204.97   1262.90
  symmetries       Bu       Au       Bg       Ag       Bu       Ag      
  intensities         8.96     13.30      0.00      0.00      1.48      0.00
  reduc. mass         0.23      0.26      0.26      0.28      0.29      0.24
  force const         0.16      0.18      0.18      0.20      0.25      0.23
    C1       X     0.00831   0.00000  -0.00000   0.04419  -0.05025   0.06225
    C1       Y     0.05173   0.00000  -0.00000   0.03476   0.01446   0.02459
    C1       Z    -0.00000  -0.00084  -0.00185   0.00000  -0.00000  -0.00000
    C2       X     0.02213   0.00000  -0.00000   0.02990   0.07302   0.00280
    C2       Y    -0.04591  -0.00000   0.00000  -0.03208   0.00616  -0.03196
    C2       Z     0.00000   0.00317   0.00214  -0.00000   0.00000  -0.00000
    C3       X    -0.01244  -0.00000   0.00000  -0.01962  -0.03557   0.03382
    C3       Y    -0.02316  -0.00000   0.00000  -0.02764  -0.04047  -0.02784
    C3       Z     0.00000  -0.00306   0.00263   0.00000  -0.00000  -0.00000
    C4       X     0.00831  -0.00000   0.00000  -0.04419  -0.05025  -0.06225
    C4       Y     0.05173  -0.00000  -0.00000  -0.03476   0.01446  -0.02459
    C4       Z     0.00000  -0.00085   0.00185   0.00000   0.00000   0.00000
    C5       X     0.02213  -0.00000  -0.00000  -0.02990   0.07302  -0.00280
    C5       Y    -0.04591   0.00000   0.00000   0.03208   0.00616   0.03196
    C5       Z    -0.00000   0.00318  -0.00213  -0.00000  -0.00000  -0.00000
    H6       X     0.01993   0.00000  -0.00000   0.00084   0.30708  -0.19552
    H6       Y    -0.05979  -0.00000   0.00000  -0.08857   0.36164  -0.34943
    H6       Z     0.00000   0.00303   0.01760   0.00000  -0.00000   0.00000
    H7       X    -0.18108  -0.00000   0.00000  -0.04960  -0.33975   0.46379
    H7       Y    -0.02091  -0.00000   0.00000  -0.03089  -0.04014  -0.04442
    H7       Z    -0.00000   0.00514  -0.02586  -0.00000  -0.00000  -0.00000
    H8       X     0.01993   0.00000  -0.00000  -0.00084   0.30708   0.19552
    H8       Y    -0.05979   0.00000   0.00000   0.08857   0.36164   0.34943
    H8       Z    -0.00000   0.00308  -0.01760  -0.00000   0.00000   0.00000
    C9       X     0.01156  -0.00000  -0.00000  -0.00864  -0.00554   0.01266
    C9       Y     0.05199  -0.00000  -0.00000  -0.04909  -0.00969   0.03087
    C9       Z     0.00000  -0.05834   0.05870   0.00000   0.00000  -0.00000
    C10      X    -0.04381   0.00000   0.00000   0.05654   0.01933   0.00412
    C10      Y    -0.05478   0.00000   0.00000   0.05591   0.01017  -0.00726
    C10      Z    -0.00000   0.00447  -0.00455  -0.00000  -0.00000  -0.00000
    H11      X     0.30258  -0.00001  -0.00000  -0.29901  -0.03968   0.05775
    H11      Y     0.00483  -0.00000  -0.00000  -0.00619  -0.00097   0.00042
    H11      Z    -0.00001   0.31610  -0.31431  -0.00001   0.00000   0.00000
    H12      X     0.27971  -0.00000  -0.00000  -0.26182  -0.02429   0.10412
    H12      Y     0.08053  -0.00000  -0.00000  -0.07478  -0.01051   0.04438
    H12      Z    -0.00002   0.55233  -0.55052  -0.00002  -0.00000   0.00000
    H13      X    -0.25141   0.00001   0.00000   0.27947   0.08486   0.00475
    H13      Y     0.23497  -0.00000  -0.00000  -0.25312  -0.07929  -0.00547
    H13      Z     0.00001  -0.22647   0.22501   0.00001   0.00000   0.00000
    C14      X     0.01156   0.00000  -0.00000   0.00864  -0.00554  -0.01266
    C14      Y     0.05199   0.00000  -0.00000   0.04909  -0.00969  -0.03087
    C14      Z    -0.00000  -0.05820  -0.05884   0.00000   0.00000  -0.00000
    H15      X     0.27971   0.00001  -0.00001   0.26183  -0.02429  -0.10412
    H15      Y     0.08053   0.00000  -0.00000   0.07479  -0.01051  -0.04438
    H15      Z     0.00001   0.55099   0.55185  -0.00001  -0.00000   0.00000
    C16      X    -0.04381  -0.00000   0.00000  -0.05654   0.01933  -0.00412
    C16      Y    -0.05477  -0.00000   0.00000  -0.05592   0.01017   0.00726
    C16      Z     0.00000   0.00445   0.00456  -0.00000  -0.00000   0.00000
    H17      X     0.30258   0.00001  -0.00001   0.29901  -0.03968  -0.05775
    H17      Y     0.00483   0.00000  -0.00000   0.00619  -0.00097  -0.00042
    H17      Z     0.00000   0.31534   0.31507  -0.00000   0.00000   0.00000
    H18      X    -0.25141  -0.00001   0.00001  -0.27947   0.08486  -0.00475
    H18      Y     0.23497   0.00001  -0.00001   0.25312  -0.07929   0.00547
    H18      Z    -0.00000  -0.22593  -0.22556   0.00000   0.00000  -0.00000
    C19      X    -0.01244   0.00000   0.00000   0.01962  -0.03557  -0.03382
    C19      Y    -0.02316   0.00000   0.00000   0.02764  -0.04047   0.02784
    C19      Z    -0.00000  -0.00305  -0.00263   0.00000   0.00000   0.00000
    H20      X    -0.18108   0.00000   0.00000   0.04960  -0.33975  -0.46379
    H20      Y    -0.02091   0.00000   0.00000   0.03089  -0.04014   0.04442
    H20      Z     0.00000   0.00507   0.02587   0.00000  -0.00000  -0.00000
  
  vibration #           31        32        33        34        35        36
                 --------- --------- --------- --------- --------- ---------
  frequencies      1284.88   1296.27   1351.31   1398.63   1420.74   1426.90
  symmetries       Bu       Ag       Bu       Ag       Bu       Ag      
  intensities         0.08      0.00      9.49      0.00      8.25      0.00
  reduc. mass         1.28      1.12      1.45      0.26      0.32      0.20
  force const         1.25      1.11      1.56      0.30      0.38      0.23
    C1       X     0.13610   0.12151  -0.00536  -0.01329   0.01692  -0.01639
    C1       Y     0.00144   0.03863   0.12873   0.07565  -0.01668   0.04590
    C1       Z    -0.00000  -0.00000  -0.00000  -0.00000  -0.00000   0.00000
    C2       X     0.00002   0.06526  -0.04783   0.02820   0.01688   0.01066
    C2       Y     0.05834   0.02574  -0.06432   0.02058   0.02336   0.01749
    C2       Z    -0.00000   0.00000  -0.00000  -0.00000  -0.00000   0.00000
    C3       X    -0.04690  -0.04211   0.09450   0.01216  -0.02806   0.02123
    C3       Y    -0.01467  -0.05368  -0.02470  -0.00188  -0.00927  -0.00405
    C3       Z     0.00000  -0.00000   0.00000   0.00000  -0.00000  -0.00000
    C4       X     0.13610  -0.12151  -0.00536   0.01329   0.01692   0.01639
    C4       Y     0.00144  -0.03863   0.12873  -0.07565  -0.01668  -0.04591
    C4       Z     0.00000   0.00000   0.00000  -0.00000   0.00000   0.00000
    C5       X     0.00002  -0.06526  -0.04783  -0.02820   0.01688  -0.01066
    C5       Y     0.05834  -0.02574  -0.06432  -0.02058   0.02337  -0.01749
    C5       Z     0.00000   0.00000   0.00000  -0.00000  -0.00000  -0.00000
    H6       X    -0.09806   0.18559  -0.04158  -0.16510  -0.01718  -0.13026
    H6       Y    -0.09682   0.19742  -0.05817  -0.29006  -0.03177  -0.20644
    H6       Z     0.00000   0.00000   0.00000   0.00000   0.00000   0.00000
    H7       X    -0.34315  -0.10019  -0.16942  -0.34242   0.01278  -0.25402
    H7       Y    -0.00297  -0.06487  -0.01819   0.00838  -0.01227   0.00336
    H7       Z    -0.00000   0.00000  -0.00000  -0.00000   0.00000   0.00000
    H8       X    -0.09806  -0.18559  -0.04158   0.16510  -0.01719   0.13026
    H8       Y    -0.09682  -0.19742  -0.05817   0.29006  -0.03178   0.20644
    H8       Z    -0.00000   0.00000  -0.00000   0.00000   0.00000   0.00000
    C9       X    -0.00674   0.01427  -0.01674   0.00940   0.00941   0.01478
    C9       Y    -0.03231   0.05217  -0.05495   0.06074  -0.06133  -0.04086
    C9       Z     0.00000   0.00000   0.00000  -0.00000  -0.00000  -0.00000
    C10      X    -0.01984   0.01969   0.00261   0.00785  -0.03273  -0.03342
    C10      Y    -0.00265  -0.01091   0.02886  -0.04604   0.06358   0.05136
    C10      Z     0.00000  -0.00000   0.00000  -0.00000   0.00000   0.00000
    H11      X    -0.04487   0.09560  -0.13140   0.20279  -0.28805  -0.22703
    H11      Y    -0.00456  -0.00141   0.00896  -0.01936   0.03236   0.02887
    H11      Z    -0.00000  -0.00000  -0.00000   0.00000  -0.00000   0.00000
    H12      X    -0.20271   0.21002  -0.02635  -0.25726   0.52413   0.46017
    H12      Y    -0.05941   0.08028  -0.06086   0.03954  -0.01846  -0.00352
    H12      Z    -0.00000   0.00000  -0.00000   0.00000  -0.00000  -0.00000
    H13      X    -0.05707   0.01779   0.04514  -0.02491  -0.02236  -0.02883
    H13      Y     0.04293  -0.00039  -0.03406   0.00646   0.03422   0.03165
    H13      Z    -0.00000   0.00000  -0.00000   0.00000   0.00000   0.00000
    C14      X    -0.00674  -0.01427  -0.01674  -0.00940   0.00941  -0.01478
    C14      Y    -0.03231  -0.05217  -0.05495  -0.06074  -0.06134   0.04086
    C14      Z    -0.00000  -0.00000   0.00000   0.00000   0.00000  -0.00000
    H15      X    -0.20271  -0.21002  -0.02635   0.25726   0.52416  -0.46014
    H15      Y    -0.05941  -0.08028  -0.06086  -0.03954  -0.01846   0.00352
    H15      Z     0.00000   0.00000  -0.00000  -0.00000  -0.00000   0.00000
    C16      X    -0.01984  -0.01969   0.00261  -0.00785  -0.03273   0.03342
    C16      Y    -0.00265   0.01091   0.02886   0.04604   0.06358  -0.05135
    C16      Z    -0.00000   0.00000   0.00000   0.00000   0.00000  -0.00000
    H17      X    -0.04487  -0.09559  -0.13140  -0.20279  -0.28806   0.22702
    H17      Y    -0.00456   0.00141   0.00896   0.01936   0.03236  -0.02886
    H17      Z     0.00000   0.00000  -0.00000  -0.00000  -0.00000   0.00000
    H18      X    -0.05707  -0.01779   0.04514   0.02491  -0.02237   0.02883
    H18      Y     0.04293   0.00039  -0.03406  -0.00646   0.03422  -0.03165
    H18      Z    -0.00000  -0.00000  -0.00000  -0.00000   0.00000  -0.00000
    C19      X    -0.04690   0.04211   0.09450  -0.01216  -0.02805  -0.02124
    C19      Y    -0.01467   0.05368  -0.02470   0.00188  -0.00927   0.00405
    C19      Z    -0.00000  -0.00000   0.00000   0.00000   0.00000  -0.00000
    H20      X    -0.34315   0.10019  -0.16942   0.34242   0.01276   0.25402
    H20      Y    -0.00297   0.06487  -0.01819  -0.00838  -0.01227  -0.00337
    H20      Z     0.00000   0.00000   0.00000  -0.00000   0.00000  -0.00000
  
  vibration #           37        38        39        40        41        42
                 --------- --------- --------- --------- --------- ---------
  frequencies      1515.02   1565.63   1575.29   1641.35   1691.39   1740.04
  symmetries       Bu       Ag       Bu       Bu       Ag       Ag      
  intensities        18.82      0.00      0.56     15.06      0.00      0.00
  reduc. mass         0.78      0.34      0.23      0.85      1.65      1.71
  force const         1.05      0.49      0.34      1.35      2.78      3.05
    C1       X    -0.03045  -0.01971   0.03013   0.08816  -0.05707   0.07379
    C1       Y     0.07882  -0.02639  -0.03116   0.05739   0.12177   0.03288
    C1       Z    -0.00000   0.00000  -0.00000  -0.00000   0.00000  -0.00000
    C2       X     0.09045  -0.00810  -0.02820  -0.01724   0.00363  -0.09041
    C2       Y     0.04173   0.01265   0.01206  -0.08292  -0.09292  -0.07956
    C2       Z    -0.00000   0.00000   0.00000   0.00000  -0.00000  -0.00000
    C3       X    -0.06043   0.02676   0.03281  -0.08608  -0.07632   0.12173
    C3       Y    -0.06647  -0.00248   0.01176   0.02328   0.05256   0.02644
    C3       Z    -0.00000  -0.00000  -0.00000   0.00000   0.00000   0.00000
    C4       X    -0.03045   0.01971   0.03013   0.08816   0.05707  -0.07379
    C4       Y     0.07882   0.02639  -0.03116   0.05739  -0.12177  -0.03288
    C4       Z     0.00000   0.00000   0.00000  -0.00000  -0.00000   0.00000
    C5       X     0.09045   0.00810  -0.02820  -0.01724  -0.00363   0.09041
    C5       Y     0.04173  -0.01264   0.01206  -0.08292   0.09292   0.07956
    C5       Z     0.00000  -0.00000  -0.00000   0.00000   0.00000   0.00000
    H6       X    -0.10697  -0.02729  -0.03772   0.17971   0.12409   0.04693
    H6       Y    -0.29305  -0.01192   0.00932   0.20885   0.07689   0.14918
    H6       Z     0.00000  -0.00000   0.00000  -0.00000  -0.00000   0.00000
    H7       X     0.17647  -0.04502  -0.13010   0.29341   0.12079  -0.15417
    H7       Y    -0.08847  -0.00025   0.02030   0.02015   0.05670   0.04065
    H7       Z    -0.00000   0.00000   0.00000  -0.00000   0.00000  -0.00000
    H8       X    -0.10697   0.02729  -0.03772   0.17971  -0.12409  -0.04693
    H8       Y    -0.29305   0.01192   0.00932   0.20885  -0.07689  -0.14918
    H8       Z    -0.00000  -0.00000   0.00000  -0.00000  -0.00000  -0.00000
    C9       X    -0.04158  -0.08835  -0.07371  -0.01615   0.01289   0.02451
    C9       Y    -0.01359  -0.00417   0.00481  -0.01942   0.00773   0.00260
    C9       Z     0.00000  -0.00000  -0.00000  -0.00000  -0.00000  -0.00000
    C10      X     0.02205  -0.00587  -0.01588  -0.01510  -0.02973  -0.01248
    C10      Y     0.00076   0.01902   0.01945   0.00865   0.00889   0.00361
    C10      Z     0.00000   0.00000   0.00000   0.00000   0.00000  -0.00000
    H11      X     0.09149   0.35872   0.35513   0.05250   0.09729   0.02751
    H11      Y     0.00695   0.06875   0.07165   0.02034   0.03137   0.01209
    H11      Z    -0.00000  -0.00000  -0.00000  -0.00000   0.00000   0.00000
    H12      X    -0.02917   0.18044   0.21485  -0.01370   0.07414  -0.02417
    H12      Y    -0.00975   0.02612   0.03654  -0.02267   0.01151  -0.00298
    H12      Z    -0.00000  -0.00000  -0.00000   0.00000   0.00000   0.00000
    H13      X     0.10593   0.27598   0.25079   0.04062   0.02687   0.00154
    H13      Y    -0.10688  -0.35826  -0.33926  -0.07166  -0.07407  -0.01833
    H13      Z     0.00000   0.00000   0.00000   0.00000   0.00000   0.00000
    C14      X    -0.04158   0.08834  -0.07371  -0.01615  -0.01289  -0.02451
    C14      Y    -0.01359   0.00417   0.00481  -0.01942  -0.00773  -0.00260
    C14      Z     0.00000  -0.00000   0.00000   0.00000   0.00000  -0.00000
    H15      X    -0.02917  -0.18043   0.21486  -0.01370  -0.07414   0.02417
    H15      Y    -0.00975  -0.02612   0.03654  -0.02267  -0.01151   0.00298
    H15      Z    -0.00000   0.00000  -0.00000  -0.00000  -0.00000   0.00000
    C16      X     0.02205   0.00587  -0.01588  -0.01510   0.02973   0.01248
    C16      Y     0.00076  -0.01902   0.01945   0.00865  -0.00889  -0.00361
    C16      Z    -0.00000  -0.00000   0.00000   0.00000  -0.00000   0.00000
    H17      X     0.09148  -0.35871   0.35515   0.05250  -0.09729  -0.02751
    H17      Y     0.00695  -0.06874   0.07165   0.02034  -0.03137  -0.01209
    H17      Z     0.00000  -0.00000   0.00000  -0.00000   0.00000  -0.00000
    H18      X     0.10593  -0.27597   0.25080   0.04062  -0.02687  -0.00154
    H18      Y    -0.10688   0.35825  -0.33927  -0.07166   0.07407   0.01833
    H18      Z    -0.00000   0.00000  -0.00000  -0.00000  -0.00000  -0.00000
    C19      X    -0.06043  -0.02676   0.03282  -0.08608   0.07632  -0.12173
    C19      Y    -0.06647   0.00248   0.01176   0.02328  -0.05256  -0.02644
    C19      Z     0.00000  -0.00000   0.00000   0.00000   0.00000  -0.00000
    H20      X     0.17647   0.04502  -0.13010   0.29341  -0.12079   0.15417
    H20      Y    -0.08847   0.00025   0.02030   0.02015  -0.05670  -0.04065
    H20      Z     0.00000  -0.00000   0.00000   0.00000  -0.00000   0.00000
  
  vibration #           43        44        45        46        47        48
                 --------- --------- --------- --------- --------- ---------
  frequencies      1814.48   1815.37   3396.56   3397.28   3437.84   3437.88
  symmetries       Ag       Bu       Bu       Ag       Bu       Ag      
  intensities         0.00      1.49     98.23      0.00      4.41      0.00
  reduc. mass         1.73      1.89      0.22      0.22      0.41      0.41
  force const         3.35      3.68      1.47      1.48      2.84      2.85
    C1       X    -0.01895  -0.02818   0.00001  -0.00002   0.00134  -0.00134
    C1       Y     0.02687   0.00568  -0.00018  -0.00018   0.00085  -0.00083
    C1       Z    -0.00000  -0.00000   0.00000   0.00000  -0.00000   0.00000
    C2       X    -0.01397   0.00967  -0.00117  -0.00085  -0.00035  -0.00097
    C2       Y    -0.02904   0.00325   0.00086   0.00079   0.00072   0.00047
    C2       Z    -0.00000  -0.00000  -0.00000   0.00000  -0.00000   0.00000
    C3       X     0.01390  -0.00361   0.00017  -0.00019  -0.00005  -0.00009
    C3       Y     0.01599  -0.00620  -0.00080   0.00022  -0.00260  -0.00303
    C3       Z    -0.00000  -0.00000  -0.00000   0.00000  -0.00000   0.00000
    C4       X     0.01895  -0.02818   0.00001   0.00002   0.00134   0.00134
    C4       Y    -0.02687   0.00568  -0.00018   0.00018   0.00085   0.00083
    C4       Z    -0.00000   0.00000  -0.00000   0.00000   0.00000   0.00000
    C5       X     0.01397   0.00967  -0.00117   0.00085  -0.00035   0.00097
    C5       Y     0.02904   0.00325   0.00086  -0.00079   0.00072  -0.00047
    C5       Z     0.00000  -0.00000   0.00000   0.00000   0.00000  -0.00000
    H6       X     0.01394  -0.00960   0.01155   0.00784   0.00743   0.00893
    H6       Y     0.01243  -0.03208  -0.00794  -0.00558  -0.00499  -0.00597
    H6       Z     0.00000   0.00000  -0.00000  -0.00000   0.00000  -0.00000
    H7       X    -0.01045   0.00927  -0.00005   0.00008  -0.00023   0.00007
    H7       Y     0.02028  -0.00873   0.00973  -0.00195   0.02975   0.03509
    H7       Z     0.00000  -0.00000   0.00000  -0.00000   0.00000   0.00000
    H8       X    -0.01394  -0.00960   0.01155  -0.00784   0.00744  -0.00892
    H8       Y    -0.01244  -0.03208  -0.00795   0.00558  -0.00500   0.00597
    H8       Z    -0.00000   0.00000   0.00000   0.00000   0.00000  -0.00000
    C9       X    -0.12600   0.13051  -0.00409   0.00408   0.00960   0.00959
    C9       Y     0.03322  -0.03111  -0.01189   0.01178  -0.05785  -0.05795
    C9       Z     0.00000   0.00000   0.00000  -0.00000   0.00000   0.00000
    C10      X     0.11200  -0.11397   0.04360  -0.04362  -0.01333  -0.01315
    C10      Y    -0.04321   0.04344  -0.01728   0.01725   0.00988   0.00985
    C10      Z    -0.00000   0.00000  -0.00000   0.00000   0.00000  -0.00000
    H11      X    -0.16547   0.16956  -0.07074   0.07083   0.01946   0.01920
    H11      Y    -0.10779   0.10941   0.45952  -0.45998  -0.14045  -0.13883
    H11      Z     0.00000  -0.00000  -0.00000   0.00000  -0.00000  -0.00000
    H12      X     0.12475  -0.12141  -0.01777   0.01747  -0.06544  -0.06555
    H12      Y     0.07498  -0.07296   0.16662  -0.16459   0.64650   0.64753
    H12      Z     0.00000  -0.00000   0.00000  -0.00000  -0.00000  -0.00000
    H13      X    -0.02000   0.01854  -0.38160   0.38178   0.07205   0.07044
    H13      Y     0.17399  -0.17498  -0.27922   0.27947   0.05263   0.05145
    H13      Z    -0.00000   0.00000   0.00000  -0.00000  -0.00000  -0.00000
    C14      X     0.12601   0.13049  -0.00409  -0.00408   0.00961  -0.00958
    C14      Y    -0.03322  -0.03111  -0.01189  -0.01178  -0.05791   0.05789
    C14      Z    -0.00000  -0.00000   0.00000  -0.00000   0.00000  -0.00000
    H15      X    -0.12476  -0.12139  -0.01777  -0.01748  -0.06551   0.06548
    H15      Y    -0.07499  -0.07295   0.16658   0.16462   0.64716  -0.64686
    H15      Z    -0.00000  -0.00000  -0.00000  -0.00000  -0.00000   0.00000
    C16      X    -0.11202  -0.11395   0.04359   0.04363  -0.01334   0.01313
    C16      Y     0.04322   0.04344  -0.01728  -0.01725   0.00989  -0.00984
    C16      Z     0.00000   0.00000   0.00000   0.00000  -0.00000  -0.00000
    H17      X     0.16549   0.16954  -0.07073  -0.07084   0.01948  -0.01918
    H17      Y     0.10780   0.10939   0.45943   0.46008  -0.14059   0.13868
    H17      Z     0.00000   0.00000   0.00000   0.00000   0.00000  -0.00000
    H18      X     0.02000   0.01854  -0.38152  -0.38185   0.07212  -0.07036
    H18      Y    -0.17401  -0.17496  -0.27916  -0.27953   0.05269  -0.05139
    H18      Z    -0.00000  -0.00000  -0.00000  -0.00000   0.00000  -0.00000
    C19      X    -0.01390  -0.00360   0.00017   0.00019  -0.00005   0.00009
    C19      Y    -0.01599  -0.00620  -0.00080  -0.00022  -0.00261   0.00303
    C19      Z    -0.00000   0.00000   0.00000   0.00000   0.00000   0.00000
    H20      X     0.01045   0.00927  -0.00005  -0.00008  -0.00023  -0.00007
    H20      Y    -0.02028  -0.00873   0.00973   0.00195   0.02979  -0.03507
    H20      Z     0.00000   0.00000  -0.00000  -0.00000  -0.00000   0.00000
  
  vibration #           49        50        51        52        53        54
                 --------- --------- --------- --------- --------- ---------
  frequencies      3446.94   3450.46   3466.83   3469.77   3548.44   3548.45
  symmetries       Bu       Ag       Bu       Ag       Bu       Ag      
  intensities         0.78      0.00      5.84      0.00      0.00      0.00
  reduc. mass         0.30      0.30      0.30      0.30      0.27      0.27
  force const         2.07      2.09      2.11      2.13      1.99      1.99
    C1       X    -0.00231  -0.00218   0.00143  -0.00170   0.00036  -0.00036
    C1       Y     0.00000   0.00212  -0.00358  -0.00189  -0.00003   0.00004
    C1       Z     0.00000   0.00000  -0.00000  -0.00000   0.00000  -0.00000
    C2       X    -0.02209   0.02200  -0.04564  -0.04585   0.00030  -0.00041
    C2       Y     0.01723  -0.01664   0.02715   0.02753  -0.00019   0.00024
    C2       Z     0.00000  -0.00000  -0.00000  -0.00000   0.00000  -0.00000
    C3       X    -0.00013   0.00053   0.00364   0.00320  -0.00003   0.00003
    C3       Y    -0.05191   0.05205   0.03014   0.03024   0.00003   0.00011
    C3       Z     0.00000  -0.00000   0.00000   0.00000   0.00000   0.00000
    C4       X    -0.00231   0.00218   0.00143   0.00170   0.00035   0.00036
    C4       Y     0.00000  -0.00212  -0.00358   0.00189  -0.00003  -0.00004
    C4       Z    -0.00000  -0.00000  -0.00000   0.00000   0.00000   0.00000
    C5       X    -0.02209  -0.02199  -0.04564   0.04585   0.00029   0.00042
    C5       Y     0.01723   0.01664   0.02715  -0.02753  -0.00019  -0.00024
    C5       Z    -0.00000   0.00000  -0.00000  -0.00000   0.00000   0.00000
    H6       X     0.27511  -0.27344   0.49670   0.49763  -0.00434   0.00545
    H6       Y    -0.17662   0.17461  -0.31487  -0.31583   0.00316  -0.00382
    H6       Z    -0.00000   0.00000   0.00000   0.00000  -0.00000   0.00000
    H7       X     0.01616  -0.01666  -0.01060  -0.00990  -0.00010  -0.00004
    H7       Y     0.58840  -0.58968  -0.32445  -0.32139   0.00008  -0.00070
    H7       Z    -0.00000   0.00000  -0.00000  -0.00000   0.00000   0.00000
    H8       X     0.27510   0.27344   0.49671  -0.49762  -0.00426  -0.00551
    H8       Y    -0.17662  -0.17461  -0.31487   0.31583   0.00311   0.00386
    H8       Z     0.00000  -0.00000   0.00000  -0.00000  -0.00000  -0.00000
    C9       X    -0.00054   0.00043  -0.00011   0.00023   0.00044   0.00046
    C9       Y     0.00300  -0.00298  -0.00022  -0.00098  -0.00332  -0.00338
    C9       Z     0.00000  -0.00000   0.00000  -0.00000  -0.00000  -0.00000
    C10      X    -0.00039  -0.00104  -0.00080   0.00066  -0.02592  -0.02629
    C10      Y    -0.00038   0.00020  -0.00038   0.00060  -0.06120  -0.06206
    C10      Z     0.00000   0.00000   0.00000  -0.00000   0.00000   0.00000
    H11      X     0.00021   0.00100   0.00029   0.00015  -0.07566  -0.07674
    H11      Y    -0.00263  -0.00794  -0.00391   0.00114   0.45776   0.46425
    H11      Z    -0.00000  -0.00000  -0.00000   0.00000   0.00000   0.00000
    H12      X     0.00456  -0.00393  -0.00008  -0.00222  -0.00569  -0.00579
    H12      Y    -0.03243   0.03396   0.00509   0.00856   0.03770   0.03833
    H12      Z    -0.00000   0.00000  -0.00000   0.00000   0.00000   0.00000
    H13      X     0.00706   0.00673   0.00763  -0.00833   0.38182   0.38724
    H13      Y     0.00486   0.00499   0.00554  -0.00572   0.27177   0.27562
    H13      Z    -0.00000  -0.00000  -0.00000   0.00000  -0.00000  -0.00000
    C14      X    -0.00054  -0.00043  -0.00011  -0.00023   0.00045  -0.00045
    C14      Y     0.00301   0.00298  -0.00022   0.00098  -0.00336   0.00333
    C14      Z    -0.00000   0.00000   0.00000  -0.00000  -0.00000  -0.00000
    H15      X     0.00457   0.00393  -0.00008   0.00222  -0.00577   0.00571
    H15      Y    -0.03244  -0.03397   0.00510  -0.00856   0.03823  -0.03779
    H15      Z    -0.00000  -0.00000   0.00000   0.00000  -0.00000  -0.00000
    C16      X    -0.00039   0.00104  -0.00080  -0.00066  -0.02629   0.02592
    C16      Y    -0.00038  -0.00020  -0.00038  -0.00060  -0.06206   0.06119
    C16      Z    -0.00000  -0.00000  -0.00000  -0.00000  -0.00000   0.00000
    H17      X     0.00021  -0.00100   0.00029  -0.00015  -0.07674   0.07566
    H17      Y    -0.00263   0.00795  -0.00391  -0.00114   0.46426  -0.45775
    H17      Z     0.00000  -0.00000   0.00000   0.00000   0.00000  -0.00000
    H18      X     0.00706  -0.00673   0.00763   0.00833   0.38724  -0.38181
    H18      Y     0.00486  -0.00499   0.00554   0.00572   0.27563  -0.27176
    H18      Z     0.00000  -0.00000   0.00000   0.00000   0.00000  -0.00000
    C19      X    -0.00013  -0.00053   0.00364  -0.00320  -0.00003  -0.00003
    C19      Y    -0.05191  -0.05205   0.03014  -0.03024   0.00003  -0.00011
    C19      Z    -0.00000  -0.00000   0.00000   0.00000  -0.00000   0.00000
    H20      X     0.01616   0.01666  -0.01060   0.00990  -0.00010   0.00004
    H20      Y     0.58840   0.58969  -0.32445   0.32139   0.00007   0.00071
    H20      Z     0.00000   0.00000  -0.00000   0.00000   0.00000   0.00000
  
  Number of imaginary frequencies:   0
   
  Writing vibrational animation data to dvb_ir.vib
  Writing IR vibrational spectrum data to dvb_ir_vib.spm
  rotational symmetry number:  2

  rotational temperatures (K):      0.222036      0.032872      0.028633
   
  The Quasi-Harmonic approximation will be applied to compute
  vibrational constributions to thermodynamic properties.
  Frequencies will be adjusted to a minimum value of  100.00 cm^-1.

  vibrational temperatures:
       mode:      1        2        3        4        5        6
  temp. (K):   143.88   143.88   215.37   258.16   379.14   429.94
   
       mode:      7        8        9       10       11       12
  temp. (K):   586.48   610.63   673.37   700.34   832.34   944.39
   
       mode:     13       14       15       16       17       18
  temp. (K):   969.26  1016.47  1057.74  1165.94  1241.31  1288.25
   
       mode:     19       20       21       22       23       24
  temp. (K):  1291.20  1410.48  1410.63  1467.07  1493.72  1544.64
   
       mode:     25       26       27       28       29       30
  temp. (K):  1585.01  1591.33  1591.55  1597.06  1733.69  1817.03
   
       mode:     31       32       33       34       35       36
  temp. (K):  1848.65  1865.04  1944.23  2012.32  2044.13  2052.98
   
       mode:     37       38       39       40       41       42
  temp. (K):  2179.77  2252.59  2266.49  2361.53  2433.52  2503.52
   
       mode:     43       44       45       46       47       48
  temp. (K):  2610.63  2611.91  4886.89  4887.92  4946.28  4946.34
   
       mode:     49       50       51       52       53       54
  temp. (K):  4959.37  4964.43  4987.99  4992.22  5105.40  5105.42
   
   
  Thermodynamic properties calculated assuming an ideal gas.


  In the table below, the units for temperature
  are kelvins, the units for U, H, and G are
  kcal/mol and the units for Cv and S are cal/(mol K)

  The zero point energy (ZPE):    111.244 kcal/mol
  is not included in U, H, or G in the table below
  
 
  =============================================================================
  Thermodynamic properties for P = 1.00E+00 atm, calculated at   1 temperatures


  T =   298.15 K, P = 1.00E+00 atm
   
  Ideal Gas
                  U         Cv          S          H          G        ln(Q)
              =========  =========  =========  =========  =========  =========
  trans.          0.889      2.981     40.502      1.481    -10.594   17.88133
  rot.            0.889      2.981     28.143      0.889     -7.502   12.66224
  vib.            3.718     27.552     21.561      3.718     -2.710    4.57405
  elec.           0.000      0.000      0.000      0.000      0.000    0.00000
  ----------------------------------------------------------------------------
  total           5.496     33.514     90.207      6.088    -20.807   35.11762
   
   Total internal energy, Utot(SCFE + ZPE + U):    -382.122222 hartrees
   Total enthalpy, Htot (Utot + nRT), with n=1:    -382.121278 hartrees
    Total Gibbs free energy, Gtot (Htot - T*S):    -382.164138 hartrees
   
  end of program freq
   
 Time(freq)  user:       0.125  user+sys:       0.125  wallclock:       0.317

 Total cpu seconds     user:      41.880   user+sys:      41.880
  
 Total elapsed time:    51 seconds

Job dvb_ir completed on anonymized-host at Wed Jul 29 10:55:21 2026
