Job dvb_un_sp_hf started on anonymized-host at Wed Jul 29 10:54:32 2026
jobid: 676d3cda-8b5d-11f1-b93e-00be43be7bed

  +------------------------------------------------------------------------+
  |  Jaguar version 13.3, release 113                                      |
  |                                                                        |
  |  Copyright Schrodinger, Inc.                                           |
  |  All Rights Reserved.                                                  |
  |                                                                        |
  |  The following have contributed to Jaguar (listed alphabetically):     |
  |  Ty Balduf, Mike Beachy, Chandler Bennett, Art Bochevarov,             |
  |  Dale Braden, Yixiang Cao, Alan Chien, Chris Cortis,                   |
  |  Rich Friesner, Jim Furness, Bill Goddard, Hod Greeley,                |
  |  Tom Hughes, Leif Jacobson, Jean-Marc Langlois, Daniel Levine,         |
  |  Daniel Mainz, Rob Murphy, Dean Philipp, Tom Pollard,                  |
  |  Murco Ringnalda, Pablo Videla, Mark Watson, Haoyu Yu.                 |
  |                                                                        |
  |  Use of this program should be acknowledged in publications as:        |
  |                                                                        |
  |  Jaguar, version 13.3, Schrodinger, Inc., New York, NY, 2026.          |
  |                                                                        |
  |  Y. Cao, T. Balduf, M. D. Beachy, M. C. Bennett, A. D. Bochevarov,     |
  |  A. Chien, P. A. Dub, K. G. Dyall, J. W. Furness, M. D. Halls,         |
  |  T. F. Hughes, L. D. Jacobson, H. S. Kwak, D. S. Levine, D. T. Mainz,  |
  |  K. B. Moore, M. Svensson, P. E. Videla, M. A. Watson, R. A. Friesner, |
  |  "Quantum chemical package Jaguar: A survey of recent developments     |
  |  and unique features", J. Chem. Phys. 161, 052502 (2024).              |
  |  DOI: 10.1063/5.0213317                                                |
  +------------------------------------------------------------------------+
  
  start of program pre
  
  Job name: dvb_un_sp_hf
  Executables used: /scr/shared/builds/2026-3/build/jaguar-v13.3/bin/Linux-x86_64
  Temporary files : /scr/shared/jobs/676d3cda-8b5d-11f1-b93e-00be43be7bed
  Basis file : using default basis file from /scr/shared/builds/2026-3/build
  Maestro file (input):  dvb_un_sp_hf.mae
  Maestro file (output): dvb_un_sp_hf.01.mae
  
 Contents of input file: &gen and (if present) &atomic sections only
 ----------------Contents start----------------
&gen
ip102=3
iuhf=1
basis=sto-3g
ip1=2
molchg=1
multip=2
mulken=1
&
 -----------------Contents end-----------------
 
  basis set:               sto-3g                          
  net molecular charge:    1
  multiplicity:            2
  
  number of basis functions....           60
  
  Basis set name for each atom
  
  Atom     Basis 
  C1       sto-3g                          
  C2       sto-3g                          
  C3       sto-3g                          
  C4       sto-3g                          
  C5       sto-3g                          
  H6       sto-3g                          
  H7       sto-3g                          
  H8       sto-3g                          
  C9       sto-3g                          
  C10      sto-3g                          
  H11      sto-3g                          
  H12      sto-3g                          
  H13      sto-3g                          
  C14      sto-3g                          
  H15      sto-3g                          
  C16      sto-3g                          
  H17      sto-3g                          
  H18      sto-3g                          
  C19      sto-3g                          
  H20      sto-3g                          
  
  Gaussian basis set information
  
                                                        renorm    mfac*renorm
   atom    fn   prim  L        z            coef         coef         coef
 -------- ----- ---- --- -------------  -----------  -----------  -----------
 C1           1    1   S  7.161684E+01   1.5433E-01   2.7078E+00   2.7078E+00
 C1           1    2   S  1.304510E+01   5.3533E-01   2.6189E+00   2.6189E+00
 C1           1    3   S  3.530512E+00   4.4463E-01   8.1619E-01   8.1619E-01
 C1           2    4   S  2.941249E+00  -9.9967E-02  -1.6002E-01  -1.6002E-01
 C1           2    5   S  6.834831E-01   3.9951E-01   2.1404E-01   2.1404E-01
 C1           2    6   S  2.222899E-01   7.0012E-01   1.6154E-01   1.6154E-01
 C1           3    7   X  2.941249E+00   1.5592E-01   8.5604E-01   8.5604E-01
              4        Y                                           8.5604E-01
              5        Z                                           8.5604E-01
 C1           3    8   X  6.834831E-01   6.0768E-01   5.3830E-01   5.3830E-01
              4        Y                                           5.3830E-01
              5        Z                                           5.3830E-01
 C1           3    9   X  2.222899E-01   3.9196E-01   8.5276E-02   8.5276E-02
              4        Y                                           8.5276E-02
              5        Z                                           8.5276E-02
 C2           6    1   S  7.161684E+01   1.5433E-01   2.7078E+00   2.7078E+00
 C2           6    2   S  1.304510E+01   5.3533E-01   2.6189E+00   2.6189E+00
 C2           6    3   S  3.530512E+00   4.4463E-01   8.1619E-01   8.1619E-01
 C2           7    4   S  2.941249E+00  -9.9967E-02  -1.6002E-01  -1.6002E-01
 C2           7    5   S  6.834831E-01   3.9951E-01   2.1404E-01   2.1404E-01
 C2           7    6   S  2.222899E-01   7.0012E-01   1.6154E-01   1.6154E-01
 C2           8    7   X  2.941249E+00   1.5592E-01   8.5604E-01   8.5604E-01
              9        Y                                           8.5604E-01
             10        Z                                           8.5604E-01
 C2           8    8   X  6.834831E-01   6.0768E-01   5.3830E-01   5.3830E-01
              9        Y                                           5.3830E-01
             10        Z                                           5.3830E-01
 C2           8    9   X  2.222899E-01   3.9196E-01   8.5276E-02   8.5276E-02
              9        Y                                           8.5276E-02
             10        Z                                           8.5276E-02
 C3          11    1   S  7.161684E+01   1.5433E-01   2.7078E+00   2.7078E+00
 C3          11    2   S  1.304510E+01   5.3533E-01   2.6189E+00   2.6189E+00
 C3          11    3   S  3.530512E+00   4.4463E-01   8.1619E-01   8.1619E-01
 C3          12    4   S  2.941249E+00  -9.9967E-02  -1.6002E-01  -1.6002E-01
 C3          12    5   S  6.834831E-01   3.9951E-01   2.1404E-01   2.1404E-01
 C3          12    6   S  2.222899E-01   7.0012E-01   1.6154E-01   1.6154E-01
 C3          13    7   X  2.941249E+00   1.5592E-01   8.5604E-01   8.5604E-01
             14        Y                                           8.5604E-01
             15        Z                                           8.5604E-01
 C3          13    8   X  6.834831E-01   6.0768E-01   5.3830E-01   5.3830E-01
             14        Y                                           5.3830E-01
             15        Z                                           5.3830E-01
 C3          13    9   X  2.222899E-01   3.9196E-01   8.5276E-02   8.5276E-02
             14        Y                                           8.5276E-02
             15        Z                                           8.5276E-02
 C4          16    1   S  7.161684E+01   1.5433E-01   2.7078E+00   2.7078E+00
 C4          16    2   S  1.304510E+01   5.3533E-01   2.6189E+00   2.6189E+00
 C4          16    3   S  3.530512E+00   4.4463E-01   8.1619E-01   8.1619E-01
 C4          17    4   S  2.941249E+00  -9.9967E-02  -1.6002E-01  -1.6002E-01
 C4          17    5   S  6.834831E-01   3.9951E-01   2.1404E-01   2.1404E-01
 C4          17    6   S  2.222899E-01   7.0012E-01   1.6154E-01   1.6154E-01
 C4          18    7   X  2.941249E+00   1.5592E-01   8.5604E-01   8.5604E-01
             19        Y                                           8.5604E-01
             20        Z                                           8.5604E-01
 C4          18    8   X  6.834831E-01   6.0768E-01   5.3830E-01   5.3830E-01
             19        Y                                           5.3830E-01
             20        Z                                           5.3830E-01
 C4          18    9   X  2.222899E-01   3.9196E-01   8.5276E-02   8.5276E-02
             19        Y                                           8.5276E-02
             20        Z                                           8.5276E-02
 C5          21    1   S  7.161684E+01   1.5433E-01   2.7078E+00   2.7078E+00
 C5          21    2   S  1.304510E+01   5.3533E-01   2.6189E+00   2.6189E+00
 C5          21    3   S  3.530512E+00   4.4463E-01   8.1619E-01   8.1619E-01
 C5          22    4   S  2.941249E+00  -9.9967E-02  -1.6002E-01  -1.6002E-01
 C5          22    5   S  6.834831E-01   3.9951E-01   2.1404E-01   2.1404E-01
 C5          22    6   S  2.222899E-01   7.0012E-01   1.6154E-01   1.6154E-01
 C5          23    7   X  2.941249E+00   1.5592E-01   8.5604E-01   8.5604E-01
             24        Y                                           8.5604E-01
             25        Z                                           8.5604E-01
 C5          23    8   X  6.834831E-01   6.0768E-01   5.3830E-01   5.3830E-01
             24        Y                                           5.3830E-01
             25        Z                                           5.3830E-01
 C5          23    9   X  2.222899E-01   3.9196E-01   8.5276E-02   8.5276E-02
             24        Y                                           8.5276E-02
             25        Z                                           8.5276E-02
 H6          26    1   S  3.425251E+00   1.5433E-01   2.7693E-01   2.7693E-01
 H6          26    2   S  6.239137E-01   5.3533E-01   2.6784E-01   2.6784E-01
 H6          26    3   S  1.688554E-01   4.4463E-01   8.3474E-02   8.3474E-02
 H7          27    1   S  3.425251E+00   1.5433E-01   2.7693E-01   2.7693E-01
 H7          27    2   S  6.239137E-01   5.3533E-01   2.6784E-01   2.6784E-01
 H7          27    3   S  1.688554E-01   4.4463E-01   8.3474E-02   8.3474E-02
 H8          28    1   S  3.425251E+00   1.5433E-01   2.7693E-01   2.7693E-01
 H8          28    2   S  6.239137E-01   5.3533E-01   2.6784E-01   2.6784E-01
 H8          28    3   S  1.688554E-01   4.4463E-01   8.3474E-02   8.3474E-02
 C9          29    1   S  7.161684E+01   1.5433E-01   2.7078E+00   2.7078E+00
 C9          29    2   S  1.304510E+01   5.3533E-01   2.6189E+00   2.6189E+00
 C9          29    3   S  3.530512E+00   4.4463E-01   8.1619E-01   8.1619E-01
 C9          30    4   S  2.941249E+00  -9.9967E-02  -1.6002E-01  -1.6002E-01
 C9          30    5   S  6.834831E-01   3.9951E-01   2.1404E-01   2.1404E-01
 C9          30    6   S  2.222899E-01   7.0012E-01   1.6154E-01   1.6154E-01
 C9          31    7   X  2.941249E+00   1.5592E-01   8.5604E-01   8.5604E-01
             32        Y                                           8.5604E-01
             33        Z                                           8.5604E-01
 C9          31    8   X  6.834831E-01   6.0768E-01   5.3830E-01   5.3830E-01
             32        Y                                           5.3830E-01
             33        Z                                           5.3830E-01
 C9          31    9   X  2.222899E-01   3.9196E-01   8.5276E-02   8.5276E-02
             32        Y                                           8.5276E-02
             33        Z                                           8.5276E-02
 C10         34    1   S  7.161684E+01   1.5433E-01   2.7078E+00   2.7078E+00
 C10         34    2   S  1.304510E+01   5.3533E-01   2.6189E+00   2.6189E+00
 C10         34    3   S  3.530512E+00   4.4463E-01   8.1619E-01   8.1619E-01
 C10         35    4   S  2.941249E+00  -9.9967E-02  -1.6002E-01  -1.6002E-01
 C10         35    5   S  6.834831E-01   3.9951E-01   2.1404E-01   2.1404E-01
 C10         35    6   S  2.222899E-01   7.0012E-01   1.6154E-01   1.6154E-01
 C10         36    7   X  2.941249E+00   1.5592E-01   8.5604E-01   8.5604E-01
             37        Y                                           8.5604E-01
             38        Z                                           8.5604E-01
 C10         36    8   X  6.834831E-01   6.0768E-01   5.3830E-01   5.3830E-01
             37        Y                                           5.3830E-01
             38        Z                                           5.3830E-01
 C10         36    9   X  2.222899E-01   3.9196E-01   8.5276E-02   8.5276E-02
             37        Y                                           8.5276E-02
             38        Z                                           8.5276E-02
 H11         39    1   S  3.425251E+00   1.5433E-01   2.7693E-01   2.7693E-01
 H11         39    2   S  6.239137E-01   5.3533E-01   2.6784E-01   2.6784E-01
 H11         39    3   S  1.688554E-01   4.4463E-01   8.3474E-02   8.3474E-02
 H12         40    1   S  3.425251E+00   1.5433E-01   2.7693E-01   2.7693E-01
 H12         40    2   S  6.239137E-01   5.3533E-01   2.6784E-01   2.6784E-01
 H12         40    3   S  1.688554E-01   4.4463E-01   8.3474E-02   8.3474E-02
 H13         41    1   S  3.425251E+00   1.5433E-01   2.7693E-01   2.7693E-01
 H13         41    2   S  6.239137E-01   5.3533E-01   2.6784E-01   2.6784E-01
 H13         41    3   S  1.688554E-01   4.4463E-01   8.3474E-02   8.3474E-02
 C14         42    1   S  7.161684E+01   1.5433E-01   2.7078E+00   2.7078E+00
 C14         42    2   S  1.304510E+01   5.3533E-01   2.6189E+00   2.6189E+00
 C14         42    3   S  3.530512E+00   4.4463E-01   8.1619E-01   8.1619E-01
 C14         43    4   S  2.941249E+00  -9.9967E-02  -1.6002E-01  -1.6002E-01
 C14         43    5   S  6.834831E-01   3.9951E-01   2.1404E-01   2.1404E-01
 C14         43    6   S  2.222899E-01   7.0012E-01   1.6154E-01   1.6154E-01
 C14         44    7   X  2.941249E+00   1.5592E-01   8.5604E-01   8.5604E-01
             45        Y                                           8.5604E-01
             46        Z                                           8.5604E-01
 C14         44    8   X  6.834831E-01   6.0768E-01   5.3830E-01   5.3830E-01
             45        Y                                           5.3830E-01
             46        Z                                           5.3830E-01
 C14         44    9   X  2.222899E-01   3.9196E-01   8.5276E-02   8.5276E-02
             45        Y                                           8.5276E-02
             46        Z                                           8.5276E-02
 H15         47    1   S  3.425251E+00   1.5433E-01   2.7693E-01   2.7693E-01
 H15         47    2   S  6.239137E-01   5.3533E-01   2.6784E-01   2.6784E-01
 H15         47    3   S  1.688554E-01   4.4463E-01   8.3474E-02   8.3474E-02
 C16         48    1   S  7.161684E+01   1.5433E-01   2.7078E+00   2.7078E+00
 C16         48    2   S  1.304510E+01   5.3533E-01   2.6189E+00   2.6189E+00
 C16         48    3   S  3.530512E+00   4.4463E-01   8.1619E-01   8.1619E-01
 C16         49    4   S  2.941249E+00  -9.9967E-02  -1.6002E-01  -1.6002E-01
 C16         49    5   S  6.834831E-01   3.9951E-01   2.1404E-01   2.1404E-01
 C16         49    6   S  2.222899E-01   7.0012E-01   1.6154E-01   1.6154E-01
 C16         50    7   X  2.941249E+00   1.5592E-01   8.5604E-01   8.5604E-01
             51        Y                                           8.5604E-01
             52        Z                                           8.5604E-01
 C16         50    8   X  6.834831E-01   6.0768E-01   5.3830E-01   5.3830E-01
             51        Y                                           5.3830E-01
             52        Z                                           5.3830E-01
 C16         50    9   X  2.222899E-01   3.9196E-01   8.5276E-02   8.5276E-02
             51        Y                                           8.5276E-02
             52        Z                                           8.5276E-02
 H17         53    1   S  3.425251E+00   1.5433E-01   2.7693E-01   2.7693E-01
 H17         53    2   S  6.239137E-01   5.3533E-01   2.6784E-01   2.6784E-01
 H17         53    3   S  1.688554E-01   4.4463E-01   8.3474E-02   8.3474E-02
 H18         54    1   S  3.425251E+00   1.5433E-01   2.7693E-01   2.7693E-01
 H18         54    2   S  6.239137E-01   5.3533E-01   2.6784E-01   2.6784E-01
 H18         54    3   S  1.688554E-01   4.4463E-01   8.3474E-02   8.3474E-02
 C19         55    1   S  7.161684E+01   1.5433E-01   2.7078E+00   2.7078E+00
 C19         55    2   S  1.304510E+01   5.3533E-01   2.6189E+00   2.6189E+00
 C19         55    3   S  3.530512E+00   4.4463E-01   8.1619E-01   8.1619E-01
 C19         56    4   S  2.941249E+00  -9.9967E-02  -1.6002E-01  -1.6002E-01
 C19         56    5   S  6.834831E-01   3.9951E-01   2.1404E-01   2.1404E-01
 C19         56    6   S  2.222899E-01   7.0012E-01   1.6154E-01   1.6154E-01
 C19         57    7   X  2.941249E+00   1.5592E-01   8.5604E-01   8.5604E-01
             58        Y                                           8.5604E-01
             59        Z                                           8.5604E-01
 C19         57    8   X  6.834831E-01   6.0768E-01   5.3830E-01   5.3830E-01
             58        Y                                           5.3830E-01
             59        Z                                           5.3830E-01
 C19         57    9   X  2.222899E-01   3.9196E-01   8.5276E-02   8.5276E-02
             58        Y                                           8.5276E-02
             59        Z                                           8.5276E-02
 H20         60    1   S  3.425251E+00   1.5433E-01   2.7693E-01   2.7693E-01
 H20         60    2   S  6.239137E-01   5.3533E-01   2.6784E-01   2.6784E-01
 H20         60    3   S  1.688554E-01   4.4463E-01   8.3474E-02   8.3474E-02
  
  Effective Core Potential 
  
  Atom      Electrons represented by ECP
 C1                     0
 C2                     0
 C3                     0
 C4                     0
 C5                     0
 H6                     0
 H7                     0
 H8                     0
 C9                     0
 C10                    0
 H11                    0
 H12                    0
 H13                    0
 C14                    0
 H15                    0
 C16                    0
 H17                    0
 H18                    0
 C19                    0
 H20                    0
  
  no dealiasing set available for atom            1
  switch to all-analytic calculation
  
 Input geometry:
                                   angstroms
  atom               x                 y                 z
  C1            0.0000000000      0.0000000000      0.0000000000 
  C2            0.0000000000      0.0000000000      1.4211540000 
  C3            1.2036950000      0.0000000000      2.1403250000 
  C4            2.4620900000      0.0000000000      1.4771520000 
  C5            2.4620900000      0.0000000000      0.0559980000 
  H6           -0.9528130000      0.0000000000      1.9660530000 
  H7            1.1801460000      0.0000000000      3.2387350000 
  H8            3.4149040000      0.0000000000     -0.4889010000 
  C9            3.7175310000      0.0000000000      2.2936650000 
  C10           4.9777550000      0.0000000000      1.8258070000 
  H11           5.2108530000      0.0000000000      0.7548920000 
  H12           3.5528800000      0.0000000000      3.3816840000 
  H13           5.8368110000      0.0000000000      2.5067910000 
  C14          -1.2554410000      0.0000000000     -0.8165130000 
  H15          -1.0907900000      0.0000000000     -1.9045320000 
  C16          -2.5156650000      0.0000000000     -0.3486560000 
  H17          -2.7487630000      0.0000000000      0.7222600000 
  H18          -3.3747210000      0.0000000000     -1.0296400000 
  C19           1.2583950000      0.0000000000     -0.6631740000 
  H20           1.2819440000      0.0000000000     -1.7615840000 
   
  principal moments of inertia:
        amu*angstrom^2:               109.23592               737.84455               847.08048
                g*cm^2:          1.81390492E-38          1.22521956E-37          1.40661005E-37
   
  rotational constants:
               cm^(-1):      0.15432313      0.02284713      0.01990086
                   GHz:      4.62649102      0.68493967      0.59661274
   
  Molecular weight:     130.08 amu
   
  Stoichiometry: C10H10
  Molecular Point Group: C2h     
	Molecule translated to center of mass 
	Molecule reoriented along symmetry axes
  Point Group used: C2h
  
  
 Symmetrized geometry:
                                   angstroms
  atom               x                 y                 z
  C1            1.2310450000      0.7385760000      0.0000000000 
  C2            1.2310450000     -0.6825780000      0.0000000000 
  C3            0.0273500000     -1.4017495000      0.0000000000 
  C4           -1.2310450000     -0.7385760000      0.0000000000 
  C5           -1.2310450000      0.6825780000      0.0000000000 
  H6            2.1838585000     -1.2274770000      0.0000000000 
  H7            0.0508990000     -2.5001595000      0.0000000000 
  H8           -2.1838585000      1.2274770000      0.0000000000 
  C9           -2.4864860000     -1.5550890000      0.0000000000 
  C10          -3.7467100000     -1.0872315000      0.0000000000 
  H11          -3.9798080000     -0.0163160000      0.0000000000 
  H12          -2.3218350000     -2.6431080000      0.0000000000 
  H13          -4.6057660000     -1.7682155000      0.0000000000 
  C14           2.4864860000      1.5550890000      0.0000000000 
  H15           2.3218350000      2.6431080000      0.0000000000 
  C16           3.7467100000      1.0872315000      0.0000000000 
  H17           3.9798080000      0.0163160000      0.0000000000 
  H18           4.6057660000      1.7682155000      0.0000000000 
  C19          -0.0273500000      1.4017495000      0.0000000000 
  H20          -0.0508990000      2.5001595000      0.0000000000 
   
  nuclear repulsion energy.......           445.899340302 hartrees
 
 Non-default options chosen:
   SCF calculation type: UHF                         
   Mulliken populations computed by atom
   Q will be stored on disk for fine grid
  
 Non-default print settings:
      1=  2 102=  3
  
 Temporary integer options set:
     73=  2
  
  end of program pre
   
 Time(pre)  user:       0.599  user+sys:       0.599  wallclock:       0.574
  
  start of program onee
  
  smallest eigenvalue of S:    1.814E-01
  number of canonical orbitals.....           60
  end of program onee
   
 Time(onee)  user:       0.191  user+sys:       0.191  wallclock:       0.122
  
  start of program hfig
  
  initial wavefunction generated automatically from atomic wavefunctions
  
  -------------------
  Alpha orbital space
  -------------------
 
  Irreducible     Total no   No of occupied orbitals 
  representation  orbitals   Shell_1  Shell_2    ...
  Ag                25         15
  Bg                 5          3
  Au                 5          2
  Bu                25         15
  ------------------------
  Orbital occupation/shell    1.000
 
  ------------------
  Beta orbital space
  ------------------
 
  Irreducible     Total no   No of occupied orbitals 
  representation  orbitals   Shell_1  Shell_2    ...
  Ag                25         15
  Bg                 5          2
  Au                 5          2
  Bu                25         15
  ------------------------
  Orbital occupation/shell    1.000
 
  
  
    Unrestricted Spin Properties ...
    Sz*(Sz+1) ..............     0.750
    <S**2> of initial guess      0.750
  
  
  end of program hfig
   
 Time(hfig)  user:       0.593  user+sys:       0.593  wallclock:       0.514
  
  start of program probe
  
  end of program probe
   
 Time(probe)  user:       0.164  user+sys:       0.164  wallclock:       0.132
  
  start of program grid
  
   grid     grid set  grid #  grid sym
  ------    --------  ------  --------
  coarse        0        0        1
  medium        0        0        1
  fine          0        0        1
  ultrafine     0        0        1
  charge        0        0        1
  gradient      0        0        1
  density       0        0        1
  DFT-fine      0        0        1
  DFT-med.      0        0        1
  DFT-grad      0        0        1
  DFT-der2      0        0        1
  DFT-cphf      0        0        1
  LMP2-enrg     0        0        1
  LMP2-grad     0        0        1
  DFT-cphf2     0        0        1
  PBF-dens      0        0        1
  plotting      0        0        1
  Rel-grad    -17        0        1
  Extreme       0        0        1
  Extreme-G     0        0        1
  
  number of gridpoints: 
                 total
   
  end of program grid
   
 Time(grid)  user:       0.128  user+sys:       0.128  wallclock:       0.066
  
  start of program scf
  
 number of electrons..........         69
 number of alpha electrons....         35
 number of beta electrons.....         34
 number of alpha orbitals.....         60
 number of beta orbitals......         60
 number of alpha occupied orb..        35
 number of alpha virtual orb...        25
 number of beta occupied orb...        34
 number of beta virtual orb....        26
 SCF type: UHF
 Energy computed using fully analytic integrals.
 Convergence Criteria:
    Energy (econv):       5.00E-05
    RMS density (dconv):  1.00E-04
  
       i  u  d  i  g                   
       t  p  i  c  r                                 RMS    maximum
       e  d  i  u  i                       energy  density   DIIS  
       r  t  s  t  d       total energy    change  change    error 
  
etot    1  N  N  0  N    -379.30298446053           1.0E-02  1.2E-01
etot    2  Y  Y  0  N    -379.56369730759  2.6E-01  2.5E-03  2.0E-02
etot    3  N  Y  0  N    -379.57827515843  1.5E-02  1.2E-03  1.7E-02
etot    4  Y  Y  0  N    -379.58284995916  4.6E-03  1.1E-03  1.2E-02
etot    5  N  Y  0  N    -379.58665015714  3.8E-03  2.3E-03  1.2E-02
etot    6  Y  Y  0  N    -379.59352314177  6.9E-03  3.1E-03  8.3E-03
etot    7  N  Y  0  N    -379.59868291794  5.2E-03  4.5E-04  3.2E-03
etot    8  Y  Y  0  N    -379.59895424017  2.7E-04  7.4E-04  2.4E-03
etot    9  N  Y  0  N    -379.59917229082  2.2E-04  1.0E-04  4.0E-04
etot   10  Y  Y  0  N    -379.59917602984  3.7E-06  6.8E-05  2.9E-04
etot   11  Y  N  0  N    -379.59918036801  4.3E-06  0.0E+00  0.0E+00
  
  
 Energy components, in hartrees:
   (A)  Nuclear repulsion............     445.89934030178
   (E)  Total one-electron terms.....   -1385.63964982145
   (I)  Total two-electron terms.....     560.14112915166
   (L)  Electronic energy............    -825.49852066979  (E+I)
   (N)  Total energy.................    -379.59918036801  (A+L)
   (O)  Gas phase energy.............    -379.59918036801
  
                                 Total             Coulomb           Exchange
 Total two-electron terms     560.14112915166     615.16708451120     -55.02595535954
   Hamiltonian  1........     283.61843448902     311.37537719649     -27.75694270747
   Hamiltonian  2........     276.52269466264     303.79170731471     -27.26901265207
  
 SCFE: SCF energy: UHF      -379.59918036801 hartrees   iterations:  11
  
 
 Alpha HOMO energy:    -0.47923
 Alpha LUMO energy:    -0.04752
 
  Alpha Orbital energies (hartrees)/symmetry label: 
   -11.30783 Bu        -11.30777 Ag        -11.26249 Bu        -11.26239 Ag     
   -11.26180 Bu        -11.26174 Ag        -11.22118 Bu        -11.22118 Ag     
   -11.21681 Bu        -11.21681 Ag         -1.32607 Ag         -1.23715 Bu     
    -1.17021 Ag         -1.16603 Bu         -1.13099 Bu         -1.01088 Ag     
    -0.98209 Ag         -0.91207 Bu         -0.90033 Ag         -0.82060 Ag     
    -0.80727 Bu         -0.77789 Bu         -0.75947 Bu         -0.73555 Ag     
    -0.73504 Bu         -0.69748 Bu         -0.69476 Au         -0.68037 Ag     
    -0.63651 Ag         -0.63242 Bu         -0.61632 Ag         -0.59663 Bg     
    -0.53185 Au         -0.49118 Bg         -0.47923 Bg         -0.04752 Au     
     0.06216 Au          0.13169 Bg          0.20886 Au          0.29732 Bg     
     0.36957 Ag          0.38085 Bu          0.42031 Bu          0.43579 Ag     
     0.45460 Ag     
 
 
 Beta HOMO energy:    -0.48920
 Beta LUMO energy:    -0.14894
 
  Beta Orbital energies (hartrees)/symmetry label: 
   -11.29605 Bu        -11.29601 Ag        -11.26365 Bu        -11.26354 Ag     
   -11.26312 Bu        -11.26310 Ag        -11.23729 Ag        -11.23729 Bu     
   -11.19713 Ag        -11.19713 Bu         -1.30828 Ag         -1.22239 Bu     
    -1.16943 Bu         -1.16558 Ag         -1.09006 Bu         -0.99434 Ag     
    -0.96647 Ag         -0.90831 Bu         -0.89344 Ag         -0.81973 Ag     
    -0.80415 Bu         -0.77081 Bu         -0.75357 Bu         -0.73510 Bu     
    -0.73163 Ag         -0.69163 Bu         -0.67755 Ag         -0.64445 Au     
    -0.63186 Ag         -0.62840 Bu         -0.61501 Ag         -0.56130 Bg     
    -0.50198 Bg         -0.48920 Au         -0.14894 Bg          0.07418 Au     
     0.08586 Au          0.17605 Bg          0.23886 Au          0.32892 Bg     
     0.36711 Ag          0.38245 Bu          0.41382 Bu          0.43736 Ag     
 
  
  
    Unrestricted Spin Properties ...
    Sz*(Sz+1)      0.750
    <S**2> ...     1.358
  
  
  end of program scf
   
 Time(scf)  user:       1.323  user+sys:       1.323  wallclock:       1.770
  
  start of program ch
  
  Atomic charges from Mulliken population analysis: 
   
 Atom       C1           C2           C3           C4           C5      
 Charge    0.09122     -0.01910     -0.01416      0.09122     -0.01910
   
 Atom       H6           H7           H8           C9           C10     
 Charge    0.11773      0.11970      0.11773     -0.03154     -0.07061
   
 Atom       H11          H12          H13          C14          H15     
 Charge    0.09218      0.10080      0.11378     -0.03154      0.10080
   
 Atom       C16          H17          H18          C19          H20     
 Charge   -0.07061      0.09218      0.11378     -0.01416      0.11970
  
  sum of atomic charges:     1.000000
   
  Form Spin Density matrix = Dalpha-Dbeta
  Atomic Spin Densities from Mulliken analysis: 
   
 Atom       C1           C2           C3           C4           C5      
 Spin      0.49130     -0.04979     -0.03953      0.49130     -0.04979
   
 Atom       H6           H7           H8           C9           C10     
 Spin      0.00258      0.00196      0.00258     -0.65706      0.82526
   
 Atom       H11          H12          H13          C14          H15     
 Spin     -0.06016      0.04716     -0.06172     -0.65706      0.04716
   
 Atom       C16          H17          H18          C19          H20     
 Spin      0.82526     -0.06016     -0.06172     -0.03953      0.00196
  
  sum of atomic spins:     1.000000
   
  end of program ch
   
 Time(ch)  user:       0.196  user+sys:       0.196  wallclock:       0.367
  
  start of program post
  
  
 ***************************************** 
 
 alpha occupied orbitals: final wave function in AO space
 
 ***************************************** 
   
   
                              1         2         3         4         5
  eigenvalues-            -11.30783 -11.30777 -11.26249 -11.26239 -11.26180
  occupations-              1.00000   1.00000   1.00000   1.00000   1.00000
    1 C1               S    0.70150   0.70154   0.00060   0.00045   0.00141
    2 C1               S    0.02567   0.02555   0.00277   0.00567   0.00661
    3 C1               X   -0.00085  -0.00066  -0.00255  -0.00277  -0.00113
    4 C1               Y   -0.00040  -0.00028   0.00243   0.00062  -0.00237
    5 C1               Z    0.00000   0.00000   0.00000   0.00000   0.00000
    6 C2               S    0.00167   0.00105   0.26441  -0.16787  -0.64990
    7 C2               S   -0.00504  -0.00474   0.00481  -0.00137  -0.02532
    8 C2               X    0.00009   0.00002   0.00213  -0.00256   0.00186
    9 C2               Y   -0.00319  -0.00322   0.00159  -0.00159   0.00006
   10 C2               Z    0.00000   0.00000   0.00000   0.00000   0.00000
   11 C3               S   -0.00168   0.00101   0.65010  -0.68145   0.26392
   12 C3               S    0.00507  -0.00478   0.02148  -0.02323   0.01422
   13 C3               X   -0.00280   0.00286  -0.00102   0.00067   0.00238
   14 C3               Y    0.00158  -0.00156   0.00036  -0.00030   0.00193
   15 C3               Z    0.00000   0.00000   0.00000   0.00000   0.00000
   16 C4               S   -0.70150   0.70154  -0.00060   0.00045  -0.00141
   17 C4               S   -0.02567   0.02555  -0.00277   0.00567  -0.00661
   18 C4               X   -0.00085   0.00066  -0.00255   0.00277  -0.00113
   19 C4               Y   -0.00040   0.00028   0.00243  -0.00062  -0.00237
   20 C4               Z    0.00000   0.00000   0.00000   0.00000   0.00000
   21 C5               S   -0.00167   0.00105  -0.26441  -0.16787   0.64990
   22 C5               S    0.00504  -0.00474  -0.00481  -0.00137   0.02532
   23 C5               X    0.00009  -0.00002   0.00213   0.00256   0.00186
   24 C5               Y   -0.00319   0.00322   0.00159   0.00159   0.00006
   25 C5               Z    0.00000   0.00000   0.00000   0.00000   0.00000
   26 H6               S    0.00008  -0.00001  -0.00162   0.00113   0.00430
   27 H7               S   -0.00009  -0.00001  -0.00420   0.00454  -0.00184
   28 H8               S   -0.00008  -0.00001   0.00162   0.00113  -0.00430
   29 C9               S    0.00059  -0.00062  -0.00015   0.00042  -0.00022
   30 C9               S    0.00419  -0.00424   0.00011  -0.00011   0.00024
   31 C9               X    0.00245  -0.00248  -0.00002   0.00003   0.00007
   32 C9               Y    0.00164  -0.00166   0.00005  -0.00001   0.00006
   33 C9               Z    0.00000   0.00000   0.00000   0.00000   0.00000
   34 C10              S    0.00010  -0.00010   0.00004   0.00017  -0.00026
   35 C10              S   -0.00013   0.00013  -0.00003   0.00007  -0.00008
   36 C10              X   -0.00004   0.00004  -0.00002   0.00006  -0.00005
   37 C10              Y   -0.00008   0.00008   0.00002   0.00003  -0.00006
   38 C10              Z    0.00000   0.00000   0.00000   0.00000   0.00000
   39 H11              S    0.00010  -0.00010  -0.00003  -0.00001   0.00010
   40 H12              S   -0.00003   0.00003  -0.00004   0.00007  -0.00005
   41 H13              S    0.00002  -0.00002   0.00001   0.00001  -0.00002
   42 C14              S   -0.00059  -0.00062   0.00015   0.00042   0.00022
   43 C14              S   -0.00419  -0.00424  -0.00011  -0.00011  -0.00024
   44 C14              X    0.00245   0.00248  -0.00002  -0.00003   0.00007
   45 C14              Y    0.00164   0.00166   0.00005   0.00001   0.00006
   46 C14              Z    0.00000   0.00000   0.00000   0.00000   0.00000
   47 H15              S    0.00003   0.00003   0.00004   0.00007   0.00005
   48 C16              S   -0.00010  -0.00010  -0.00004   0.00017   0.00026
   49 C16              S    0.00013   0.00013   0.00003   0.00007   0.00008
   50 C16              X   -0.00004  -0.00004  -0.00002  -0.00006  -0.00005
   51 C16              Y   -0.00008  -0.00008   0.00002  -0.00003  -0.00006
   52 C16              Z    0.00000   0.00000   0.00000   0.00000   0.00000
   53 H17              S   -0.00010  -0.00010   0.00003  -0.00001  -0.00010
   54 H18              S   -0.00002  -0.00002  -0.00001   0.00001   0.00002
   55 C19              S    0.00168   0.00101  -0.65010  -0.68145  -0.26392
   56 C19              S   -0.00507  -0.00478  -0.02148  -0.02323  -0.01422
   57 C19              X   -0.00280  -0.00286  -0.00102  -0.00067   0.00238
   58 C19              Y    0.00158   0.00156   0.00036   0.00030   0.00193
   59 C19              Z    0.00000   0.00000   0.00000   0.00000   0.00000
   60 H20              S    0.00009  -0.00001   0.00420   0.00454   0.00184
   
                              6         7         8         9        10
  eigenvalues-            -11.26174 -11.22118 -11.22118 -11.21681 -11.21681
  occupations-              1.00000   1.00000   1.00000   1.00000   1.00000
    1 C1               S    0.00032  -0.00127  -0.00131   0.00002   0.00001
    2 C1               S    0.00345   0.00404   0.00403   0.00046   0.00046
    3 C1               X    0.00063   0.00249   0.00247   0.00021   0.00021
    4 C1               Y   -0.00343   0.00146   0.00145   0.00015   0.00015
    5 C1               Z    0.00000   0.00000   0.00000   0.00000   0.00000
    6 C2               S   -0.68130  -0.00017  -0.00033   0.00026   0.00026
    7 C2               S   -0.02554  -0.00020  -0.00012  -0.00004  -0.00004
    8 C2               X    0.00132   0.00002  -0.00006  -0.00008  -0.00008
    9 C2               Y    0.00000  -0.00002  -0.00000  -0.00004  -0.00004
   10 C2               Z    0.00000   0.00000   0.00000   0.00000   0.00000
   11 C3               S    0.16728   0.00024  -0.00041  -0.00005   0.00009
   12 C3               S    0.01064   0.00015  -0.00006   0.00003  -0.00008
   13 C3               X    0.00261   0.00001   0.00002  -0.00006   0.00003
   14 C3               Y    0.00187   0.00003   0.00005  -0.00001  -0.00001
   15 C3               Z    0.00000   0.00000   0.00000   0.00000   0.00000
   16 C4               S    0.00032   0.00127  -0.00131  -0.00002   0.00001
   17 C4               S    0.00345  -0.00404   0.00403  -0.00046   0.00046
   18 C4               X   -0.00063   0.00249  -0.00247   0.00021  -0.00021
   19 C4               Y    0.00343   0.00146  -0.00145   0.00015  -0.00015
   20 C4               Z    0.00000   0.00000   0.00000   0.00000   0.00000
   21 C5               S   -0.68130   0.00017  -0.00033  -0.00026   0.00026
   22 C5               S   -0.02554   0.00020  -0.00012   0.00004  -0.00004
   23 C5               X   -0.00132   0.00002   0.00006  -0.00008   0.00008
   24 C5               Y   -0.00000  -0.00002   0.00000  -0.00004   0.00004
   25 C5               Z    0.00000   0.00000   0.00000   0.00000   0.00000
   26 H6               S    0.00455   0.00011   0.00012   0.00006   0.00007
   27 H7               S   -0.00111  -0.00002   0.00003   0.00000  -0.00000
   28 H8               S    0.00455  -0.00011   0.00012  -0.00006   0.00007
   29 C9               S    0.00019   0.70004  -0.70004   0.05019  -0.05020
   30 C9               S   -0.00006   0.02387  -0.02386   0.00748  -0.00748
   31 C9               X    0.00001  -0.00052   0.00052  -0.00327   0.00327
   32 C9               Y   -0.00003   0.00036  -0.00035   0.00125  -0.00125
   33 C9               Z    0.00000   0.00000   0.00000   0.00000   0.00000
   34 C10              S    0.00023   0.05062  -0.05063  -0.69961   0.69961
   35 C10              S    0.00006  -0.00332   0.00332  -0.02656   0.02656
   36 C10              X    0.00003  -0.00282   0.00282  -0.00143   0.00143
   37 C10              Y    0.00005   0.00099  -0.00099   0.00051  -0.00051
   38 C10              Z    0.00000   0.00000   0.00000   0.00000   0.00000
   39 H11              S   -0.00010  -0.00028   0.00028   0.00489  -0.00489
   40 H12              S    0.00003  -0.00453   0.00453  -0.00039   0.00039
   41 H13              S    0.00002  -0.00028   0.00028   0.00488  -0.00488
   42 C14              S    0.00019  -0.70004  -0.70004  -0.05019  -0.05020
   43 C14              S   -0.00006  -0.02387  -0.02386  -0.00748  -0.00748
   44 C14              X   -0.00001  -0.00052  -0.00052  -0.00327  -0.00327
   45 C14              Y    0.00003   0.00036   0.00035   0.00125   0.00125
   46 C14              Z    0.00000   0.00000   0.00000   0.00000   0.00000
   47 H15              S    0.00003   0.00453   0.00453   0.00039   0.00039
   48 C16              S    0.00023  -0.05062  -0.05063   0.69961   0.69961
   49 C16              S    0.00006   0.00332   0.00332   0.02656   0.02656
   50 C16              X   -0.00003  -0.00282  -0.00282  -0.00143  -0.00143
   51 C16              Y   -0.00005   0.00099   0.00099   0.00051   0.00051
   52 C16              Z    0.00000   0.00000   0.00000   0.00000   0.00000
   53 H17              S   -0.00010   0.00028   0.00028  -0.00489  -0.00489
   54 H18              S    0.00002   0.00028   0.00028  -0.00488  -0.00488
   55 C19              S    0.16728  -0.00024  -0.00041   0.00005   0.00009
   56 C19              S    0.01064  -0.00015  -0.00006  -0.00003  -0.00008
   57 C19              X   -0.00261   0.00001  -0.00002  -0.00006  -0.00003
   58 C19              Y   -0.00187   0.00003  -0.00005  -0.00001   0.00001
   59 C19              Z    0.00000   0.00000   0.00000   0.00000   0.00000
   60 H20              S   -0.00111   0.00002   0.00003  -0.00000  -0.00000
   
                             11        12        13        14        15
  eigenvalues-             -1.32607  -1.23715  -1.17021  -1.16603  -1.13099
  occupations-              1.00000   1.00000   1.00000   1.00000   1.00000
    1 C1               S    0.11472   0.12944   0.01241   0.01222  -0.07572
    2 C1               S   -0.30783  -0.36320  -0.04010  -0.03498   0.21824
    3 C1               X    0.04708  -0.00721  -0.08869   0.07885  -0.06053
    4 C1               Y    0.02769  -0.00211  -0.04326  -0.11840  -0.05284
    5 C1               Z    0.00000   0.00000   0.00000   0.00000   0.00000
    6 C2               S    0.09543   0.05384  -0.03170  -0.11926  -0.06229
    7 C2               S   -0.23964  -0.14049   0.08391   0.32591   0.17089
    8 C2               X    0.04887  -0.02698  -0.04273  -0.05874   0.00808
    9 C2               Y   -0.03947  -0.07914  -0.01600  -0.04373   0.05680
   10 C2               Z    0.00000   0.00000   0.00000   0.00000   0.00000
   11 C3               S    0.09554  -0.04977  -0.03791  -0.13138   0.02531
   12 C3               S   -0.23984   0.12942   0.10140   0.35881  -0.06870
   13 C3               X    0.01182  -0.08313   0.02576   0.04709   0.08193
   14 C3               Y   -0.06138   0.01256   0.02650   0.03433  -0.00553
   15 C3               Z    0.00000   0.00000   0.00000   0.00000   0.00000
   16 C4               S    0.11472  -0.12944   0.01241  -0.01222   0.07572
   17 C4               S   -0.30783   0.36320  -0.04010   0.03498  -0.21824
   18 C4               X   -0.04708  -0.00721   0.08869   0.07885  -0.06053
   19 C4               Y   -0.02769  -0.00211   0.04326  -0.11840  -0.05284
   20 C4               Z    0.00000   0.00000   0.00000   0.00000   0.00000
   21 C5               S    0.09543  -0.05384  -0.03170   0.11926   0.06229
   22 C5               S   -0.23964   0.14049   0.08391  -0.32591  -0.17089
   23 C5               X   -0.04887  -0.02698   0.04273  -0.05874   0.00808
   24 C5               Y    0.03947  -0.07914   0.01600  -0.04373   0.05680
   25 C5               Z    0.00000   0.00000   0.00000   0.00000   0.00000
   26 H6               S   -0.03706  -0.03183   0.01064   0.07982   0.03908
   27 H7               S   -0.03663   0.02867   0.01772   0.08630  -0.01635
   28 H8               S   -0.03706   0.03183   0.01064  -0.07982  -0.03908
   29 C9               S    0.03605  -0.08680   0.11116   0.00468  -0.07226
   30 C9               S   -0.08609   0.21340  -0.27928  -0.01127   0.18301
   31 C9               X   -0.02253   0.01232   0.07242   0.02384  -0.12144
   32 C9               Y   -0.02159   0.04079  -0.03489  -0.01200   0.00897
   33 C9               Z    0.00000   0.00000   0.00000   0.00000   0.00000
   34 C10              S    0.01687  -0.06166   0.12845   0.01804  -0.12839
   35 C10              S   -0.04575   0.16999  -0.36063  -0.05022   0.36530
   36 C10              X   -0.01745   0.05060  -0.07689  -0.00933   0.05572
   37 C10              Y    0.00269  -0.01063   0.02360  -0.00141  -0.02456
   38 C10              Z    0.00000   0.00000   0.00000   0.00000   0.00000
   39 H11              S   -0.00758   0.03129  -0.07214  -0.01278   0.07702
   40 H12              S   -0.01594   0.04538  -0.06549   0.00453   0.04612
   41 H13              S   -0.00522   0.02564  -0.06768  -0.00894   0.07838
   42 C14              S    0.03605   0.08680   0.11116  -0.00468   0.07226
   43 C14              S   -0.08609  -0.21340  -0.27928   0.01127  -0.18301
   44 C14              X    0.02253   0.01232  -0.07242   0.02384  -0.12144
   45 C14              Y    0.02159   0.04079   0.03489  -0.01200   0.00897
   46 C14              Z    0.00000   0.00000   0.00000   0.00000   0.00000
   47 H15              S   -0.01594  -0.04538  -0.06549  -0.00453  -0.04612
   48 C16              S    0.01687   0.06166   0.12845  -0.01804   0.12839
   49 C16              S   -0.04575  -0.16999  -0.36063   0.05022  -0.36530
   50 C16              X    0.01745   0.05060   0.07689  -0.00933   0.05572
   51 C16              Y   -0.00269  -0.01063  -0.02360  -0.00141  -0.02456
   52 C16              Z    0.00000   0.00000   0.00000   0.00000   0.00000
   53 H17              S   -0.00758  -0.03129  -0.07214   0.01278  -0.07702
   54 H18              S   -0.00522  -0.02564  -0.06768   0.00894  -0.07838
   55 C19              S    0.09554   0.04977  -0.03791   0.13138  -0.02531
   56 C19              S   -0.23984  -0.12942   0.10140  -0.35881   0.06870
   57 C19              X   -0.01182  -0.08313  -0.02576   0.04709   0.08193
   58 C19              Y    0.06138   0.01256  -0.02650   0.03433  -0.00553
   59 C19              Z    0.00000   0.00000   0.00000   0.00000   0.00000
   60 H20              S   -0.03663  -0.02867   0.01772  -0.08630   0.01635
   
                             16        17        18        19        20
  eigenvalues-             -1.01088  -0.98209  -0.91207  -0.90033  -0.82060
  occupations-              1.00000   1.00000   1.00000   1.00000   1.00000
    1 C1               S   -0.08148  -0.05212  -0.00123   0.03617   0.03323
    2 C1               S    0.25366   0.16399  -0.00145  -0.11168  -0.11574
    3 C1               X    0.02383   0.14345  -0.15066   0.17875  -0.07854
    4 C1               Y    0.15426  -0.17235  -0.13708   0.07093  -0.07790
    5 C1               Z    0.00000   0.00000   0.00000   0.00000   0.00000
    6 C2               S    0.09063  -0.05623  -0.03147  -0.04582  -0.01496
    7 C2               S   -0.26475   0.16733   0.09722   0.15124   0.04237
    8 C2               X    0.01492   0.12993   0.05870   0.11660  -0.16263
    9 C2               Y    0.07894   0.15094   0.07024  -0.16685   0.01443
   10 C2               Z    0.00000   0.00000   0.00000   0.00000   0.00000
   11 C3               S    0.00438   0.11296   0.04828  -0.01449   0.01219
   12 C3               S   -0.01257  -0.33742  -0.15031   0.05229  -0.04750
   13 C3               X   -0.18500   0.01459   0.00255   0.12648   0.09424
   14 C3               Y   -0.03122   0.06807  -0.01021  -0.15698   0.16867
   15 C3               Z    0.00000   0.00000   0.00000   0.00000   0.00000
   16 C4               S   -0.08148  -0.05212   0.00123   0.03617   0.03323
   17 C4               S    0.25366   0.16399   0.00145  -0.11168  -0.11574
   18 C4               X   -0.02383  -0.14345  -0.15066  -0.17875   0.07854
   19 C4               Y   -0.15426   0.17235  -0.13708  -0.07093   0.07790
   20 C4               Z    0.00000   0.00000   0.00000   0.00000   0.00000
   21 C5               S    0.09063  -0.05623   0.03147  -0.04582  -0.01496
   22 C5               S   -0.26475   0.16733  -0.09722   0.15124   0.04237
   23 C5               X   -0.01492  -0.12993   0.05870  -0.11660   0.16263
   24 C5               Y   -0.07894  -0.15094   0.07024   0.16685  -0.01443
   25 C5               Z    0.00000   0.00000   0.00000   0.00000   0.00000
   26 H6               S   -0.10511   0.07674   0.05086   0.16174  -0.08811
   27 H7               S    0.00935  -0.15148  -0.04571   0.11423  -0.12322
   28 H8               S   -0.10511   0.07674  -0.05086   0.16174  -0.08811
   29 C9               S   -0.04368  -0.00338  -0.10104  -0.06109  -0.05876
   30 C9               S    0.12585   0.01101   0.30228   0.18246   0.18446
   31 C9               X    0.13972   0.05332   0.10126   0.05934  -0.10538
   32 C9               Y   -0.00893   0.05507  -0.06761  -0.03716  -0.16329
   33 C9               Z    0.00000   0.00000   0.00000   0.00000   0.00000
   34 C10              S    0.07215   0.03755   0.07723   0.05376   0.02711
   35 C10              S   -0.21623  -0.11553  -0.24845  -0.17424  -0.09967
   36 C10              X    0.02720   0.02393   0.12454   0.09158   0.11095
   37 C10              Y   -0.00954   0.02299  -0.06886  -0.02820  -0.19292
   38 C10              Z    0.00000   0.00000   0.00000   0.00000   0.00000
   39 H11              S   -0.07169  -0.02232  -0.13383  -0.07842  -0.17299
   40 H12              S    0.06037  -0.02564   0.16766   0.10449   0.17820
   41 H13              S   -0.06775  -0.04828  -0.10670  -0.08394  -0.01525
   42 C14              S   -0.04368  -0.00338   0.10104  -0.06109  -0.05876
   43 C14              S    0.12585   0.01101  -0.30228   0.18246   0.18446
   44 C14              X   -0.13972  -0.05332   0.10126  -0.05934   0.10538
   45 C14              Y    0.00893  -0.05507  -0.06761   0.03716   0.16329
   46 C14              Z    0.00000   0.00000   0.00000   0.00000   0.00000
   47 H15              S    0.06037  -0.02564  -0.16766   0.10449   0.17820
   48 C16              S    0.07215   0.03755  -0.07723   0.05376   0.02711
   49 C16              S   -0.21623  -0.11553   0.24845  -0.17424  -0.09967
   50 C16              X   -0.02720  -0.02393   0.12454  -0.09158  -0.11095
   51 C16              Y    0.00954  -0.02299  -0.06886   0.02820   0.19292
   52 C16              Z    0.00000   0.00000   0.00000   0.00000   0.00000
   53 H17              S   -0.07169  -0.02232   0.13383  -0.07842  -0.17299
   54 H18              S   -0.06775  -0.04828   0.10670  -0.08394  -0.01525
   55 C19              S    0.00438   0.11296  -0.04828  -0.01449   0.01219
   56 C19              S   -0.01257  -0.33742   0.15031   0.05229  -0.04750
   57 C19              X    0.18500  -0.01459   0.00255  -0.12648  -0.09424
   58 C19              Y    0.03122  -0.06807  -0.01021   0.15698  -0.16867
   59 C19              Z    0.00000   0.00000   0.00000   0.00000   0.00000
   60 H20              S    0.00935  -0.15148   0.04571   0.11423  -0.12322
   
                             21        22        23        24        25
  eigenvalues-             -0.80727  -0.77789  -0.75947  -0.73555  -0.73504
  occupations-              1.00000   1.00000   1.00000   1.00000   1.00000
    1 C1               S    0.02308   0.06388  -0.00523   0.01487   0.00064
    2 C1               S   -0.08437  -0.22745   0.01570  -0.05046  -0.00331
    3 C1               X   -0.21093   0.08864  -0.08666   0.03245  -0.12837
    4 C1               Y    0.15215  -0.06855  -0.26680  -0.00748   0.00272
    5 C1               Z    0.00000   0.00000   0.00000   0.00000   0.00000
    6 C2               S   -0.03617  -0.04838  -0.01586   0.01692   0.00951
    7 C2               S    0.11984   0.17060   0.04854  -0.06347  -0.02766
    8 C2               X   -0.09223   0.22046  -0.10059  -0.14181   0.27337
    9 C2               Y   -0.20068  -0.05008   0.23755  -0.01239  -0.05752
   10 C2               Z    0.00000   0.00000   0.00000   0.00000   0.00000
   11 C3               S    0.01763   0.05037   0.00116  -0.02120   0.02129
   12 C3               S   -0.06094  -0.17670  -0.00269   0.07287  -0.06523
   13 C3               X    0.23927  -0.13255  -0.07867   0.08143  -0.03989
   14 C3               Y    0.07778   0.21178   0.02997   0.02736  -0.34127
   15 C3               Z    0.00000   0.00000   0.00000   0.00000   0.00000
   16 C4               S   -0.02308  -0.06388   0.00523   0.01487  -0.00064
   17 C4               S    0.08437   0.22745  -0.01570  -0.05046   0.00331
   18 C4               X   -0.21093   0.08864  -0.08666  -0.03245  -0.12837
   19 C4               Y    0.15215  -0.06855  -0.26680   0.00748   0.00272
   20 C4               Z    0.00000   0.00000   0.00000   0.00000   0.00000
   21 C5               S    0.03617   0.04838   0.01586   0.01692  -0.00951
   22 C5               S   -0.11984  -0.17060  -0.04854  -0.06347   0.02766
   23 C5               X   -0.09223   0.22046  -0.10059   0.14181   0.27337
   24 C5               Y   -0.20068  -0.05008   0.23755   0.01239  -0.05752
   25 C5               Z    0.00000   0.00000   0.00000   0.00000   0.00000
   26 H6               S    0.06234   0.23377  -0.14641  -0.11277   0.19471
   27 H7               S   -0.07917  -0.23710  -0.02938   0.00864   0.23716
   28 H8               S   -0.06234  -0.23377   0.14641  -0.11277  -0.19471
   29 C9               S   -0.01002   0.01690   0.00498  -0.02426   0.00683
   30 C9               S    0.02797  -0.05058  -0.01474   0.06842  -0.02035
   31 C9               X    0.00531   0.07258   0.15305  -0.13306   0.08736
   32 C9               Y    0.18926   0.03303   0.11754   0.21857   0.05996
   33 C9               Z    0.00000   0.00000   0.00000   0.00000   0.00000
   34 C10              S    0.01384  -0.01642  -0.00266   0.00402  -0.00615
   35 C10              S   -0.05078   0.06190   0.01762  -0.02701   0.02629
   36 C10              X    0.12770  -0.10104  -0.02260   0.32238  -0.04570
   37 C10              Y    0.10478   0.02484   0.24811   0.14037   0.11268
   38 C10              Z    0.00000   0.00000   0.00000   0.00000   0.00000
   39 H11              S    0.02908   0.04132   0.18373   0.03077   0.08618
   40 H12              S   -0.12522  -0.05093  -0.07827  -0.15562  -0.03775
   41 H13              S   -0.11810   0.06323  -0.08520  -0.24575  -0.01400
   42 C14              S    0.01002  -0.01690  -0.00498  -0.02426  -0.00683
   43 C14              S   -0.02797   0.05058   0.01474   0.06842   0.02035
   44 C14              X    0.00531   0.07258   0.15305   0.13306   0.08736
   45 C14              Y    0.18926   0.03303   0.11754  -0.21857   0.05996
   46 C14              Z    0.00000   0.00000   0.00000   0.00000   0.00000
   47 H15              S    0.12522   0.05093   0.07827  -0.15562   0.03775
   48 C16              S   -0.01384   0.01642   0.00266   0.00402   0.00615
   49 C16              S    0.05078  -0.06190  -0.01762  -0.02701  -0.02629
   50 C16              X    0.12770  -0.10104  -0.02260  -0.32238  -0.04570
   51 C16              Y    0.10478   0.02484   0.24811  -0.14037   0.11268
   52 C16              Z    0.00000   0.00000   0.00000   0.00000   0.00000
   53 H17              S   -0.02908  -0.04132  -0.18373   0.03077  -0.08618
   54 H18              S    0.11810  -0.06323   0.08520  -0.24575   0.01400
   55 C19              S   -0.01763  -0.05037  -0.00116  -0.02120  -0.02129
   56 C19              S    0.06094   0.17670   0.00269   0.07287   0.06523
   57 C19              X    0.23927  -0.13255  -0.07867  -0.08143  -0.03989
   58 C19              Y    0.07778   0.21178   0.02997  -0.02736  -0.34127
   59 C19              Z    0.00000   0.00000   0.00000   0.00000   0.00000
   60 H20              S    0.07917   0.23710   0.02938   0.00864  -0.23716
   
                             26        27        28        29        30
  eigenvalues-             -0.69748  -0.69476  -0.68037  -0.63651  -0.63242
  occupations-              1.00000   1.00000   1.00000   1.00000   1.00000
    1 C1               S    0.00974   0.00000   0.01596  -0.00196   0.01727
    2 C1               S   -0.03711   0.00000  -0.05800   0.01195  -0.07395
    3 C1               X   -0.20121   0.00000   0.00859   0.27362  -0.16915
    4 C1               Y    0.03872   0.00000   0.15540  -0.16377  -0.15098
    5 C1               Z    0.00000   0.39264   0.00000   0.00000   0.00000
    6 C2               S   -0.00787   0.00000  -0.00802  -0.00431  -0.00993
    7 C2               S    0.02385   0.00000   0.02956   0.00636   0.03509
    8 C2               X   -0.12574   0.00000  -0.10557  -0.23899  -0.03056
    9 C2               Y   -0.08555   0.00000  -0.16249   0.14408   0.10577
   10 C2               Z    0.00000   0.28474   0.00000   0.00000   0.00000
   11 C3               S    0.01530   0.00000   0.00688   0.00205   0.00431
   12 C3               S   -0.05541   0.00000  -0.03327  -0.00207  -0.01288
   13 C3               X    0.17904   0.00000   0.08592   0.26347  -0.01799
   14 C3               Y    0.00597   0.00000   0.21732  -0.13698  -0.05727
   15 C3               Z    0.00000   0.28528   0.00000   0.00000   0.00000
   16 C4               S   -0.00974   0.00000   0.01596  -0.00196  -0.01727
   17 C4               S    0.03711   0.00000  -0.05800   0.01195   0.07395
   18 C4               X   -0.20121   0.00000  -0.00859  -0.27362  -0.16915
   19 C4               Y    0.03872   0.00000  -0.15540   0.16377  -0.15098
   20 C4               Z    0.00000   0.39264   0.00000   0.00000   0.00000
   21 C5               S    0.00787   0.00000  -0.00802  -0.00431   0.00993
   22 C5               S   -0.02385   0.00000   0.02956   0.00636  -0.03509
   23 C5               X   -0.12574   0.00000   0.10557   0.23899  -0.03056
   24 C5               Y   -0.08555   0.00000   0.16249  -0.14408   0.10577
   25 C5               Z    0.00000   0.28474   0.00000   0.00000   0.00000
   26 H6               S   -0.03869   0.00000   0.02394  -0.27265  -0.03372
   27 H7               S   -0.02067   0.00000  -0.19733   0.14202   0.03120
   28 H8               S    0.03869   0.00000   0.02394  -0.27265   0.03372
   29 C9               S    0.00762   0.00000  -0.01854  -0.00762   0.00680
   30 C9               S   -0.00994   0.00000   0.07426   0.03582  -0.03137
   31 C9               X    0.25581   0.00000   0.18410   0.16114   0.02639
   32 C9               Y   -0.14237   0.00000  -0.10605   0.00134   0.25544
   33 C9               Z    0.00000   0.10099   0.00000   0.00000   0.00000
   34 C10              S    0.00829   0.00000   0.00788   0.00635  -0.00694
   35 C10              S   -0.01260   0.00000  -0.01790  -0.01561   0.02583
   36 C10              X   -0.33774   0.00000  -0.08112  -0.15172  -0.05160
   37 C10              Y   -0.00625   0.00000   0.27756   0.03779  -0.29241
   38 C10              Z    0.00000   0.08783   0.00000   0.00000   0.00000
   39 H11              S    0.05142   0.00000   0.22581   0.03395  -0.23885
   40 H12              S    0.14581   0.00000   0.15077   0.04565  -0.26999
   41 H13              S    0.19385   0.00000  -0.09440   0.07259   0.20243
   42 C14              S   -0.00762   0.00000  -0.01854  -0.00762  -0.00680
   43 C14              S    0.00994   0.00000   0.07426   0.03582   0.03137
   44 C14              X    0.25581   0.00000  -0.18410  -0.16114   0.02639
   45 C14              Y   -0.14237   0.00000   0.10605  -0.00134   0.25544
   46 C14              Z    0.00000   0.10099   0.00000   0.00000   0.00000
   47 H15              S   -0.14581   0.00000   0.15077   0.04565   0.26999
   48 C16              S   -0.00829   0.00000   0.00788   0.00635   0.00694
   49 C16              S    0.01260   0.00000  -0.01790  -0.01561  -0.02583
   50 C16              X   -0.33774   0.00000   0.08112   0.15172  -0.05160
   51 C16              Y   -0.00625   0.00000  -0.27756  -0.03779  -0.29241
   52 C16              Z    0.00000   0.08783   0.00000   0.00000   0.00000
   53 H17              S   -0.05142   0.00000   0.22581   0.03395   0.23885
   54 H18              S   -0.19385   0.00000  -0.09440   0.07259  -0.20243
   55 C19              S   -0.01530   0.00000   0.00688   0.00205  -0.00431
   56 C19              S    0.05541   0.00000  -0.03327  -0.00207   0.01288
   57 C19              X    0.17904   0.00000  -0.08592  -0.26347  -0.01799
   58 C19              Y    0.00597   0.00000  -0.21732   0.13698  -0.05727
   59 C19              Z    0.00000   0.28528   0.00000   0.00000   0.00000
   60 H20              S    0.02067   0.00000  -0.19733   0.14202  -0.03120
   
                             31        32        33        34        35
  eigenvalues-             -0.61632  -0.59663  -0.53185  -0.49118  -0.47923
  occupations-              1.00000   1.00000   1.00000   1.00000   1.00000
    1 C1               S    0.01687   0.00000   0.00000   0.00000   0.00000
    2 C1               S   -0.07696   0.00000   0.00000   0.00000   0.00000
    3 C1               X   -0.15852   0.00000   0.00000   0.00000   0.00000
    4 C1               Y   -0.23484   0.00000   0.00000   0.00000   0.00000
    5 C1               Z    0.00000   0.42555  -0.04746   0.36894   0.00713
    6 C2               S   -0.00116   0.00000   0.00000   0.00000   0.00000
    7 C2               S    0.00334   0.00000   0.00000   0.00000   0.00000
    8 C2               X    0.09221   0.00000   0.00000   0.00000   0.00000
    9 C2               Y    0.21152   0.00000   0.00000   0.00000   0.00000
   10 C2               Z    0.00000   0.14802  -0.10914   0.15131   0.46333
   11 C3               S    0.00571   0.00000   0.00000   0.00000   0.00000
   12 C3               S   -0.01625   0.00000   0.00000   0.00000   0.00000
   13 C3               X   -0.10663   0.00000   0.00000   0.00000   0.00000
   14 C3               Y   -0.15777   0.00000   0.00000   0.00000   0.00000
   15 C3               Z    0.00000  -0.14740  -0.11063  -0.16816   0.45788
   16 C4               S    0.01687   0.00000   0.00000   0.00000   0.00000
   17 C4               S   -0.07696   0.00000   0.00000   0.00000   0.00000
   18 C4               X    0.15852   0.00000   0.00000   0.00000   0.00000
   19 C4               Y    0.23484   0.00000   0.00000   0.00000   0.00000
   20 C4               Z    0.00000  -0.42555  -0.04746  -0.36894  -0.00713
   21 C5               S   -0.00116   0.00000   0.00000   0.00000   0.00000
   22 C5               S    0.00334   0.00000   0.00000   0.00000   0.00000
   23 C5               X   -0.09221   0.00000   0.00000   0.00000   0.00000
   24 C5               Y   -0.21152   0.00000   0.00000   0.00000   0.00000
   25 C5               Z    0.00000  -0.14802  -0.10914  -0.15131  -0.46333
   26 H6               S   -0.00353   0.00000   0.00000   0.00000   0.00000
   27 H7               S    0.16429   0.00000   0.00000   0.00000   0.00000
   28 H8               S   -0.00353   0.00000   0.00000   0.00000   0.00000
   29 C9               S    0.00698   0.00000   0.00000   0.00000   0.00000
   30 C9               S   -0.02164   0.00000   0.00000   0.00000   0.00000
   31 C9               X   -0.10347   0.00000   0.00000   0.00000   0.00000
   32 C9               Y   -0.23377   0.00000   0.00000   0.00000   0.00000
   33 C9               Z    0.00000  -0.23626   0.27394   0.16675   0.00569
   34 C10              S    0.00370   0.00000   0.00000   0.00000   0.00000
   35 C10              S   -0.01762   0.00000   0.00000   0.00000   0.00000
   36 C10              X    0.07444   0.00000   0.00000   0.00000   0.00000
   37 C10              Y    0.19921   0.00000   0.00000   0.00000   0.00000
   38 C10              Z    0.00000  -0.32239   0.56848   0.49596   0.00906
   39 H11              S    0.16799   0.00000   0.00000   0.00000   0.00000
   40 H12              S    0.22715   0.00000   0.00000   0.00000   0.00000
   41 H13              S   -0.16886   0.00000   0.00000   0.00000   0.00000
   42 C14              S    0.00698   0.00000   0.00000   0.00000   0.00000
   43 C14              S   -0.02164   0.00000   0.00000   0.00000   0.00000
   44 C14              X    0.10347   0.00000   0.00000   0.00000   0.00000
   45 C14              Y    0.23377   0.00000   0.00000   0.00000   0.00000
   46 C14              Z    0.00000   0.23626   0.27394  -0.16675  -0.00569
   47 H15              S    0.22715   0.00000   0.00000   0.00000   0.00000
   48 C16              S    0.00370   0.00000   0.00000   0.00000   0.00000
   49 C16              S   -0.01762   0.00000   0.00000   0.00000   0.00000
   50 C16              X   -0.07444   0.00000   0.00000   0.00000   0.00000
   51 C16              Y   -0.19921   0.00000   0.00000   0.00000   0.00000
   52 C16              Z    0.00000   0.32239   0.56848  -0.49596  -0.00906
   53 H17              S    0.16799   0.00000   0.00000   0.00000   0.00000
   54 H18              S   -0.16886   0.00000   0.00000   0.00000   0.00000
   55 C19              S    0.00571   0.00000   0.00000   0.00000   0.00000
   56 C19              S   -0.01625   0.00000   0.00000   0.00000   0.00000
   57 C19              X    0.10663   0.00000   0.00000   0.00000   0.00000
   58 C19              Y    0.15777   0.00000   0.00000   0.00000   0.00000
   59 C19              Z    0.00000   0.14740  -0.11063   0.16816  -0.45788
   60 H20              S    0.16429   0.00000   0.00000   0.00000   0.00000
   
  
  
 ***************************************** 
 
 beta occupied orbitals: final wave function in AO space
 
 ***************************************** 
   
   
                              1         2         3         4         5
  eigenvalues-            -11.29605 -11.29601 -11.26365 -11.26354 -11.26312
  occupations-              1.00000   1.00000   1.00000   1.00000   1.00000
    1 C1               S    0.70179   0.70182   0.00007  -0.00048   0.00044
    2 C1               S    0.02439   0.02429   0.00120   0.00645   0.00709
    3 C1               X   -0.00080  -0.00062  -0.00224  -0.00248  -0.00170
    4 C1               Y   -0.00038  -0.00026   0.00292  -0.00043  -0.00177
    5 C1               Z    0.00000   0.00000   0.00000   0.00000   0.00000
    6 C2               S    0.00091   0.00035   0.40526  -0.36185  -0.57273
    7 C2               S   -0.00487  -0.00454   0.01050  -0.00892  -0.02363
    8 C2               X    0.00010   0.00002   0.00165  -0.00205   0.00231
    9 C2               Y   -0.00301  -0.00305   0.00153  -0.00151   0.00043
   10 C2               Z    0.00000   0.00000   0.00000   0.00000   0.00000
   11 C3               S   -0.00090   0.00026   0.57303  -0.60146   0.40485
   12 C3               S    0.00489  -0.00459   0.01774  -0.01911   0.01876
   13 C3               X   -0.00263   0.00271  -0.00152   0.00140   0.00210
   14 C3               Y    0.00150  -0.00148  -0.00009   0.00026   0.00196
   15 C3               Z    0.00000   0.00000   0.00000   0.00000   0.00000
   16 C4               S   -0.70179   0.70182  -0.00007  -0.00048  -0.00044
   17 C4               S   -0.02439   0.02429  -0.00120   0.00645  -0.00709
   18 C4               X   -0.00080   0.00062  -0.00224   0.00248  -0.00170
   19 C4               Y   -0.00038   0.00026   0.00292   0.00043  -0.00177
   20 C4               Z    0.00000   0.00000   0.00000   0.00000   0.00000
   21 C5               S   -0.00091   0.00035  -0.40526  -0.36185   0.57273
   22 C5               S    0.00487  -0.00454  -0.01050  -0.00892   0.02363
   23 C5               X    0.00010  -0.00002   0.00165   0.00205   0.00231
   24 C5               Y   -0.00301   0.00305   0.00153   0.00151   0.00043
   25 C5               Z    0.00000   0.00000   0.00000   0.00000   0.00000
   26 H6               S    0.00009  -0.00000  -0.00257   0.00244   0.00383
   27 H7               S   -0.00010   0.00000  -0.00368   0.00402  -0.00275
   28 H8               S   -0.00009  -0.00000   0.00257   0.00244  -0.00383
   29 C9               S    0.00037  -0.00044  -0.00016   0.00088  -0.00038
   30 C9               S    0.00394  -0.00400   0.00005  -0.00010   0.00025
   31 C9               X    0.00230  -0.00233  -0.00004   0.00004   0.00006
   32 C9               Y    0.00155  -0.00157   0.00004  -0.00001   0.00007
   33 C9               Z    0.00000   0.00000   0.00000   0.00000   0.00000
   34 C10              S    0.00002  -0.00002   0.00006   0.00013  -0.00011
   35 C10              S   -0.00014   0.00014  -0.00002   0.00007  -0.00007
   36 C10              X   -0.00004   0.00004  -0.00001   0.00007  -0.00005
   37 C10              Y   -0.00007   0.00008   0.00003   0.00004  -0.00005
   38 C10              Z    0.00000   0.00000   0.00000   0.00000   0.00000
   39 H11              S    0.00010  -0.00010  -0.00005  -0.00004   0.00009
   40 H12              S   -0.00002   0.00003  -0.00003   0.00008  -0.00006
   41 H13              S    0.00002  -0.00002   0.00001   0.00002  -0.00002
   42 C14              S   -0.00037  -0.00044   0.00016   0.00088   0.00038
   43 C14              S   -0.00394  -0.00400  -0.00005  -0.00010  -0.00025
   44 C14              X    0.00230   0.00233  -0.00004  -0.00004   0.00006
   45 C14              Y    0.00155   0.00157   0.00004   0.00001   0.00007
   46 C14              Z    0.00000   0.00000   0.00000   0.00000   0.00000
   47 H15              S    0.00002   0.00003   0.00003   0.00008   0.00006
   48 C16              S   -0.00002  -0.00002  -0.00006   0.00013   0.00011
   49 C16              S    0.00014   0.00014   0.00002   0.00007   0.00007
   50 C16              X   -0.00004  -0.00004  -0.00001  -0.00007  -0.00005
   51 C16              Y   -0.00007  -0.00008   0.00003  -0.00004  -0.00005
   52 C16              Z    0.00000   0.00000   0.00000   0.00000   0.00000
   53 H17              S   -0.00010  -0.00010   0.00005  -0.00004  -0.00009
   54 H18              S   -0.00002  -0.00002  -0.00001   0.00002   0.00002
   55 C19              S    0.00090   0.00026  -0.57303  -0.60146  -0.40485
   56 C19              S   -0.00489  -0.00459  -0.01774  -0.01911  -0.01876
   57 C19              X   -0.00263  -0.00271  -0.00152  -0.00140   0.00210
   58 C19              Y    0.00150   0.00148  -0.00009  -0.00026   0.00196
   59 C19              Z    0.00000   0.00000   0.00000   0.00000   0.00000
   60 H20              S    0.00010   0.00000   0.00368   0.00402   0.00275
   
                              6         7         8         9        10
  eigenvalues-            -11.26310 -11.23729 -11.23729 -11.19713 -11.19713
  occupations-              1.00000   1.00000   1.00000   1.00000   1.00000
    1 C1               S   -0.00006  -0.00111  -0.00104   0.00002   0.00001
    2 C1               S    0.00163   0.00430   0.00431   0.00020   0.00020
    3 C1               X    0.00143   0.00266   0.00267   0.00005   0.00005
    4 C1               Y   -0.00348   0.00156   0.00157   0.00007   0.00007
    5 C1               Z    0.00000   0.00000   0.00000   0.00000   0.00000
    6 C2               S   -0.60115  -0.00057  -0.00023   0.00016   0.00014
    7 C2               S   -0.02406  -0.00013  -0.00021  -0.00003  -0.00002
    8 C2               X    0.00203  -0.00007   0.00001  -0.00007  -0.00008
    9 C2               Y    0.00048  -0.00000  -0.00002  -0.00003  -0.00004
   10 C2               Z    0.00000   0.00000   0.00000   0.00000   0.00000
   11 C3               S    0.36134  -0.00074   0.00037   0.00007  -0.00002
   12 C3               S    0.01706  -0.00007   0.00016  -0.00007   0.00002
   13 C3               X    0.00230   0.00002   0.00000   0.00002  -0.00006
   14 C3               Y    0.00188   0.00005   0.00003  -0.00001  -0.00001
   15 C3               Z    0.00000   0.00000   0.00000   0.00000   0.00000
   16 C4               S   -0.00006  -0.00111   0.00104   0.00002  -0.00001
   17 C4               S    0.00163   0.00430  -0.00431   0.00020  -0.00020
   18 C4               X   -0.00143  -0.00266   0.00267  -0.00005   0.00005
   19 C4               Y    0.00348  -0.00156   0.00157  -0.00007   0.00007
   20 C4               Z    0.00000   0.00000   0.00000   0.00000   0.00000
   21 C5               S   -0.60115  -0.00057   0.00023   0.00016  -0.00014
   22 C5               S   -0.02406  -0.00013   0.00021  -0.00003   0.00002
   23 C5               X   -0.00203   0.00007   0.00001   0.00007  -0.00008
   24 C5               Y   -0.00048   0.00000  -0.00002   0.00003  -0.00004
   25 C5               Z    0.00000   0.00000   0.00000   0.00000   0.00000
   26 H6               S    0.00402   0.00013   0.00012   0.00005   0.00005
   27 H7               S   -0.00240   0.00004  -0.00002  -0.00000   0.00000
   28 H8               S    0.00402   0.00013  -0.00012   0.00005  -0.00005
   29 C9               S    0.00011  -0.70145   0.70145  -0.00442   0.00441
   30 C9               S   -0.00002  -0.02600   0.02601  -0.00545   0.00545
   31 C9               X    0.00000   0.00078  -0.00077   0.00290  -0.00290
   32 C9               Y   -0.00002  -0.00047   0.00047  -0.00111   0.00111
   33 C9               Z    0.00000   0.00000   0.00000   0.00000   0.00000
   34 C10              S    0.00009  -0.00489   0.00488   0.70191  -0.70191
   35 C10              S    0.00003   0.00547  -0.00547   0.02409  -0.02409
   36 C10              X    0.00001   0.00317  -0.00317   0.00115  -0.00115
   37 C10              Y    0.00004  -0.00111   0.00111  -0.00041   0.00041
   38 C10              Z    0.00000   0.00000   0.00000   0.00000   0.00000
   39 H11              S   -0.00009  -0.00005   0.00005  -0.00446   0.00446
   40 H12              S    0.00001   0.00488  -0.00488   0.00009  -0.00009
   41 H13              S    0.00001  -0.00005   0.00005  -0.00444   0.00444
   42 C14              S    0.00011  -0.70145  -0.70145  -0.00442  -0.00441
   43 C14              S   -0.00002  -0.02600  -0.02601  -0.00545  -0.00545
   44 C14              X   -0.00000  -0.00078  -0.00077  -0.00290  -0.00290
   45 C14              Y    0.00002   0.00047   0.00047   0.00111   0.00111
   46 C14              Z    0.00000   0.00000   0.00000   0.00000   0.00000
   47 H15              S    0.00001   0.00488   0.00488   0.00009   0.00009
   48 C16              S    0.00009  -0.00489  -0.00488   0.70191   0.70191
   49 C16              S    0.00003   0.00547   0.00547   0.02409   0.02409
   50 C16              X   -0.00001  -0.00317  -0.00317  -0.00115  -0.00115
   51 C16              Y   -0.00004   0.00111   0.00111   0.00041   0.00041
   52 C16              Z    0.00000   0.00000   0.00000   0.00000   0.00000
   53 H17              S   -0.00009  -0.00005  -0.00005  -0.00446  -0.00446
   54 H18              S    0.00001  -0.00005  -0.00005  -0.00444  -0.00444
   55 C19              S    0.36134  -0.00074  -0.00037   0.00007   0.00002
   56 C19              S    0.01706  -0.00007  -0.00016  -0.00007  -0.00002
   57 C19              X   -0.00230  -0.00002   0.00000  -0.00002  -0.00006
   58 C19              Y   -0.00188  -0.00005   0.00003   0.00001  -0.00001
   59 C19              Z    0.00000   0.00000   0.00000   0.00000   0.00000
   60 H20              S   -0.00240   0.00004   0.00002  -0.00000  -0.00000
   
                             11        12        13        14        15
  eigenvalues-             -1.30828  -1.22239  -1.16943  -1.16558  -1.09006
  occupations-              1.00000   1.00000   1.00000   1.00000   1.00000
    1 C1               S   -0.10394  -0.11109   0.00469  -0.02061  -0.08826
    2 C1               S    0.26231   0.29354  -0.01271   0.05854   0.24545
    3 C1               X   -0.04235   0.02560   0.06727   0.10177  -0.08489
    4 C1               Y   -0.02481   0.01413  -0.11271   0.05771  -0.05085
    5 C1               Z    0.00000   0.00000   0.00000   0.00000   0.00000
    6 C2               S   -0.09926  -0.04650  -0.12515   0.04224  -0.06434
    7 C2               S    0.25613   0.12527   0.34362  -0.11326   0.18282
    8 C2               X   -0.05355   0.02582  -0.06039   0.05129   0.02638
    9 C2               Y    0.03418   0.06859  -0.04153   0.02305   0.08040
   10 C2               Z    0.00000   0.00000   0.00000   0.00000   0.00000
   11 C3               S   -0.09920   0.04238  -0.12901   0.04518   0.05313
   12 C3               S    0.25558  -0.11365   0.35411  -0.12201  -0.15135
   13 C3               X   -0.00491   0.07373   0.05824  -0.04013   0.09914
   14 C3               Y    0.06309  -0.00855   0.03444  -0.03248  -0.00759
   15 C3               Z    0.00000   0.00000   0.00000   0.00000   0.00000
   16 C4               S   -0.10394   0.11109  -0.00469  -0.02061   0.08826
   17 C4               S    0.26231  -0.29354   0.01271   0.05854  -0.24545
   18 C4               X    0.04235   0.02560   0.06727  -0.10177  -0.08489
   19 C4               Y    0.02481   0.01413  -0.11271  -0.05771  -0.05085
   20 C4               Z    0.00000   0.00000   0.00000   0.00000   0.00000
   21 C5               S   -0.09926   0.04650   0.12515   0.04224   0.06434
   22 C5               S    0.25613  -0.12527  -0.34362  -0.11326  -0.18282
   23 C5               X    0.05355   0.02582  -0.06039  -0.05129   0.02638
   24 C5               Y   -0.03418   0.06859  -0.04153  -0.02305   0.08040
   25 C5               Z    0.00000   0.00000   0.00000   0.00000   0.00000
   26 H6               S    0.04035   0.02955   0.08206  -0.01719   0.04575
   27 H7               S    0.03985  -0.02646   0.08373  -0.02065  -0.04030
   28 H8               S    0.04035  -0.02955  -0.08206  -0.01719  -0.04575
   29 C9               S   -0.04514   0.11491  -0.00204  -0.13555  -0.08163
   30 C9               S    0.12271  -0.31812   0.00581   0.38079   0.23377
   31 C9               X    0.02350  -0.01190   0.01380  -0.04625  -0.12733
   32 C9               Y    0.02308  -0.04198  -0.01166   0.03171  -0.00367
   33 C9               Z    0.00000   0.00000   0.00000   0.00000   0.00000
   34 C10              S   -0.01691   0.05907   0.00539  -0.09220  -0.09771
   35 C10              S    0.03954  -0.14203  -0.01316   0.22698   0.24988
   36 C10              X    0.01972  -0.05997  -0.00378   0.08068   0.05949
   37 C10              Y   -0.00371   0.01489  -0.00301  -0.02558  -0.02892
   38 C10              Z    0.00000   0.00000   0.00000   0.00000   0.00000
   39 H11              S    0.00877  -0.03331  -0.00609   0.05537   0.06625
   40 H12              S    0.01902  -0.05836   0.00772   0.07831   0.05622
   41 H13              S    0.00609  -0.02755  -0.00221   0.05176   0.07156
   42 C14              S   -0.04514  -0.11491   0.00204  -0.13555   0.08163
   43 C14              S    0.12271   0.31812  -0.00581   0.38079  -0.23377
   44 C14              X   -0.02350  -0.01190   0.01380   0.04625  -0.12733
   45 C14              Y   -0.02308  -0.04198  -0.01166  -0.03171  -0.00367
   46 C14              Z    0.00000   0.00000   0.00000   0.00000   0.00000
   47 H15              S    0.01902   0.05836  -0.00772   0.07831  -0.05622
   48 C16              S   -0.01691  -0.05907  -0.00539  -0.09220   0.09771
   49 C16              S    0.03954   0.14203   0.01316   0.22698  -0.24988
   50 C16              X   -0.01972  -0.05997  -0.00378  -0.08068   0.05949
   51 C16              Y    0.00371   0.01489  -0.00301   0.02558  -0.02892
   52 C16              Z    0.00000   0.00000   0.00000   0.00000   0.00000
   53 H17              S    0.00877   0.03331   0.00609   0.05537  -0.06625
   54 H18              S    0.00609   0.02755   0.00221   0.05176  -0.07156
   55 C19              S   -0.09920  -0.04238   0.12901   0.04518  -0.05313
   56 C19              S    0.25558   0.11365  -0.35411  -0.12201   0.15135
   57 C19              X    0.00491   0.07373   0.05824   0.04013   0.09914
   58 C19              Y   -0.06309  -0.00855   0.03444   0.03248  -0.00759
   59 C19              Z    0.00000   0.00000   0.00000   0.00000   0.00000
   60 H20              S    0.03985   0.02646  -0.08373  -0.02065   0.04030
   
                             16        17        18        19        20
  eigenvalues-             -0.99434  -0.96647  -0.90831  -0.89344  -0.81973
  occupations-              1.00000   1.00000   1.00000   1.00000   1.00000
    1 C1               S   -0.05208  -0.07994  -0.00050   0.03430   0.03625
    2 C1               S    0.15327   0.23898  -0.00065  -0.10282  -0.12042
    3 C1               X   -0.05387   0.10544  -0.11354   0.16741  -0.07587
    4 C1               Y    0.18491  -0.10686  -0.12408   0.06025  -0.07597
    5 C1               Z    0.00000   0.00000   0.00000   0.00000   0.00000
    6 C2               S    0.09836  -0.02350  -0.02818  -0.04500  -0.01720
    7 C2               S   -0.29148   0.07249   0.08835   0.14826   0.04958
    8 C2               X   -0.05169   0.11103   0.07026   0.12557  -0.16559
    9 C2               Y    0.02081   0.18562   0.07048  -0.16277   0.00653
   10 C2               Z    0.00000   0.00000   0.00000   0.00000   0.00000
   11 C3               S   -0.04760   0.09818   0.04648  -0.00672   0.01418
   12 C3               S    0.14291  -0.29629  -0.14594   0.02610  -0.05496
   13 C3               X   -0.17569  -0.06743  -0.01146   0.12525   0.10529
   14 C3               Y   -0.04281   0.07423  -0.00670  -0.15563   0.17397
   15 C3               Z    0.00000   0.00000   0.00000   0.00000   0.00000
   16 C4               S   -0.05208  -0.07994   0.00050   0.03430   0.03625
   17 C4               S    0.15327   0.23898   0.00065  -0.10282  -0.12042
   18 C4               X    0.05387  -0.10544  -0.11354  -0.16741   0.07587
   19 C4               Y   -0.18491   0.10686  -0.12408  -0.06025   0.07597
   20 C4               Z    0.00000   0.00000   0.00000   0.00000   0.00000
   21 C5               S    0.09836  -0.02350   0.02818  -0.04500  -0.01720
   22 C5               S   -0.29148   0.07249  -0.08835   0.14826   0.04958
   23 C5               X    0.05169  -0.11103   0.07026  -0.12557   0.16559
   24 C5               Y   -0.02081  -0.18562   0.07048   0.16277  -0.00653
   25 C5               Z    0.00000   0.00000   0.00000   0.00000   0.00000
   26 H6               S   -0.12981   0.02557   0.05481   0.16330  -0.08485
   27 H7               S    0.06852  -0.14291  -0.04613   0.10394  -0.12957
   28 H8               S   -0.12981   0.02557  -0.05481   0.16330  -0.08485
   29 C9               S   -0.02035  -0.00122  -0.07862  -0.04850  -0.05278
   30 C9               S    0.06560   0.00760   0.25408   0.15575   0.17621
   31 C9               X    0.13737   0.12591   0.14757   0.09380  -0.09888
   32 C9               Y   -0.03861   0.05389  -0.08712  -0.04497  -0.18913
   33 C9               Z    0.00000   0.00000   0.00000   0.00000   0.00000
   34 C10              S    0.06583   0.06677   0.09837   0.06933   0.03342
   35 C10              S   -0.17929  -0.18563  -0.28860  -0.20527  -0.11237
   36 C10              X   -0.00178   0.01354   0.08210   0.06715   0.08573
   37 C10              Y   -0.01016   0.02399  -0.05334  -0.01853  -0.16576
   38 C10              Z    0.00000   0.00000   0.00000   0.00000   0.00000
   39 H11              S   -0.07750  -0.05876  -0.16609  -0.10199  -0.18333
   40 H12              S    0.04872  -0.01967   0.14079   0.08739   0.16950
   41 H13              S   -0.06304  -0.08442  -0.13559  -0.10921  -0.02529
   42 C14              S   -0.02035  -0.00122   0.07862  -0.04850  -0.05278
   43 C14              S    0.06560   0.00760  -0.25408   0.15575   0.17621
   44 C14              X   -0.13737  -0.12591   0.14757  -0.09380   0.09888
   45 C14              Y    0.03861  -0.05389  -0.08712   0.04497   0.18913
   46 C14              Z    0.00000   0.00000   0.00000   0.00000   0.00000
   47 H15              S    0.04872  -0.01967  -0.14079   0.08739   0.16950
   48 C16              S    0.06583   0.06677  -0.09837   0.06933   0.03342
   49 C16              S   -0.17929  -0.18563   0.28860  -0.20527  -0.11237
   50 C16              X    0.00178  -0.01354   0.08210  -0.06715  -0.08573
   51 C16              Y    0.01016  -0.02399  -0.05334   0.01853   0.16576
   52 C16              Z    0.00000   0.00000   0.00000   0.00000   0.00000
   53 H17              S   -0.07750  -0.05876   0.16609  -0.10199  -0.18333
   54 H18              S   -0.06304  -0.08442   0.13559  -0.10921  -0.02529
   55 C19              S   -0.04760   0.09818  -0.04648  -0.00672   0.01418
   56 C19              S    0.14291  -0.29629   0.14594   0.02610  -0.05496
   57 C19              X    0.17569   0.06743  -0.01146  -0.12525  -0.10529
   58 C19              Y    0.04281  -0.07423  -0.00670   0.15563  -0.17397
   59 C19              Z    0.00000   0.00000   0.00000   0.00000   0.00000
   60 H20              S    0.06852  -0.14291   0.04613   0.10394  -0.12957
   
                             21        22        23        24        25
  eigenvalues-             -0.80415  -0.77081  -0.75357  -0.73510  -0.73163
  occupations-              1.00000   1.00000   1.00000   1.00000   1.00000
    1 C1               S    0.02731   0.06451  -0.01084  -0.00294   0.01549
    2 C1               S   -0.09435  -0.22012   0.03518   0.00928  -0.05004
    3 C1               X   -0.20010   0.09922  -0.07056  -0.12978   0.04540
    4 C1               Y    0.12840  -0.08148  -0.26026  -0.02571  -0.00864
    5 C1               Z    0.00000   0.00000   0.00000   0.00000   0.00000
    6 C2               S   -0.03694  -0.04344  -0.01646   0.00791   0.01702
    7 C2               S    0.12206   0.15407   0.05155  -0.02314  -0.06484
    8 C2               X   -0.08275   0.22546  -0.13732   0.25839  -0.14951
    9 C2               Y   -0.19273  -0.03728   0.26125  -0.02608  -0.01726
   10 C2               Z    0.00000   0.00000   0.00000   0.00000   0.00000
   11 C3               S    0.02264   0.04368  -0.00353   0.01972  -0.02117
   12 C3               S   -0.07877  -0.15276   0.01330  -0.06035   0.07286
   13 C3               X    0.22460  -0.16252  -0.07295  -0.04543   0.09595
   14 C3               Y    0.09364   0.20448   0.05325  -0.34395   0.02169
   15 C3               Z    0.00000   0.00000   0.00000   0.00000   0.00000
   16 C4               S   -0.02731  -0.06451   0.01084   0.00294   0.01549
   17 C4               S    0.09435   0.22012  -0.03518  -0.00928  -0.05004
   18 C4               X   -0.20010   0.09922  -0.07056  -0.12978  -0.04540
   19 C4               Y    0.12840  -0.08148  -0.26026  -0.02571   0.00864
   20 C4               Z    0.00000   0.00000   0.00000   0.00000   0.00000
   21 C5               S    0.03694   0.04344   0.01646  -0.00791   0.01702
   22 C5               S   -0.12206  -0.15407  -0.05155   0.02314  -0.06484
   23 C5               X   -0.08275   0.22546  -0.13732   0.25839   0.14951
   24 C5               Y   -0.19273  -0.03728   0.26125  -0.02608   0.01726
   25 C5               Z    0.00000   0.00000   0.00000   0.00000   0.00000
   26 H6               S    0.06587   0.22533  -0.17894   0.17117  -0.11913
   27 H7               S   -0.09868  -0.22329  -0.03894   0.23966   0.01251
   28 H8               S   -0.06587  -0.22533   0.17894  -0.17117  -0.11913
   29 C9               S   -0.00996   0.01806   0.00401   0.00637  -0.02551
   30 C9               S    0.03199  -0.05669  -0.01194  -0.02036   0.07950
   31 C9               X    0.02433   0.08271   0.15567   0.09656  -0.14296
   32 C9               Y    0.21730   0.03724   0.11377   0.09281   0.24755
   33 C9               Z    0.00000   0.00000   0.00000   0.00000   0.00000
   34 C10              S    0.01755  -0.02174  -0.00277  -0.00793   0.00675
   35 C10              S   -0.05852   0.07582   0.01756   0.03068  -0.03709
   36 C10              X    0.11371  -0.10280  -0.02412  -0.02943   0.29278
   37 C10              Y    0.09720   0.03027   0.20427   0.12149   0.10483
   38 C10              Z    0.00000   0.00000   0.00000   0.00000   0.00000
   39 H11              S    0.02322   0.06217   0.17852   0.10675   0.00567
   40 H12              S   -0.13108  -0.04921  -0.06833  -0.05590  -0.16248
   41 H13              S   -0.12990   0.08049  -0.07584  -0.02710  -0.25094
   42 C14              S    0.00996  -0.01806  -0.00401  -0.00637  -0.02551
   43 C14              S   -0.03199   0.05669   0.01194   0.02036   0.07950
   44 C14              X    0.02433   0.08271   0.15567   0.09656   0.14296
   45 C14              Y    0.21730   0.03724   0.11377   0.09281  -0.24755
   46 C14              Z    0.00000   0.00000   0.00000   0.00000   0.00000
   47 H15              S    0.13108   0.04921   0.06833   0.05590  -0.16248
   48 C16              S   -0.01755   0.02174   0.00277   0.00793   0.00675
   49 C16              S    0.05852  -0.07582  -0.01756  -0.03068  -0.03709
   50 C16              X    0.11371  -0.10280  -0.02412  -0.02943  -0.29278
   51 C16              Y    0.09720   0.03027   0.20427   0.12149  -0.10483
   52 C16              Z    0.00000   0.00000   0.00000   0.00000   0.00000
   53 H17              S   -0.02322  -0.06217  -0.17852  -0.10675   0.00567
   54 H18              S    0.12990  -0.08049   0.07584   0.02710  -0.25094
   55 C19              S   -0.02264  -0.04368   0.00353  -0.01972  -0.02117
   56 C19              S    0.07877   0.15276  -0.01330   0.06035   0.07286
   57 C19              X    0.22460  -0.16252  -0.07295  -0.04543  -0.09595
   58 C19              Y    0.09364   0.20448   0.05325  -0.34395  -0.02169
   59 C19              Z    0.00000   0.00000   0.00000   0.00000   0.00000
   60 H20              S    0.09868   0.22329   0.03894  -0.23966   0.01251
   
                             26        27        28        29        30
  eigenvalues-             -0.69163  -0.67755  -0.64445  -0.63186  -0.62840
  occupations-              1.00000   1.00000   1.00000   1.00000   1.00000
    1 C1               S    0.00849   0.01660   0.00000  -0.00449   0.01534
    2 C1               S   -0.03006  -0.05772   0.00000   0.02119  -0.06272
    3 C1               X   -0.18585   0.02633   0.00000   0.27945  -0.15817
    4 C1               Y    0.05494   0.15314   0.00000  -0.13349  -0.13662
    5 C1               Z    0.00000   0.00000  -0.26836   0.00000   0.00000
    6 C2               S   -0.00551  -0.00515   0.00000  -0.00597  -0.00939
    7 C2               S    0.01536   0.01777   0.00000   0.01371   0.03335
    8 C2               X   -0.11176  -0.12443   0.00000  -0.23586  -0.03662
    9 C2               Y   -0.10491  -0.17112   0.00000   0.12256   0.10280
   10 C2               Z    0.00000   0.00000  -0.30913   0.00000   0.00000
   11 C3               S    0.01720   0.00531   0.00000   0.00448   0.00398
   12 C3               S   -0.06331  -0.02780   0.00000  -0.01297  -0.01180
   13 C3               X    0.18628   0.10563   0.00000   0.27439  -0.01129
   14 C3               Y   -0.00498   0.21252   0.00000  -0.12588  -0.05194
   15 C3               Z    0.00000   0.00000  -0.30703   0.00000   0.00000
   16 C4               S   -0.00849   0.01660   0.00000  -0.00449  -0.01534
   17 C4               S    0.03006  -0.05772   0.00000   0.02119   0.06272
   18 C4               X   -0.18585  -0.02633   0.00000  -0.27945  -0.15817
   19 C4               Y    0.05494  -0.15314   0.00000   0.13349  -0.13662
   20 C4               Z    0.00000   0.00000  -0.26836   0.00000   0.00000
   21 C5               S    0.00551  -0.00515   0.00000  -0.00597   0.00939
   22 C5               S   -0.01536   0.01777   0.00000   0.01371  -0.03335
   23 C5               X   -0.11176   0.12443   0.00000   0.23586  -0.03662
   24 C5               Y   -0.10491   0.17112   0.00000  -0.12256   0.10280
   25 C5               Z    0.00000   0.00000  -0.30913   0.00000   0.00000
   26 H6               S   -0.02668   0.00797   0.00000  -0.26124  -0.03672
   27 H7               S   -0.01453  -0.19174   0.00000   0.12367   0.02917
   28 H8               S    0.02668   0.00797   0.00000  -0.26124   0.03672
   29 C9               S    0.01000  -0.01518   0.00000  -0.00547   0.00448
   30 C9               S   -0.02096   0.06497   0.00000   0.02920  -0.02064
   31 C9               X    0.27786   0.20772   0.00000   0.18708   0.04089
   32 C9               Y   -0.16114  -0.08211   0.00000   0.04256   0.25326
   33 C9               Z    0.00000   0.00000  -0.26085   0.00000   0.00000
   34 C10              S    0.00728   0.00647   0.00000   0.00517  -0.00589
   35 C10              S   -0.00482  -0.01000   0.00000  -0.00867   0.02075
   36 C10              X   -0.31012  -0.07881   0.00000  -0.15979  -0.06786
   37 C10              Y    0.01339   0.26266   0.00000  -0.01358  -0.28450
   38 C10              Z    0.00000   0.00000  -0.07610   0.00000   0.00000
   39 H11              S    0.07228   0.24509   0.00000  -0.00804  -0.26444
   40 H12              S    0.14618   0.11210   0.00000   0.00141  -0.23558
   41 H13              S    0.19636  -0.09911   0.00000   0.12384   0.23978
   42 C14              S   -0.01000  -0.01518   0.00000  -0.00547  -0.00448
   43 C14              S    0.02096   0.06497   0.00000   0.02920   0.02064
   44 C14              X    0.27786  -0.20772   0.00000  -0.18708   0.04089
   45 C14              Y   -0.16114   0.08211   0.00000  -0.04256   0.25326
   46 C14              Z    0.00000   0.00000  -0.26085   0.00000   0.00000
   47 H15              S   -0.14618   0.11210   0.00000   0.00141   0.23558
   48 C16              S   -0.00728   0.00647   0.00000   0.00517   0.00589
   49 C16              S    0.00482  -0.01000   0.00000  -0.00867  -0.02075
   50 C16              X   -0.31012   0.07881   0.00000   0.15979  -0.06786
   51 C16              Y    0.01339  -0.26266   0.00000   0.01358  -0.28450
   52 C16              Z    0.00000   0.00000  -0.07610   0.00000   0.00000
   53 H17              S   -0.07228   0.24509   0.00000  -0.00804   0.26444
   54 H18              S   -0.19636  -0.09911   0.00000   0.12384  -0.23978
   55 C19              S   -0.01720   0.00531   0.00000   0.00448  -0.00398
   56 C19              S    0.06331  -0.02780   0.00000  -0.01297   0.01180
   57 C19              X    0.18628  -0.10563   0.00000  -0.27439  -0.01129
   58 C19              Y   -0.00498  -0.21252   0.00000   0.12588  -0.05194
   59 C19              Z    0.00000   0.00000  -0.30703   0.00000   0.00000
   60 H20              S    0.01453  -0.19174   0.00000   0.12367  -0.02917
   
                             31        32        33        34
  eigenvalues-             -0.61501  -0.56130  -0.50198  -0.48920
  occupations-              1.00000   1.00000   1.00000   1.00000
    1 C1               S    0.01507   0.00000   0.00000   0.00000
    2 C1               S   -0.06478   0.00000   0.00000   0.00000
    3 C1               X   -0.09342   0.00000   0.00000   0.00000
    4 C1               Y   -0.24149   0.00000   0.00000   0.00000
    5 C1               Z    0.00000  -0.25092  -0.00128  -0.02631
    6 C2               S   -0.00324   0.00000   0.00000   0.00000
    7 C2               S    0.01026   0.00000   0.00000   0.00000
    8 C2               X    0.03932   0.00000   0.00000   0.00000
    9 C2               Y    0.22877   0.00000   0.00000   0.00000
   10 C2               Z    0.00000  -0.07620  -0.46305   0.24335
   11 C3               S    0.00620   0.00000   0.00000   0.00000
   12 C3               S   -0.01796   0.00000   0.00000   0.00000
   13 C3               X   -0.04748   0.00000   0.00000   0.00000
   14 C3               Y   -0.17003   0.00000   0.00000   0.00000
   15 C3               Z    0.00000   0.07240  -0.45828   0.24143
   16 C4               S    0.01507   0.00000   0.00000   0.00000
   17 C4               S   -0.06478   0.00000   0.00000   0.00000
   18 C4               X    0.09342   0.00000   0.00000   0.00000
   19 C4               Y    0.24149   0.00000   0.00000   0.00000
   20 C4               Z    0.00000   0.25092   0.00128  -0.02631
   21 C5               S   -0.00324   0.00000   0.00000   0.00000
   22 C5               S    0.01026   0.00000   0.00000   0.00000
   23 C5               X   -0.03932   0.00000   0.00000   0.00000
   24 C5               Y   -0.22877   0.00000   0.00000   0.00000
   25 C5               Z    0.00000   0.07620   0.46305   0.24335
   26 H6               S   -0.05415   0.00000   0.00000   0.00000
   27 H7               S    0.17639   0.00000   0.00000   0.00000
   28 H8               S   -0.05415   0.00000   0.00000   0.00000
   29 C9               S    0.00544   0.00000   0.00000   0.00000
   30 C9               S   -0.01861   0.00000   0.00000   0.00000
   31 C9               X   -0.08168   0.00000   0.00000   0.00000
   32 C9               Y   -0.23756   0.00000   0.00000   0.00000
   33 C9               Z    0.00000   0.53418  -0.00521  -0.52422
   34 C10              S    0.00467   0.00000   0.00000   0.00000
   35 C10              S   -0.01835   0.00000   0.00000   0.00000
   36 C10              X    0.05869   0.00000   0.00000   0.00000
   37 C10              Y    0.20688   0.00000   0.00000   0.00000
   38 C10              Z    0.00000   0.17939   0.00081  -0.19967
   39 H11              S    0.19744   0.00000   0.00000   0.00000
   40 H12              S    0.21478   0.00000   0.00000   0.00000
   41 H13              S   -0.18801   0.00000   0.00000   0.00000
   42 C14              S    0.00544   0.00000   0.00000   0.00000
   43 C14              S   -0.01861   0.00000   0.00000   0.00000
   44 C14              X    0.08168   0.00000   0.00000   0.00000
   45 C14              Y    0.23756   0.00000   0.00000   0.00000
   46 C14              Z    0.00000  -0.53418   0.00521  -0.52422
   47 H15              S    0.21478   0.00000   0.00000   0.00000
   48 C16              S    0.00467   0.00000   0.00000   0.00000
   49 C16              S   -0.01835   0.00000   0.00000   0.00000
   50 C16              X   -0.05869   0.00000   0.00000   0.00000
   51 C16              Y   -0.20688   0.00000   0.00000   0.00000
   52 C16              Z    0.00000  -0.17939  -0.00081  -0.19967
   53 H17              S    0.19744   0.00000   0.00000   0.00000
   54 H18              S   -0.18801   0.00000   0.00000   0.00000
   55 C19              S    0.00620   0.00000   0.00000   0.00000
   56 C19              S   -0.01796   0.00000   0.00000   0.00000
   57 C19              X    0.04748   0.00000   0.00000   0.00000
   58 C19              Y    0.17003   0.00000   0.00000   0.00000
   59 C19              Z    0.00000  -0.07240   0.45828   0.24143
   60 H20              S    0.17639   0.00000   0.00000   0.00000
   
  
  end of program post
   
 Time(post)  user:       0.149  user+sys:       0.149  wallclock:       0.184

 Total cpu seconds     user:       2.134   user+sys:       2.134
  
 Total elapsed time:    8 seconds

Job dvb_un_sp_hf completed on anonymized-host at Wed Jul 29 10:54:40 2026
