Job dvb_un_sp_ks started on anonymized-host at Wed Jul 29 10:54:46 2026
jobid: 6f97d480-8b5d-11f1-896f-00be43be7bed

  +------------------------------------------------------------------------+
  |  Jaguar version 13.3, release 113                                      |
  |                                                                        |
  |  Copyright Schrodinger, Inc.                                           |
  |  All Rights Reserved.                                                  |
  |                                                                        |
  |  The following have contributed to Jaguar (listed alphabetically):     |
  |  Ty Balduf, Mike Beachy, Chandler Bennett, Art Bochevarov,             |
  |  Dale Braden, Yixiang Cao, Alan Chien, Chris Cortis,                   |
  |  Rich Friesner, Jim Furness, Bill Goddard, Hod Greeley,                |
  |  Tom Hughes, Leif Jacobson, Jean-Marc Langlois, Daniel Levine,         |
  |  Daniel Mainz, Rob Murphy, Dean Philipp, Tom Pollard,                  |
  |  Murco Ringnalda, Pablo Videla, Mark Watson, Haoyu Yu.                 |
  |                                                                        |
  |  Use of this program should be acknowledged in publications as:        |
  |                                                                        |
  |  Jaguar, version 13.3, Schrodinger, Inc., New York, NY, 2026.          |
  |                                                                        |
  |  Y. Cao, T. Balduf, M. D. Beachy, M. C. Bennett, A. D. Bochevarov,     |
  |  A. Chien, P. A. Dub, K. G. Dyall, J. W. Furness, M. D. Halls,         |
  |  T. F. Hughes, L. D. Jacobson, H. S. Kwak, D. S. Levine, D. T. Mainz,  |
  |  K. B. Moore, M. Svensson, P. E. Videla, M. A. Watson, R. A. Friesner, |
  |  "Quantum chemical package Jaguar: A survey of recent developments     |
  |  and unique features", J. Chem. Phys. 161, 052502 (2024).              |
  |  DOI: 10.1063/5.0213317                                                |
  +------------------------------------------------------------------------+
  
  start of program pre
  
  Job name: dvb_un_sp_ks
  Executables used: /scr/shared/builds/2026-3/build/jaguar-v13.3/bin/Linux-x86_64
  Temporary files : /scr/shared/jobs/6f97d480-8b5d-11f1-896f-00be43be7bed
  Basis file : using default basis file from /scr/shared/builds/2026-3/build
  Maestro file (input):  dvb_un_sp_ks.mae
  Maestro file (output): dvb_un_sp_ks.01.mae
  
 Contents of input file: &gen and (if present) &atomic sections only
 ----------------Contents start----------------
&gen
ip102=3
iuhf=1
basis=sto-3g
ip1=2
molchg=1
multip=2
mulken=1
dftname=b3lyp
&
 -----------------Contents end-----------------
 
  basis set:               sto-3g                          
  net molecular charge:    1
  multiplicity:            2
  
  number of basis functions....           60
  
  Basis set name for each atom
  
  Atom     Basis 
  C1       sto-3g                          
  C2       sto-3g                          
  C3       sto-3g                          
  C4       sto-3g                          
  C5       sto-3g                          
  H6       sto-3g                          
  H7       sto-3g                          
  H8       sto-3g                          
  C9       sto-3g                          
  C10      sto-3g                          
  H11      sto-3g                          
  H12      sto-3g                          
  H13      sto-3g                          
  C14      sto-3g                          
  H15      sto-3g                          
  C16      sto-3g                          
  H17      sto-3g                          
  H18      sto-3g                          
  C19      sto-3g                          
  H20      sto-3g                          
  
  Gaussian basis set information
  
                                                        renorm    mfac*renorm
   atom    fn   prim  L        z            coef         coef         coef
 -------- ----- ---- --- -------------  -----------  -----------  -----------
 C1           1    1   S  7.161684E+01   1.5433E-01   2.7078E+00   2.7078E+00
 C1           1    2   S  1.304510E+01   5.3533E-01   2.6189E+00   2.6189E+00
 C1           1    3   S  3.530512E+00   4.4463E-01   8.1619E-01   8.1619E-01
 C1           2    4   S  2.941249E+00  -9.9967E-02  -1.6002E-01  -1.6002E-01
 C1           2    5   S  6.834831E-01   3.9951E-01   2.1404E-01   2.1404E-01
 C1           2    6   S  2.222899E-01   7.0012E-01   1.6154E-01   1.6154E-01
 C1           3    7   X  2.941249E+00   1.5592E-01   8.5604E-01   8.5604E-01
              4        Y                                           8.5604E-01
              5        Z                                           8.5604E-01
 C1           3    8   X  6.834831E-01   6.0768E-01   5.3830E-01   5.3830E-01
              4        Y                                           5.3830E-01
              5        Z                                           5.3830E-01
 C1           3    9   X  2.222899E-01   3.9196E-01   8.5276E-02   8.5276E-02
              4        Y                                           8.5276E-02
              5        Z                                           8.5276E-02
 C2           6    1   S  7.161684E+01   1.5433E-01   2.7078E+00   2.7078E+00
 C2           6    2   S  1.304510E+01   5.3533E-01   2.6189E+00   2.6189E+00
 C2           6    3   S  3.530512E+00   4.4463E-01   8.1619E-01   8.1619E-01
 C2           7    4   S  2.941249E+00  -9.9967E-02  -1.6002E-01  -1.6002E-01
 C2           7    5   S  6.834831E-01   3.9951E-01   2.1404E-01   2.1404E-01
 C2           7    6   S  2.222899E-01   7.0012E-01   1.6154E-01   1.6154E-01
 C2           8    7   X  2.941249E+00   1.5592E-01   8.5604E-01   8.5604E-01
              9        Y                                           8.5604E-01
             10        Z                                           8.5604E-01
 C2           8    8   X  6.834831E-01   6.0768E-01   5.3830E-01   5.3830E-01
              9        Y                                           5.3830E-01
             10        Z                                           5.3830E-01
 C2           8    9   X  2.222899E-01   3.9196E-01   8.5276E-02   8.5276E-02
              9        Y                                           8.5276E-02
             10        Z                                           8.5276E-02
 C3          11    1   S  7.161684E+01   1.5433E-01   2.7078E+00   2.7078E+00
 C3          11    2   S  1.304510E+01   5.3533E-01   2.6189E+00   2.6189E+00
 C3          11    3   S  3.530512E+00   4.4463E-01   8.1619E-01   8.1619E-01
 C3          12    4   S  2.941249E+00  -9.9967E-02  -1.6002E-01  -1.6002E-01
 C3          12    5   S  6.834831E-01   3.9951E-01   2.1404E-01   2.1404E-01
 C3          12    6   S  2.222899E-01   7.0012E-01   1.6154E-01   1.6154E-01
 C3          13    7   X  2.941249E+00   1.5592E-01   8.5604E-01   8.5604E-01
             14        Y                                           8.5604E-01
             15        Z                                           8.5604E-01
 C3          13    8   X  6.834831E-01   6.0768E-01   5.3830E-01   5.3830E-01
             14        Y                                           5.3830E-01
             15        Z                                           5.3830E-01
 C3          13    9   X  2.222899E-01   3.9196E-01   8.5276E-02   8.5276E-02
             14        Y                                           8.5276E-02
             15        Z                                           8.5276E-02
 C4          16    1   S  7.161684E+01   1.5433E-01   2.7078E+00   2.7078E+00
 C4          16    2   S  1.304510E+01   5.3533E-01   2.6189E+00   2.6189E+00
 C4          16    3   S  3.530512E+00   4.4463E-01   8.1619E-01   8.1619E-01
 C4          17    4   S  2.941249E+00  -9.9967E-02  -1.6002E-01  -1.6002E-01
 C4          17    5   S  6.834831E-01   3.9951E-01   2.1404E-01   2.1404E-01
 C4          17    6   S  2.222899E-01   7.0012E-01   1.6154E-01   1.6154E-01
 C4          18    7   X  2.941249E+00   1.5592E-01   8.5604E-01   8.5604E-01
             19        Y                                           8.5604E-01
             20        Z                                           8.5604E-01
 C4          18    8   X  6.834831E-01   6.0768E-01   5.3830E-01   5.3830E-01
             19        Y                                           5.3830E-01
             20        Z                                           5.3830E-01
 C4          18    9   X  2.222899E-01   3.9196E-01   8.5276E-02   8.5276E-02
             19        Y                                           8.5276E-02
             20        Z                                           8.5276E-02
 C5          21    1   S  7.161684E+01   1.5433E-01   2.7078E+00   2.7078E+00
 C5          21    2   S  1.304510E+01   5.3533E-01   2.6189E+00   2.6189E+00
 C5          21    3   S  3.530512E+00   4.4463E-01   8.1619E-01   8.1619E-01
 C5          22    4   S  2.941249E+00  -9.9967E-02  -1.6002E-01  -1.6002E-01
 C5          22    5   S  6.834831E-01   3.9951E-01   2.1404E-01   2.1404E-01
 C5          22    6   S  2.222899E-01   7.0012E-01   1.6154E-01   1.6154E-01
 C5          23    7   X  2.941249E+00   1.5592E-01   8.5604E-01   8.5604E-01
             24        Y                                           8.5604E-01
             25        Z                                           8.5604E-01
 C5          23    8   X  6.834831E-01   6.0768E-01   5.3830E-01   5.3830E-01
             24        Y                                           5.3830E-01
             25        Z                                           5.3830E-01
 C5          23    9   X  2.222899E-01   3.9196E-01   8.5276E-02   8.5276E-02
             24        Y                                           8.5276E-02
             25        Z                                           8.5276E-02
 H6          26    1   S  3.425251E+00   1.5433E-01   2.7693E-01   2.7693E-01
 H6          26    2   S  6.239137E-01   5.3533E-01   2.6784E-01   2.6784E-01
 H6          26    3   S  1.688554E-01   4.4463E-01   8.3474E-02   8.3474E-02
 H7          27    1   S  3.425251E+00   1.5433E-01   2.7693E-01   2.7693E-01
 H7          27    2   S  6.239137E-01   5.3533E-01   2.6784E-01   2.6784E-01
 H7          27    3   S  1.688554E-01   4.4463E-01   8.3474E-02   8.3474E-02
 H8          28    1   S  3.425251E+00   1.5433E-01   2.7693E-01   2.7693E-01
 H8          28    2   S  6.239137E-01   5.3533E-01   2.6784E-01   2.6784E-01
 H8          28    3   S  1.688554E-01   4.4463E-01   8.3474E-02   8.3474E-02
 C9          29    1   S  7.161684E+01   1.5433E-01   2.7078E+00   2.7078E+00
 C9          29    2   S  1.304510E+01   5.3533E-01   2.6189E+00   2.6189E+00
 C9          29    3   S  3.530512E+00   4.4463E-01   8.1619E-01   8.1619E-01
 C9          30    4   S  2.941249E+00  -9.9967E-02  -1.6002E-01  -1.6002E-01
 C9          30    5   S  6.834831E-01   3.9951E-01   2.1404E-01   2.1404E-01
 C9          30    6   S  2.222899E-01   7.0012E-01   1.6154E-01   1.6154E-01
 C9          31    7   X  2.941249E+00   1.5592E-01   8.5604E-01   8.5604E-01
             32        Y                                           8.5604E-01
             33        Z                                           8.5604E-01
 C9          31    8   X  6.834831E-01   6.0768E-01   5.3830E-01   5.3830E-01
             32        Y                                           5.3830E-01
             33        Z                                           5.3830E-01
 C9          31    9   X  2.222899E-01   3.9196E-01   8.5276E-02   8.5276E-02
             32        Y                                           8.5276E-02
             33        Z                                           8.5276E-02
 C10         34    1   S  7.161684E+01   1.5433E-01   2.7078E+00   2.7078E+00
 C10         34    2   S  1.304510E+01   5.3533E-01   2.6189E+00   2.6189E+00
 C10         34    3   S  3.530512E+00   4.4463E-01   8.1619E-01   8.1619E-01
 C10         35    4   S  2.941249E+00  -9.9967E-02  -1.6002E-01  -1.6002E-01
 C10         35    5   S  6.834831E-01   3.9951E-01   2.1404E-01   2.1404E-01
 C10         35    6   S  2.222899E-01   7.0012E-01   1.6154E-01   1.6154E-01
 C10         36    7   X  2.941249E+00   1.5592E-01   8.5604E-01   8.5604E-01
             37        Y                                           8.5604E-01
             38        Z                                           8.5604E-01
 C10         36    8   X  6.834831E-01   6.0768E-01   5.3830E-01   5.3830E-01
             37        Y                                           5.3830E-01
             38        Z                                           5.3830E-01
 C10         36    9   X  2.222899E-01   3.9196E-01   8.5276E-02   8.5276E-02
             37        Y                                           8.5276E-02
             38        Z                                           8.5276E-02
 H11         39    1   S  3.425251E+00   1.5433E-01   2.7693E-01   2.7693E-01
 H11         39    2   S  6.239137E-01   5.3533E-01   2.6784E-01   2.6784E-01
 H11         39    3   S  1.688554E-01   4.4463E-01   8.3474E-02   8.3474E-02
 H12         40    1   S  3.425251E+00   1.5433E-01   2.7693E-01   2.7693E-01
 H12         40    2   S  6.239137E-01   5.3533E-01   2.6784E-01   2.6784E-01
 H12         40    3   S  1.688554E-01   4.4463E-01   8.3474E-02   8.3474E-02
 H13         41    1   S  3.425251E+00   1.5433E-01   2.7693E-01   2.7693E-01
 H13         41    2   S  6.239137E-01   5.3533E-01   2.6784E-01   2.6784E-01
 H13         41    3   S  1.688554E-01   4.4463E-01   8.3474E-02   8.3474E-02
 C14         42    1   S  7.161684E+01   1.5433E-01   2.7078E+00   2.7078E+00
 C14         42    2   S  1.304510E+01   5.3533E-01   2.6189E+00   2.6189E+00
 C14         42    3   S  3.530512E+00   4.4463E-01   8.1619E-01   8.1619E-01
 C14         43    4   S  2.941249E+00  -9.9967E-02  -1.6002E-01  -1.6002E-01
 C14         43    5   S  6.834831E-01   3.9951E-01   2.1404E-01   2.1404E-01
 C14         43    6   S  2.222899E-01   7.0012E-01   1.6154E-01   1.6154E-01
 C14         44    7   X  2.941249E+00   1.5592E-01   8.5604E-01   8.5604E-01
             45        Y                                           8.5604E-01
             46        Z                                           8.5604E-01
 C14         44    8   X  6.834831E-01   6.0768E-01   5.3830E-01   5.3830E-01
             45        Y                                           5.3830E-01
             46        Z                                           5.3830E-01
 C14         44    9   X  2.222899E-01   3.9196E-01   8.5276E-02   8.5276E-02
             45        Y                                           8.5276E-02
             46        Z                                           8.5276E-02
 H15         47    1   S  3.425251E+00   1.5433E-01   2.7693E-01   2.7693E-01
 H15         47    2   S  6.239137E-01   5.3533E-01   2.6784E-01   2.6784E-01
 H15         47    3   S  1.688554E-01   4.4463E-01   8.3474E-02   8.3474E-02
 C16         48    1   S  7.161684E+01   1.5433E-01   2.7078E+00   2.7078E+00
 C16         48    2   S  1.304510E+01   5.3533E-01   2.6189E+00   2.6189E+00
 C16         48    3   S  3.530512E+00   4.4463E-01   8.1619E-01   8.1619E-01
 C16         49    4   S  2.941249E+00  -9.9967E-02  -1.6002E-01  -1.6002E-01
 C16         49    5   S  6.834831E-01   3.9951E-01   2.1404E-01   2.1404E-01
 C16         49    6   S  2.222899E-01   7.0012E-01   1.6154E-01   1.6154E-01
 C16         50    7   X  2.941249E+00   1.5592E-01   8.5604E-01   8.5604E-01
             51        Y                                           8.5604E-01
             52        Z                                           8.5604E-01
 C16         50    8   X  6.834831E-01   6.0768E-01   5.3830E-01   5.3830E-01
             51        Y                                           5.3830E-01
             52        Z                                           5.3830E-01
 C16         50    9   X  2.222899E-01   3.9196E-01   8.5276E-02   8.5276E-02
             51        Y                                           8.5276E-02
             52        Z                                           8.5276E-02
 H17         53    1   S  3.425251E+00   1.5433E-01   2.7693E-01   2.7693E-01
 H17         53    2   S  6.239137E-01   5.3533E-01   2.6784E-01   2.6784E-01
 H17         53    3   S  1.688554E-01   4.4463E-01   8.3474E-02   8.3474E-02
 H18         54    1   S  3.425251E+00   1.5433E-01   2.7693E-01   2.7693E-01
 H18         54    2   S  6.239137E-01   5.3533E-01   2.6784E-01   2.6784E-01
 H18         54    3   S  1.688554E-01   4.4463E-01   8.3474E-02   8.3474E-02
 C19         55    1   S  7.161684E+01   1.5433E-01   2.7078E+00   2.7078E+00
 C19         55    2   S  1.304510E+01   5.3533E-01   2.6189E+00   2.6189E+00
 C19         55    3   S  3.530512E+00   4.4463E-01   8.1619E-01   8.1619E-01
 C19         56    4   S  2.941249E+00  -9.9967E-02  -1.6002E-01  -1.6002E-01
 C19         56    5   S  6.834831E-01   3.9951E-01   2.1404E-01   2.1404E-01
 C19         56    6   S  2.222899E-01   7.0012E-01   1.6154E-01   1.6154E-01
 C19         57    7   X  2.941249E+00   1.5592E-01   8.5604E-01   8.5604E-01
             58        Y                                           8.5604E-01
             59        Z                                           8.5604E-01
 C19         57    8   X  6.834831E-01   6.0768E-01   5.3830E-01   5.3830E-01
             58        Y                                           5.3830E-01
             59        Z                                           5.3830E-01
 C19         57    9   X  2.222899E-01   3.9196E-01   8.5276E-02   8.5276E-02
             58        Y                                           8.5276E-02
             59        Z                                           8.5276E-02
 H20         60    1   S  3.425251E+00   1.5433E-01   2.7693E-01   2.7693E-01
 H20         60    2   S  6.239137E-01   5.3533E-01   2.6784E-01   2.6784E-01
 H20         60    3   S  1.688554E-01   4.4463E-01   8.3474E-02   8.3474E-02
  
  Effective Core Potential 
  
  Atom      Electrons represented by ECP
 C1                     0
 C2                     0
 C3                     0
 C4                     0
 C5                     0
 H6                     0
 H7                     0
 H8                     0
 C9                     0
 C10                    0
 H11                    0
 H12                    0
 H13                    0
 C14                    0
 H15                    0
 C16                    0
 H17                    0
 H18                    0
 C19                    0
 H20                    0
  
  no dealiasing set available for atom            1
  switch to all-analytic calculation
  
 Input geometry:
                                   angstroms
  atom               x                 y                 z
  C1            0.0000000000      0.0000000000      0.0000000000 
  C2            0.0000000000      0.0000000000      1.4211540000 
  C3            1.2036950000      0.0000000000      2.1403250000 
  C4            2.4620900000      0.0000000000      1.4771520000 
  C5            2.4620900000      0.0000000000      0.0559980000 
  H6           -0.9528130000      0.0000000000      1.9660530000 
  H7            1.1801460000      0.0000000000      3.2387350000 
  H8            3.4149040000      0.0000000000     -0.4889010000 
  C9            3.7175310000      0.0000000000      2.2936650000 
  C10           4.9777550000      0.0000000000      1.8258070000 
  H11           5.2108530000      0.0000000000      0.7548920000 
  H12           3.5528800000      0.0000000000      3.3816840000 
  H13           5.8368110000      0.0000000000      2.5067910000 
  C14          -1.2554410000      0.0000000000     -0.8165130000 
  H15          -1.0907900000      0.0000000000     -1.9045320000 
  C16          -2.5156650000      0.0000000000     -0.3486560000 
  H17          -2.7487630000      0.0000000000      0.7222600000 
  H18          -3.3747210000      0.0000000000     -1.0296400000 
  C19           1.2583950000      0.0000000000     -0.6631740000 
  H20           1.2819440000      0.0000000000     -1.7615840000 
   
  principal moments of inertia:
        amu*angstrom^2:               109.23592               737.84455               847.08048
                g*cm^2:          1.81390492E-38          1.22521956E-37          1.40661005E-37
   
  rotational constants:
               cm^(-1):      0.15432313      0.02284713      0.01990086
                   GHz:      4.62649102      0.68493967      0.59661274
   
  Molecular weight:     130.08 amu
   
  Stoichiometry: C10H10
  Molecular Point Group: C2h     
	Molecule translated to center of mass 
	Molecule reoriented along symmetry axes
  Point Group used: C2h
  
  
 Symmetrized geometry:
                                   angstroms
  atom               x                 y                 z
  C1            1.2310450000      0.7385760000      0.0000000000 
  C2            1.2310450000     -0.6825780000      0.0000000000 
  C3            0.0273500000     -1.4017495000      0.0000000000 
  C4           -1.2310450000     -0.7385760000      0.0000000000 
  C5           -1.2310450000      0.6825780000      0.0000000000 
  H6            2.1838585000     -1.2274770000      0.0000000000 
  H7            0.0508990000     -2.5001595000      0.0000000000 
  H8           -2.1838585000      1.2274770000      0.0000000000 
  C9           -2.4864860000     -1.5550890000      0.0000000000 
  C10          -3.7467100000     -1.0872315000      0.0000000000 
  H11          -3.9798080000     -0.0163160000      0.0000000000 
  H12          -2.3218350000     -2.6431080000      0.0000000000 
  H13          -4.6057660000     -1.7682155000      0.0000000000 
  C14           2.4864860000      1.5550890000      0.0000000000 
  H15           2.3218350000      2.6431080000      0.0000000000 
  C16           3.7467100000      1.0872315000      0.0000000000 
  H17           3.9798080000      0.0163160000      0.0000000000 
  H18           4.6057660000      1.7682155000      0.0000000000 
  C19          -0.0273500000      1.4017495000      0.0000000000 
  H20          -0.0508990000      2.5001595000      0.0000000000 
   
  nuclear repulsion energy.......           445.899340302 hartrees
 
 Non-default options chosen:
   SCF calculation type: UDFT(b3lyp)                 
   UDFT=Becke_3_Parameter/HF+Slater+Becke88+VWN+LYP (B3LYP)
   Mulliken populations computed by atom
   Q will be stored on disk for fine grid
  
 Non-default print settings:
      1=  2 102=  3
  
 Temporary integer options set:
     73=  2
  
  end of program pre
   
 Time(pre)  user:       0.551  user+sys:       0.551  wallclock:       0.493
  
  start of program onee
  
  smallest eigenvalue of S:    1.814E-01
  number of canonical orbitals.....           60
  end of program onee
   
 Time(onee)  user:       0.157  user+sys:       0.157  wallclock:       0.086
  
  start of program hfig
  
  initial wavefunction generated automatically from atomic wavefunctions
  
  -------------------
  Alpha orbital space
  -------------------
 
  Irreducible     Total no   No of occupied orbitals 
  representation  orbitals   Shell_1  Shell_2    ...
  Ag                25         15
  Bg                 5          3
  Au                 5          2
  Bu                25         15
  ------------------------
  Orbital occupation/shell    1.000
 
  ------------------
  Beta orbital space
  ------------------
 
  Irreducible     Total no   No of occupied orbitals 
  representation  orbitals   Shell_1  Shell_2    ...
  Ag                25         15
  Bg                 5          2
  Au                 5          2
  Bu                25         15
  ------------------------
  Orbital occupation/shell    1.000
 
  
  
    Unrestricted Spin Properties ...
    Sz*(Sz+1) ..............     0.750
    <S**2> of initial guess      0.750
  
  
  end of program hfig
   
 Time(hfig)  user:       0.486  user+sys:       0.486  wallclock:       0.421
  
  start of program probe
  
  end of program probe
   
 Time(probe)  user:       0.151  user+sys:       0.151  wallclock:       0.119
  
  start of program grid
  
   grid     grid set  grid #  grid sym
  ------    --------  ------  --------
  coarse        0        0        1
  medium        0        0        1
  fine          0        0        1
  ultrafine     0        0        1
  charge        0        0        1
  gradient      0        0        1
  density       0        0        1
  DFT-fine    -11        1        4
  DFT-med.    -10        2        4
  DFT-grad    -12        3        4
  DFT-der2      0        0        1
  DFT-cphf      0        0        1
  LMP2-enrg     0        0        1
  LMP2-grad     0        0        1
  DFT-cphf2     0        0        1
  PBF-dens      0        0        1
  plotting      0        0        1
  Rel-grad    -17        0        1
  Extreme       0        0        1
  Extreme-G     0        0        1
  
  number of gridpoints: 
                 total
  grid # 1       24300
  grid # 2        7560
  grid # 3       30010
   
  end of program grid
   
 Time(grid)  user:       0.316  user+sys:       0.316  wallclock:       0.312
  
  start of program scf
  
 number of electrons..........         69
 number of alpha electrons....         35
 number of beta electrons.....         34
 number of alpha orbitals.....         60
 number of beta orbitals......         60
 number of alpha occupied orb..        35
 number of alpha virtual orb...        25
 number of beta occupied orb...        34
 number of beta virtual orb....        26
 SCF type: UDFT=Becke_3_Parameter/HF+Slater+Becke88+VWN+LYP (B3LYP)
 Energy computed using fully analytic integrals.
 Convergence Criteria:
    Energy (econv):       5.00E-05
    RMS density (dconv):  1.00E-04
  
       i  u  d  i  g                   
       t  p  i  c  r                                 RMS    maximum
       e  d  i  u  i                       energy  density   DIIS  
       r  t  s  t  d       total energy    change  change    error 
  
etot    1  N  N  0  N    -381.79316577515           9.5E-03  1.4E-01
etot    2  Y  Y  0  N    -382.05287494734  2.6E-01  5.0E-03  5.8E-02
etot    3  N  Y  0  N    -382.06243406625  9.6E-03  3.6E-03  3.8E-02
etot    4  Y  Y  0  N    -382.07704224156  1.5E-02  1.3E-03  1.8E-02
etot    5  N  Y  0  N    -382.08121622713  4.2E-03  2.1E-04  3.6E-03
etot    6  Y  Y  0  N    -382.08131798248  1.0E-04  1.9E-04  1.4E-03
etot    7  Y  Y  0  N    -382.08136801673  5.0E-05  1.2E-04  7.0E-04
etot    8  N  Y  0  N    -382.08137822541  1.0E-05  8.7E-05  4.2E-04
etot    9  Y  N  0  N    -382.08138285853  4.6E-06  0.0E+00  0.0E+00
  
  
 Energy components, in hartrees:
   (A)  Nuclear repulsion............     445.89934030178
   (E)  Total one-electron terms.....   -1386.55971439697
   (I)  Total two-electron terms.....     558.57899123666
   (L)  Electronic energy............    -827.98072316031  (E+I)
   (N)  Total energy.................    -382.08138285853  (A+L)
   (O)  Gas phase energy.............    -382.08138285853
  
                                 Total             Coulomb       Exchange+Corr.
 Total two-electron terms     558.57899123666     615.94138860652     -57.36239736986
   Hamiltonian  1........     291.36792793664     311.90257332769     -20.53464539105
   Hamiltonian  2........     283.87818053881     304.03881527883     -20.16063474002
  
 SCFE: SCF energy: UDFT(b3lyp)      -382.08138285853 hartrees   iterations:   9
  
 
 Alpha HOMO energy:    -0.36975
 Alpha LUMO energy:    -0.17750
 
  Alpha Orbital energies (hartrees)/symmetry label: 
   -10.25357 Bu        -10.25353 Ag        -10.21926 Bu        -10.21923 Ag     
   -10.21804 Bu        -10.21792 Ag        -10.21768 Ag        -10.21768 Bu     
   -10.21535 Bu        -10.21535 Ag         -1.02080 Ag         -0.96191 Bu     
    -0.92163 Ag         -0.89909 Bu         -0.87686 Bu         -0.78726 Ag     
    -0.75964 Ag         -0.72273 Bu         -0.70381 Ag         -0.65031 Ag     
    -0.63512 Bu         -0.60375 Bu         -0.59604 Bu         -0.58789 Ag     
    -0.56842 Bu         -0.55242 Bu         -0.53736 Ag         -0.53367 Au     
    -0.50117 Bu         -0.49298 Ag         -0.48270 Ag         -0.47366 Bg     
    -0.41794 Au         -0.39424 Bg         -0.36975 Bg         -0.17750 Au     
    -0.11131 Au         -0.09441 Bg         -0.02959 Au          0.06017 Bg     
     0.13951 Ag          0.14908 Bu          0.17925 Bu          0.19661 Ag     
     0.21543 Ag     
 
 
 Beta HOMO energy:    -0.38880
 Beta LUMO energy:    -0.30053
 
  Beta Orbital energies (hartrees)/symmetry label: 
   -10.25059 Bu        -10.25055 Ag        -10.21896 Bu        -10.21893 Ag     
   -10.21847 Bu        -10.21847 Ag        -10.21786 Bu        -10.21775 Ag     
   -10.21089 Ag        -10.21089 Bu         -1.01474 Ag         -0.95446 Bu     
    -0.91376 Ag         -0.89745 Bu         -0.86466 Bu         -0.78194 Ag     
    -0.75559 Ag         -0.71882 Bu         -0.70069 Ag         -0.64811 Ag     
    -0.63305 Bu         -0.60101 Bu         -0.59325 Bu         -0.58500 Ag     
    -0.56771 Bu         -0.54948 Bu         -0.53541 Ag         -0.51738 Au     
    -0.49956 Bu         -0.49148 Ag         -0.48112 Ag         -0.45081 Bg     
    -0.39107 Bg         -0.38880 Au         -0.30053 Bg         -0.14705 Au     
    -0.10322 Au         -0.07371 Bg         -0.00820 Au          0.07638 Bg     
     0.14195 Ag          0.15097 Bu          0.18112 Bu          0.19812 Ag     
 
  
  
    Unrestricted Spin Properties ...
    Sz*(Sz+1)      0.750
    <S**2> ...     0.778
  
  
  end of program scf
   
 Time(scf)  user:       1.338  user+sys:       1.338  wallclock:       1.695
  
  start of program ch
  
  Atomic charges from Mulliken population analysis: 
   
 Atom       C1           C2           C3           C4           C5      
 Charge    0.05573     -0.04098     -0.03815      0.05573     -0.04098
   
 Atom       H6           H7           H8           C9           C10     
 Charge    0.12321      0.12700      0.12321     -0.04035     -0.07680
   
 Atom       H11          H12          H13          C14          H15     
 Charge    0.12398      0.12464      0.14171     -0.04035      0.12464
   
 Atom       C16          H17          H18          C19          H20     
 Charge   -0.07680      0.12398      0.14171     -0.03815      0.12700
  
  sum of atomic charges:     1.000000
   
  Form Spin Density matrix = Dalpha-Dbeta
  Atomic Spin Densities from Mulliken analysis: 
   
 Atom       C1           C2           C3           C4           C5      
 Spin      0.21353      0.02546      0.01942      0.21353      0.02546
   
 Atom       H6           H7           H8           C9           C10     
 Spin     -0.00152     -0.00127     -0.00152     -0.05561      0.32711
   
 Atom       H11          H12          H13          C14          H15     
 Spin     -0.01433      0.00194     -0.01472     -0.05561      0.00194
   
 Atom       C16          H17          H18          C19          H20     
 Spin      0.32711     -0.01433     -0.01472      0.01942     -0.00127
  
  sum of atomic spins:     1.000000
   
  end of program ch
   
 Time(ch)  user:       0.220  user+sys:       0.220  wallclock:       0.251
  
  start of program post
  
  
 ***************************************** 
 
 alpha occupied orbitals: final wave function in AO space
 
 ***************************************** 
   
   
                              1         2         3         4         5
  eigenvalues-            -10.25357 -10.25353 -10.21926 -10.21923 -10.21804
  occupations-              1.00000   1.00000   1.00000   1.00000   1.00000
    1 C1               S    0.70027   0.70029  -0.00979  -0.00622  -0.00222
    2 C1               S    0.03128   0.03108   0.00754   0.00416   0.00277
    3 C1               X   -0.00094  -0.00071  -0.00102   0.00096  -0.00484
    4 C1               Y   -0.00043  -0.00029  -0.00391  -0.00479   0.00191
    5 C1               Z    0.00000   0.00000   0.00000   0.00000   0.00000
    6 C2               S   -0.00729  -0.00764  -0.68411  -0.67836   0.14155
    7 C2               S   -0.00711  -0.00649  -0.03179  -0.03150   0.00012
    8 C2               X    0.00022  -0.00008   0.00191   0.00175   0.00334
    9 C2               Y   -0.00443  -0.00441  -0.00005   0.00023   0.00208
   10 C2               Z    0.00000   0.00000   0.00000   0.00000   0.00000
   11 C3               S    0.00698  -0.00741   0.14924   0.17358   0.64209
   12 C3               S    0.00712  -0.00653   0.01324   0.01392   0.02706
   13 C3               X   -0.00382   0.00396   0.00366   0.00366  -0.00070
   14 C3               Y    0.00228  -0.00203   0.00259   0.00252   0.00065
   15 C3               Z    0.00000   0.00000   0.00000   0.00000   0.00000
   16 C4               S   -0.70027   0.70029   0.00979  -0.00622   0.00222
   17 C4               S   -0.03128   0.03108  -0.00754   0.00416  -0.00277
   18 C4               X   -0.00094   0.00071  -0.00102  -0.00096  -0.00484
   19 C4               Y   -0.00043   0.00029  -0.00391   0.00479   0.00191
   20 C4               Z    0.00000   0.00000   0.00000   0.00000   0.00000
   21 C5               S    0.00729  -0.00764   0.68411  -0.67836  -0.14155
   22 C5               S    0.00711  -0.00649   0.03179  -0.03150  -0.00012
   23 C5               X    0.00022   0.00008   0.00191  -0.00175   0.00334
   24 C5               Y   -0.00443   0.00441  -0.00005  -0.00023   0.00208
   25 C5               Z    0.00000   0.00000   0.00000   0.00000   0.00000
   26 H6               S    0.00022   0.00011   0.00617   0.00618  -0.00114
   27 H7               S   -0.00022   0.00011  -0.00152  -0.00161  -0.00568
   28 H8               S   -0.00022   0.00011  -0.00617   0.00618   0.00114
   29 C9               S    0.00889  -0.00900  -0.00202   0.00511  -0.24124
   30 C9               S    0.00588  -0.00594   0.00015   0.00015  -0.01066
   31 C9               X    0.00338  -0.00341   0.00002   0.00009   0.00055
   32 C9               Y    0.00229  -0.00231   0.00008  -0.00009  -0.00019
   33 C9               Z    0.00000   0.00000   0.00000   0.00000   0.00000
   34 C10              S   -0.00004   0.00004  -0.00292   0.00216   0.01941
   35 C10              S   -0.00027   0.00027  -0.00020   0.00013   0.00333
   36 C10              X   -0.00015   0.00015  -0.00004   0.00001   0.00150
   37 C10              Y   -0.00015   0.00015  -0.00007   0.00006  -0.00054
   38 C10              Z    0.00000   0.00000   0.00000   0.00000   0.00000
   39 H11              S    0.00014  -0.00013   0.00019  -0.00018  -0.00023
   40 H12              S   -0.00015   0.00016  -0.00002   0.00000   0.00214
   41 H13              S    0.00002  -0.00002   0.00000  -0.00000  -0.00022
   42 C14              S   -0.00889  -0.00900   0.00202   0.00511   0.24124
   43 C14              S   -0.00588  -0.00594  -0.00015   0.00015   0.01066
   44 C14              X    0.00338   0.00341   0.00002  -0.00009   0.00055
   45 C14              Y    0.00229   0.00231   0.00008   0.00009  -0.00019
   46 C14              Z    0.00000   0.00000   0.00000   0.00000   0.00000
   47 H15              S    0.00015   0.00016   0.00002   0.00000  -0.00214
   48 C16              S    0.00004   0.00004   0.00292   0.00216  -0.01941
   49 C16              S    0.00027   0.00027   0.00020   0.00013  -0.00333
   50 C16              X   -0.00015  -0.00015  -0.00004  -0.00001   0.00150
   51 C16              Y   -0.00015  -0.00015  -0.00007  -0.00006  -0.00054
   52 C16              Z    0.00000   0.00000   0.00000   0.00000   0.00000
   53 H17              S   -0.00014  -0.00013  -0.00019  -0.00018   0.00023
   54 H18              S   -0.00002  -0.00002  -0.00000  -0.00000   0.00022
   55 C19              S   -0.00698  -0.00741  -0.14924   0.17358  -0.64209
   56 C19              S   -0.00712  -0.00653  -0.01324   0.01392  -0.02706
   57 C19              X   -0.00382  -0.00396   0.00366  -0.00366  -0.00070
   58 C19              Y    0.00228   0.00203   0.00259  -0.00252   0.00065
   59 C19              Z    0.00000   0.00000   0.00000   0.00000   0.00000
   60 H20              S    0.00022   0.00011   0.00152  -0.00161   0.00568
   
                              6         7         8         9        10
  eigenvalues-            -10.21792 -10.21768 -10.21768 -10.21535 -10.21535
  occupations-              1.00000   1.00000   1.00000   1.00000   1.00000
    1 C1               S   -0.01299  -0.00627  -0.01141   0.00084   0.00090
    2 C1               S    0.00834   0.00257   0.00645  -0.00024  -0.00027
    3 C1               X   -0.00245   0.00453   0.00199  -0.00019  -0.00018
    4 C1               Y    0.00149   0.00165   0.00292  -0.00015  -0.00015
    5 C1               Z    0.00000   0.00000   0.00000   0.00000   0.00000
    6 C2               S   -0.16691   0.05102   0.05040   0.00283   0.00380
    7 C2               S   -0.00145   0.00015  -0.00021   0.00010   0.00007
    8 C2               X   -0.00341   0.00100   0.00117  -0.00010  -0.00005
    9 C2               Y   -0.00207   0.00073   0.00076  -0.00005  -0.00003
   10 C2               Z    0.00000   0.00000   0.00000   0.00000   0.00000
   11 C3               S   -0.64301   0.21692   0.23674  -0.00152   0.00434
   12 C3               S   -0.02677   0.00905   0.01010  -0.00008   0.00008
   13 C3               X    0.00082  -0.00022  -0.00027  -0.00009   0.00001
   14 C3               Y   -0.00016   0.00021   0.00021  -0.00003  -0.00002
   15 C3               Z    0.00000   0.00000   0.00000   0.00000   0.00000
   16 C4               S   -0.01299  -0.00627   0.01141  -0.00084   0.00090
   17 C4               S    0.00834   0.00257  -0.00645   0.00024  -0.00027
   18 C4               X    0.00245  -0.00453   0.00199  -0.00019   0.00018
   19 C4               Y   -0.00149  -0.00165   0.00292  -0.00015   0.00015
   20 C4               Z    0.00000   0.00000   0.00000   0.00000   0.00000
   21 C5               S   -0.16691   0.05102  -0.05040  -0.00283   0.00380
   22 C5               S   -0.00145   0.00015   0.00021  -0.00010   0.00007
   23 C5               X    0.00341  -0.00100   0.00117  -0.00010   0.00005
   24 C5               Y    0.00207  -0.00073   0.00076  -0.00005   0.00003
   25 C5               Z    0.00000   0.00000   0.00000   0.00000   0.00000
   26 H6               S    0.00154  -0.00030  -0.00025   0.00007   0.00006
   27 H7               S    0.00583  -0.00194  -0.00210   0.00002  -0.00005
   28 H8               S    0.00154  -0.00030   0.00025  -0.00007   0.00006
   29 C9               S   -0.22143  -0.66186   0.65493  -0.05941   0.05952
   30 C9               S   -0.01007  -0.02960   0.02940   0.00475  -0.00474
   31 C9               X    0.00056   0.00147  -0.00146  -0.00424   0.00424
   32 C9               Y   -0.00016  -0.00059   0.00059   0.00161  -0.00161
   33 C9               Z    0.00000   0.00000   0.00000   0.00000   0.00000
   34 C10              S    0.02349   0.05399  -0.05524  -0.69806   0.69803
   35 C10              S    0.00341   0.00926  -0.00928  -0.03030   0.03030
   36 C10              X    0.00149   0.00418  -0.00417  -0.00106   0.00106
   37 C10              Y   -0.00047  -0.00151   0.00149   0.00041  -0.00041
   38 C10              Z    0.00000   0.00000   0.00000   0.00000   0.00000
   39 H11              S   -0.00027  -0.00060   0.00061   0.00631  -0.00631
   40 H12              S    0.00209   0.00598  -0.00596   0.00041  -0.00041
   41 H13              S   -0.00024  -0.00063   0.00063   0.00631  -0.00631
   42 C14              S   -0.22143  -0.66186  -0.65493   0.05941   0.05952
   43 C14              S   -0.01007  -0.02960  -0.02940  -0.00475  -0.00474
   44 C14              X   -0.00056  -0.00147  -0.00146  -0.00424  -0.00424
   45 C14              Y    0.00016   0.00059   0.00059   0.00161   0.00161
   46 C14              Z    0.00000   0.00000   0.00000   0.00000   0.00000
   47 H15              S    0.00209   0.00598   0.00596  -0.00041  -0.00041
   48 C16              S    0.02349   0.05399   0.05524   0.69806   0.69803
   49 C16              S    0.00341   0.00926   0.00928   0.03030   0.03030
   50 C16              X   -0.00149  -0.00418  -0.00417  -0.00106  -0.00106
   51 C16              Y    0.00047   0.00151   0.00149   0.00041   0.00041
   52 C16              Z    0.00000   0.00000   0.00000   0.00000   0.00000
   53 H17              S   -0.00027  -0.00060  -0.00061  -0.00631  -0.00631
   54 H18              S   -0.00024  -0.00063  -0.00063  -0.00631  -0.00631
   55 C19              S   -0.64301   0.21692  -0.23674   0.00152   0.00434
   56 C19              S   -0.02677   0.00905  -0.01010   0.00008   0.00008
   57 C19              X   -0.00082   0.00022  -0.00027  -0.00009  -0.00001
   58 C19              Y    0.00016  -0.00021   0.00021  -0.00003   0.00002
   59 C19              Z    0.00000   0.00000   0.00000   0.00000   0.00000
   60 H20              S    0.00583  -0.00194   0.00210  -0.00002  -0.00005
   
                             11        12        13        14        15
  eigenvalues-             -1.02080  -0.96191  -0.92163  -0.89909  -0.87686
  occupations-              1.00000   1.00000   1.00000   1.00000   1.00000
    1 C1               S   -0.11235   0.11240   0.00541   0.01698  -0.09540
    2 C1               S    0.29060  -0.30237  -0.01768  -0.04713   0.26681
    3 C1               X   -0.04179  -0.02318  -0.08995   0.07550  -0.05302
    4 C1               Y   -0.02497  -0.01010  -0.04594  -0.11546  -0.04948
    5 C1               Z    0.00000   0.00000   0.00000   0.00000   0.00000
    6 C2               S   -0.09617   0.04679  -0.03889  -0.11855  -0.07440
    7 C2               S    0.24111  -0.12194   0.10123   0.32118   0.20370
    8 C2               X   -0.04837  -0.02551  -0.04570  -0.05493   0.01504
    9 C2               Y    0.03935  -0.06581  -0.01171  -0.04949   0.06800
   10 C2               Z    0.00000   0.00000   0.00000   0.00000   0.00000
   11 C3               S   -0.09568  -0.04074  -0.04386  -0.13446   0.03282
   12 C3               S    0.23927   0.10559   0.11458   0.36368  -0.08959
   13 C3               X   -0.01130  -0.07027   0.02475   0.04391   0.09625
   14 C3               Y    0.06113   0.00787   0.03135   0.02909  -0.00529
   15 C3               Z    0.00000   0.00000   0.00000   0.00000   0.00000
   16 C4               S   -0.11235  -0.11240   0.00541  -0.01698   0.09540
   17 C4               S    0.29060   0.30237  -0.01768   0.04713  -0.26681
   18 C4               X    0.04179  -0.02318   0.08995   0.07550  -0.05302
   19 C4               Y    0.02497  -0.01010   0.04594  -0.11546  -0.04948
   20 C4               Z    0.00000   0.00000   0.00000   0.00000   0.00000
   21 C5               S   -0.09617  -0.04679  -0.03889   0.11855   0.07440
   22 C5               S    0.24111   0.12194   0.10123  -0.32118  -0.20370
   23 C5               X    0.04837  -0.02551   0.04570  -0.05493   0.01504
   24 C5               Y   -0.03935  -0.06581   0.01171  -0.04949   0.06800
   25 C5               Z    0.00000   0.00000   0.00000   0.00000   0.00000
   26 H6               S    0.03848  -0.02835   0.01316   0.07896   0.04640
   27 H7               S    0.03741   0.02353   0.01905   0.08707  -0.02127
   28 H8               S    0.03848   0.02835   0.01316  -0.07896  -0.04640
   29 C9               S   -0.04652  -0.10813   0.11956   0.00200  -0.06167
   30 C9               S    0.11801   0.27895  -0.31256  -0.00439   0.16248
   31 C9               X    0.02152  -0.00243   0.07445   0.03039  -0.13247
   32 C9               Y    0.02438   0.04192  -0.03059  -0.01426  -0.00274
   33 C9               Z    0.00000   0.00000   0.00000   0.00000   0.00000
   34 C10              S   -0.02273  -0.07616   0.12009   0.01810  -0.11396
   35 C10              S    0.05867   0.20066  -0.32238  -0.04851   0.31380
   36 C10              X    0.02341   0.06335  -0.07889  -0.00846   0.04651
   37 C10              Y   -0.00369  -0.01495   0.02625  -0.00253  -0.02724
   38 C10              Z    0.00000   0.00000   0.00000   0.00000   0.00000
   39 H11              S    0.01113   0.03990  -0.06680  -0.01467   0.06910
   40 H12              S    0.02040   0.05433  -0.06577   0.00729   0.03793
   41 H13              S    0.00800   0.03385  -0.06358  -0.00978   0.07448
   42 C14              S   -0.04652   0.10813   0.11956  -0.00200   0.06167
   43 C14              S    0.11801  -0.27895  -0.31256   0.00439  -0.16248
   44 C14              X   -0.02152  -0.00243  -0.07445   0.03039  -0.13247
   45 C14              Y   -0.02438   0.04192   0.03059  -0.01426  -0.00274
   46 C14              Z    0.00000   0.00000   0.00000   0.00000   0.00000
   47 H15              S    0.02040  -0.05433  -0.06577  -0.00729  -0.03793
   48 C16              S   -0.02273   0.07616   0.12009  -0.01810   0.11396
   49 C16              S    0.05867  -0.20066  -0.32238   0.04851  -0.31380
   50 C16              X   -0.02341   0.06335   0.07889  -0.00846   0.04651
   51 C16              Y    0.00369  -0.01495  -0.02625  -0.00253  -0.02724
   52 C16              Z    0.00000   0.00000   0.00000   0.00000   0.00000
   53 H17              S    0.01113  -0.03990  -0.06680   0.01467  -0.06910
   54 H18              S    0.00800  -0.03385  -0.06358   0.00978  -0.07448
   55 C19              S   -0.09568   0.04074  -0.04386   0.13446  -0.03282
   56 C19              S    0.23927  -0.10559   0.11458  -0.36368   0.08959
   57 C19              X    0.01130  -0.07027  -0.02475   0.04391   0.09625
   58 C19              Y   -0.06113   0.00787  -0.03135   0.02909  -0.00529
   59 C19              Z    0.00000   0.00000   0.00000   0.00000   0.00000
   60 H20              S    0.03741  -0.02353   0.01905  -0.08707   0.02127
   
                             16        17        18        19        20
  eigenvalues-             -0.78726  -0.75964  -0.72273  -0.70381  -0.65031
  occupations-              1.00000   1.00000   1.00000   1.00000   1.00000
    1 C1               S   -0.07528  -0.05246  -0.00896   0.04940   0.03080
    2 C1               S    0.22469   0.15915   0.02545  -0.15068  -0.10404
    3 C1               X    0.02606   0.14334  -0.12704   0.15453  -0.09856
    4 C1               Y    0.15155  -0.16402  -0.11817   0.05044  -0.09602
    5 C1               Z    0.00000   0.00000   0.00000   0.00000   0.00000
    6 C2               S    0.08610  -0.05755  -0.02987  -0.05318  -0.01501
    7 C2               S   -0.24735   0.17138   0.09130   0.17162   0.04101
    8 C2               X    0.00989   0.13265   0.05615   0.10158  -0.15632
    9 C2               Y    0.06620   0.14849   0.06962  -0.17866   0.03701
   10 C2               Z    0.00000   0.00000   0.00000   0.00000   0.00000
   11 C3               S    0.00020   0.11309   0.05005  -0.01543   0.01630
   12 C3               S    0.00068  -0.33454  -0.15359   0.05313  -0.06154
   13 C3               X   -0.16971   0.01427   0.00481   0.14985   0.07642
   14 C3               Y   -0.03477   0.06806  -0.01216  -0.14453   0.17347
   15 C3               Z    0.00000   0.00000   0.00000   0.00000   0.00000
   16 C4               S   -0.07528  -0.05246   0.00896   0.04940   0.03080
   17 C4               S    0.22469   0.15915  -0.02545  -0.15068  -0.10404
   18 C4               X   -0.02606  -0.14334  -0.12704  -0.15453   0.09856
   19 C4               Y   -0.15155   0.16402  -0.11817  -0.05044   0.09602
   20 C4               Z    0.00000   0.00000   0.00000   0.00000   0.00000
   21 C5               S    0.08610  -0.05755   0.02987  -0.05318  -0.01501
   22 C5               S   -0.24735   0.17138  -0.09130   0.17162   0.04101
   23 C5               X   -0.00989  -0.13265   0.05615  -0.10158   0.15632
   24 C5               Y   -0.06620  -0.14849   0.06962   0.17866  -0.03701
   25 C5               Z    0.00000   0.00000   0.00000   0.00000   0.00000
   26 H6               S   -0.09574   0.07689   0.04653   0.15511  -0.08857
   27 H7               S    0.01514  -0.14477  -0.04198   0.10130  -0.12240
   28 H8               S   -0.09574   0.07689  -0.04653   0.15511  -0.08857
   29 C9               S   -0.04908  -0.00490  -0.10000  -0.06014  -0.04899
   30 C9               S    0.14805   0.01640   0.30903   0.18572   0.15764
   31 C9               X    0.15604   0.05808   0.09869   0.03843  -0.12907
   32 C9               Y   -0.01928   0.06991  -0.07880  -0.05030  -0.16829
   33 C9               Z    0.00000   0.00000   0.00000   0.00000   0.00000
   34 C10              S    0.08183   0.03947   0.08506   0.05495   0.02449
   35 C10              S   -0.24040  -0.12026  -0.26855  -0.17730  -0.09093
   36 C10              X    0.03412   0.03215   0.12535   0.09990   0.09756
   37 C10              Y   -0.01300   0.03125  -0.07570  -0.04004  -0.20693
   38 C10              Z    0.00000   0.00000   0.00000   0.00000   0.00000
   39 H11              S   -0.08629  -0.02161  -0.14693  -0.08800  -0.17779
   40 H12              S    0.06579  -0.02872   0.15287   0.10000   0.14554
   41 H13              S   -0.08018  -0.05667  -0.11466  -0.08787  -0.00355
   42 C14              S   -0.04908  -0.00490   0.10000  -0.06014  -0.04899
   43 C14              S    0.14805   0.01640  -0.30903   0.18572   0.15764
   44 C14              X   -0.15604  -0.05808   0.09869  -0.03843   0.12907
   45 C14              Y    0.01928  -0.06991  -0.07880   0.05030   0.16829
   46 C14              Z    0.00000   0.00000   0.00000   0.00000   0.00000
   47 H15              S    0.06579  -0.02872  -0.15287   0.10000   0.14554
   48 C16              S    0.08183   0.03947  -0.08506   0.05495   0.02449
   49 C16              S   -0.24040  -0.12026   0.26855  -0.17730  -0.09093
   50 C16              X   -0.03412  -0.03215   0.12535  -0.09990  -0.09756
   51 C16              Y    0.01300  -0.03125  -0.07570   0.04004   0.20693
   52 C16              Z    0.00000   0.00000   0.00000   0.00000   0.00000
   53 H17              S   -0.08629  -0.02161   0.14693  -0.08800  -0.17779
   54 H18              S   -0.08018  -0.05667   0.11466  -0.08787  -0.00355
   55 C19              S    0.00020   0.11309  -0.05005  -0.01543   0.01630
   56 C19              S    0.00068  -0.33454   0.15359   0.05313  -0.06154
   57 C19              X    0.16971  -0.01427   0.00481  -0.14985  -0.07642
   58 C19              Y    0.03477  -0.06806  -0.01216   0.14453  -0.17347
   59 C19              Z    0.00000   0.00000   0.00000   0.00000   0.00000
   60 H20              S    0.01514  -0.14477   0.04198   0.10130  -0.12240
   
                             21        22        23        24        25
  eigenvalues-             -0.63512  -0.60375  -0.59604  -0.58789  -0.56842
  occupations-              1.00000   1.00000   1.00000   1.00000   1.00000
    1 C1               S    0.01653   0.04828   0.05087   0.01756   0.00416
    2 C1               S   -0.05812  -0.16867  -0.17821  -0.05992  -0.01512
    3 C1               X   -0.20131  -0.00397   0.09096   0.00195   0.13502
    4 C1               Y    0.10734  -0.20184   0.18348  -0.01050  -0.05772
    5 C1               Z    0.00000   0.00000   0.00000   0.00000   0.00000
    6 C2               S   -0.03677  -0.04795  -0.02000   0.02066  -0.01671
    7 C2               S    0.11996   0.16571   0.07477  -0.07667   0.05279
    8 C2               X   -0.09194   0.15672   0.16563  -0.13203  -0.24943
    9 C2               Y   -0.15043   0.08713  -0.23927  -0.01444   0.11188
   10 C2               Z    0.00000   0.00000   0.00000   0.00000   0.00000
   11 C3               S    0.01606   0.04761   0.02859  -0.02476  -0.02146
   12 C3               S   -0.05492  -0.16332  -0.10245   0.08381   0.06638
   13 C3               X    0.20818  -0.15116   0.02498   0.06227  -0.01494
   14 C3               Y    0.05807   0.13076   0.14030   0.03205   0.35573
   15 C3               Z    0.00000   0.00000   0.00000   0.00000   0.00000
   16 C4               S   -0.01653  -0.04828  -0.05087   0.01756  -0.00416
   17 C4               S    0.05812   0.16867   0.17821  -0.05992   0.01512
   18 C4               X   -0.20131  -0.00397   0.09096  -0.00195   0.13502
   19 C4               Y    0.10734  -0.20184   0.18348   0.01050  -0.05772
   20 C4               Z    0.00000   0.00000   0.00000   0.00000   0.00000
   21 C5               S    0.03677   0.04795   0.02000   0.02066   0.01671
   22 C5               S   -0.11996  -0.16571  -0.07477  -0.07667  -0.05279
   23 C5               X   -0.09194   0.15672   0.16563   0.13203  -0.24943
   24 C5               Y   -0.15043   0.08713  -0.23927   0.01444   0.11188
   25 C5               Z    0.00000   0.00000   0.00000   0.00000   0.00000
   26 H6               S    0.03944   0.12928   0.23931  -0.10291  -0.18953
   27 H7               S   -0.06211  -0.16819  -0.14607   0.00861  -0.24905
   28 H8               S   -0.03944  -0.12928  -0.23931  -0.10291   0.18953
   29 C9               S   -0.01204   0.01230   0.00558  -0.02201  -0.00358
   30 C9               S    0.03523  -0.03287  -0.01925   0.06191   0.00810
   31 C9               X    0.01051   0.20042  -0.09257  -0.15404  -0.08927
   32 C9               Y    0.23245   0.07365  -0.03764   0.22564  -0.01415
   33 C9               Z    0.00000   0.00000   0.00000   0.00000   0.00000
   34 C10              S    0.01425  -0.01459  -0.00528   0.00277   0.00329
   35 C10              S   -0.05279   0.06318   0.01321  -0.02468  -0.01717
   36 C10              X    0.15450  -0.13759  -0.01962   0.32560   0.07330
   37 C10              Y    0.14889   0.17149  -0.18916   0.12999  -0.06679
   38 C10              Z    0.00000   0.00000   0.00000   0.00000   0.00000
   39 H11              S    0.05081   0.14966  -0.13856   0.02058  -0.05424
   40 H12              S   -0.13695  -0.05243  -0.00338  -0.15109  -0.00852
   41 H13              S   -0.15065   0.02507   0.09669  -0.24573  -0.01904
   42 C14              S    0.01204  -0.01230  -0.00558  -0.02201   0.00358
   43 C14              S   -0.03523   0.03287   0.01925   0.06191  -0.00810
   44 C14              X    0.01051   0.20042  -0.09257   0.15404  -0.08927
   45 C14              Y    0.23245   0.07365  -0.03764  -0.22564  -0.01415
   46 C14              Z    0.00000   0.00000   0.00000   0.00000   0.00000
   47 H15              S    0.13695   0.05243   0.00338  -0.15109   0.00852
   48 C16              S   -0.01425   0.01459   0.00528   0.00277  -0.00329
   49 C16              S    0.05279  -0.06318  -0.01321  -0.02468   0.01717
   50 C16              X    0.15450  -0.13759  -0.01962  -0.32560   0.07330
   51 C16              Y    0.14889   0.17149  -0.18916  -0.12999  -0.06679
   52 C16              Z    0.00000   0.00000   0.00000   0.00000   0.00000
   53 H17              S   -0.05081  -0.14966   0.13856   0.02058   0.05424
   54 H18              S    0.15065  -0.02507  -0.09669  -0.24573   0.01904
   55 C19              S   -0.01606  -0.04761  -0.02859  -0.02476   0.02146
   56 C19              S    0.05492   0.16332   0.10245   0.08381  -0.06638
   57 C19              X    0.20818  -0.15116   0.02498  -0.06227  -0.01494
   58 C19              Y    0.05807   0.13076   0.14030  -0.03205   0.35573
   59 C19              Z    0.00000   0.00000   0.00000   0.00000   0.00000
   60 H20              S    0.06211   0.16819   0.14607   0.00861   0.24905
   
                             26        27        28        29        30
  eigenvalues-             -0.55242  -0.53736  -0.53367  -0.50117  -0.49298
  occupations-              1.00000   1.00000   1.00000   1.00000   1.00000
    1 C1               S    0.00534   0.02337   0.00000   0.01436  -0.00525
    2 C1               S   -0.01981  -0.08558   0.00000  -0.06005   0.02725
    3 C1               X   -0.20045   0.00036   0.00000  -0.17322   0.29726
    4 C1               Y    0.06619   0.10025   0.00000  -0.15800  -0.07532
    5 C1               Z    0.00000   0.00000   0.36208   0.00000   0.00000
    6 C2               S   -0.00870  -0.00911   0.00000  -0.01023  -0.00350
    7 C2               S    0.02484   0.03056   0.00000   0.03599   0.00337
    8 C2               X   -0.18883  -0.13389   0.00000  -0.03623  -0.25473
    9 C2               Y   -0.10160  -0.12439   0.00000   0.12048   0.05169
   10 C2               Z    0.00000   0.00000   0.28730   0.00000   0.00000
   11 C3               S    0.01171   0.00866   0.00000   0.00395  -0.00069
   12 C3               S   -0.04448  -0.04002   0.00000  -0.01106   0.00488
   13 C3               X    0.22085   0.10751   0.00000  -0.02347   0.29097
   14 C3               Y    0.04440   0.19436   0.00000  -0.06885  -0.06859
   15 C3               Z    0.00000   0.00000   0.28545   0.00000   0.00000
   16 C4               S   -0.00534   0.02337   0.00000  -0.01436  -0.00525
   17 C4               S    0.01981  -0.08558   0.00000   0.06005   0.02725
   18 C4               X   -0.20045  -0.00036   0.00000  -0.17322  -0.29726
   19 C4               Y    0.06619  -0.10025   0.00000  -0.15800   0.07532
   20 C4               Z    0.00000   0.00000   0.36208   0.00000   0.00000
   21 C5               S    0.00870  -0.00911   0.00000   0.01023  -0.00350
   22 C5               S   -0.02484   0.03056   0.00000  -0.03599   0.00337
   23 C5               X   -0.18883   0.13389   0.00000  -0.03623   0.25473
   24 C5               Y   -0.10160   0.12439   0.00000   0.12048  -0.05169
   25 C5               Z    0.00000   0.00000   0.28730   0.00000   0.00000
   26 H6               S   -0.07456  -0.00635   0.00000  -0.03952  -0.25904
   27 H7               S   -0.04393  -0.16930   0.00000   0.03996   0.07366
   28 H8               S    0.07456  -0.00635   0.00000   0.03952  -0.25904
   29 C9               S    0.00092  -0.02371   0.00000   0.00542  -0.01381
   30 C9               S    0.01283   0.09704   0.00000  -0.02595   0.05887
   31 C9               X    0.23430   0.18149   0.00000   0.04247   0.18045
   32 C9               Y   -0.13904  -0.13438   0.00000   0.27007   0.11711
   33 C9               Z    0.00000   0.00000   0.16368   0.00000   0.00000
   34 C10              S    0.01290   0.00963   0.00000  -0.00663   0.00471
   35 C10              S   -0.03011  -0.02372   0.00000   0.02432  -0.00991
   36 C10              X   -0.29596  -0.06990   0.00000  -0.05192  -0.14605
   37 C10              Y   -0.02181   0.28964   0.00000  -0.27232  -0.04611
   38 C10              Z    0.00000   0.00000   0.09262   0.00000   0.00000
   39 H11              S    0.03103   0.23777   0.00000  -0.23502  -0.05399
   40 H12              S    0.13950   0.17235   0.00000  -0.26007  -0.05581
   41 H13              S    0.17775  -0.11521   0.00000   0.20557   0.12930
   42 C14              S   -0.00092  -0.02371   0.00000  -0.00542  -0.01381
   43 C14              S   -0.01283   0.09704   0.00000   0.02595   0.05887
   44 C14              X    0.23430  -0.18149   0.00000   0.04247  -0.18045
   45 C14              Y   -0.13904   0.13438   0.00000   0.27007  -0.11711
   46 C14              Z    0.00000   0.00000   0.16368   0.00000   0.00000
   47 H15              S   -0.13950   0.17235   0.00000   0.26007  -0.05581
   48 C16              S   -0.01290   0.00963   0.00000   0.00663   0.00471
   49 C16              S    0.03011  -0.02372   0.00000  -0.02432  -0.00991
   50 C16              X   -0.29596   0.06990   0.00000  -0.05192   0.14605
   51 C16              Y   -0.02181  -0.28964   0.00000  -0.27232   0.04611
   52 C16              Z    0.00000   0.00000   0.09262   0.00000   0.00000
   53 H17              S   -0.03103   0.23777   0.00000   0.23502  -0.05399
   54 H18              S   -0.17775  -0.11521   0.00000  -0.20557   0.12930
   55 C19              S   -0.01171   0.00866   0.00000  -0.00395  -0.00069
   56 C19              S    0.04448  -0.04002   0.00000   0.01106   0.00488
   57 C19              X    0.22085  -0.10751   0.00000  -0.02347  -0.29097
   58 C19              Y    0.04440  -0.19436   0.00000  -0.06885   0.06859
   59 C19              Z    0.00000   0.00000   0.28545   0.00000   0.00000
   60 H20              S    0.04393  -0.16930   0.00000  -0.03996   0.07366
   
                             31        32        33        34        35
  eigenvalues-             -0.48270  -0.47366  -0.41794  -0.39424  -0.36975
  occupations-              1.00000   1.00000   1.00000   1.00000   1.00000
    1 C1               S    0.01141   0.00000   0.00000   0.00000   0.00000
    2 C1               S   -0.05141   0.00000   0.00000   0.00000   0.00000
    3 C1               X   -0.02871   0.00000   0.00000   0.00000   0.00000
    4 C1               Y   -0.29007   0.00000   0.00000   0.00000   0.00000
    5 C1               Z    0.00000   0.38387  -0.02859   0.00423   0.37778
    6 C2               S   -0.00244   0.00000   0.00000   0.00000   0.00000
    7 C2               S    0.00509   0.00000   0.00000   0.00000   0.00000
    8 C2               X    0.00824   0.00000   0.00000   0.00000   0.00000
    9 C2               Y    0.27469   0.00000   0.00000   0.00000   0.00000
   10 C2               Z    0.00000   0.14055  -0.16785  -0.46074   0.19920
   11 C3               S    0.00567   0.00000   0.00000   0.00000   0.00000
   12 C3               S   -0.01290   0.00000   0.00000   0.00000   0.00000
   13 C3               X   -0.00498   0.00000   0.00000   0.00000   0.00000
   14 C3               Y   -0.22151   0.00000   0.00000   0.00000   0.00000
   15 C3               Z    0.00000  -0.13375  -0.16915  -0.46056  -0.19580
   16 C4               S    0.01141   0.00000   0.00000   0.00000   0.00000
   17 C4               S   -0.05141   0.00000   0.00000   0.00000   0.00000
   18 C4               X    0.02871   0.00000   0.00000   0.00000   0.00000
   19 C4               Y    0.29007   0.00000   0.00000   0.00000   0.00000
   20 C4               Z    0.00000  -0.38387  -0.02859  -0.00423  -0.37778
   21 C5               S   -0.00244   0.00000   0.00000   0.00000   0.00000
   22 C5               S    0.00509   0.00000   0.00000   0.00000   0.00000
   23 C5               X   -0.00824   0.00000   0.00000   0.00000   0.00000
   24 C5               Y   -0.27469   0.00000   0.00000   0.00000   0.00000
   25 C5               Z    0.00000  -0.14055  -0.16785   0.46074  -0.19920
   26 H6               S   -0.11283   0.00000   0.00000   0.00000   0.00000
   27 H7               S    0.23566   0.00000   0.00000   0.00000   0.00000
   28 H8               S   -0.11283   0.00000   0.00000   0.00000   0.00000
   29 C9               S    0.00750   0.00000   0.00000   0.00000   0.00000
   30 C9               S   -0.02440   0.00000   0.00000   0.00000   0.00000
   31 C9               X   -0.06590   0.00000   0.00000   0.00000   0.00000
   32 C9               Y   -0.20360   0.00000   0.00000   0.00000   0.00000
   33 C9               Z    0.00000  -0.34296   0.39006  -0.00623   0.22848
   34 C10              S    0.00480   0.00000   0.00000   0.00000   0.00000
   35 C10              S   -0.01933   0.00000   0.00000   0.00000   0.00000
   36 C10              X    0.02111   0.00000   0.00000   0.00000   0.00000
   37 C10              Y    0.15603   0.00000   0.00000   0.00000   0.00000
   38 C10              Z    0.00000  -0.26522   0.44731   0.00289   0.42939
   39 H11              S    0.14001   0.00000   0.00000   0.00000   0.00000
   40 H12              S    0.19979   0.00000   0.00000   0.00000   0.00000
   41 H13              S   -0.12037   0.00000   0.00000   0.00000   0.00000
   42 C14              S    0.00750   0.00000   0.00000   0.00000   0.00000
   43 C14              S   -0.02440   0.00000   0.00000   0.00000   0.00000
   44 C14              X    0.06590   0.00000   0.00000   0.00000   0.00000
   45 C14              Y    0.20360   0.00000   0.00000   0.00000   0.00000
   46 C14              Z    0.00000   0.34296   0.39006   0.00623  -0.22848
   47 H15              S    0.19979   0.00000   0.00000   0.00000   0.00000
   48 C16              S    0.00480   0.00000   0.00000   0.00000   0.00000
   49 C16              S   -0.01933   0.00000   0.00000   0.00000   0.00000
   50 C16              X   -0.02111   0.00000   0.00000   0.00000   0.00000
   51 C16              Y   -0.15603   0.00000   0.00000   0.00000   0.00000
   52 C16              Z    0.00000   0.26522   0.44731  -0.00289  -0.42939
   53 H17              S    0.14001   0.00000   0.00000   0.00000   0.00000
   54 H18              S   -0.12037   0.00000   0.00000   0.00000   0.00000
   55 C19              S    0.00567   0.00000   0.00000   0.00000   0.00000
   56 C19              S   -0.01290   0.00000   0.00000   0.00000   0.00000
   57 C19              X    0.00498   0.00000   0.00000   0.00000   0.00000
   58 C19              Y    0.22151   0.00000   0.00000   0.00000   0.00000
   59 C19              Z    0.00000   0.13375  -0.16915   0.46056   0.19580
   60 H20              S    0.23566   0.00000   0.00000   0.00000   0.00000
   
  
  
 ***************************************** 
 
 beta occupied orbitals: final wave function in AO space
 
 ***************************************** 
   
   
                              1         2         3         4         5
  eigenvalues-            -10.25059 -10.25055 -10.21896 -10.21893 -10.21847
  occupations-              1.00000   1.00000   1.00000   1.00000   1.00000
    1 C1               S    0.70031   0.70033  -0.01062  -0.00634  -0.01080
    2 C1               S    0.03097   0.03079   0.00750   0.00395   0.00509
    3 C1               X   -0.00092  -0.00070  -0.00107   0.00091   0.00358
    4 C1               Y   -0.00043  -0.00028  -0.00390  -0.00484   0.00204
    5 C1               Z    0.00000   0.00000   0.00000   0.00000   0.00000
    6 C2               S   -0.00803  -0.00832  -0.68285  -0.67626  -0.00835
    7 C2               S   -0.00708  -0.00645  -0.03174  -0.03142  -0.00049
    8 C2               X    0.00023  -0.00009   0.00193   0.00179  -0.00007
    9 C2               Y   -0.00437  -0.00436  -0.00002   0.00025  -0.00001
   10 C2               Z    0.00000   0.00000   0.00000   0.00000   0.00000
   11 C3               S    0.00768  -0.00807   0.15475   0.18044  -0.00427
   12 C3               S    0.00709  -0.00649   0.01344   0.01418  -0.00001
   13 C3               X   -0.00377   0.00392   0.00365   0.00364   0.00003
   14 C3               Y    0.00225  -0.00201   0.00258   0.00251  -0.00001
   15 C3               Z    0.00000   0.00000   0.00000   0.00000   0.00000
   16 C4               S   -0.70031   0.70033   0.01062  -0.00634   0.01080
   17 C4               S   -0.03097   0.03079  -0.00750   0.00395  -0.00509
   18 C4               X   -0.00092   0.00070  -0.00107  -0.00091   0.00358
   19 C4               Y   -0.00043   0.00028  -0.00390   0.00484   0.00204
   20 C4               Z    0.00000   0.00000   0.00000   0.00000   0.00000
   21 C5               S    0.00803  -0.00832   0.68285  -0.67626   0.00835
   22 C5               S    0.00708  -0.00645   0.03174  -0.03142   0.00049
   23 C5               X    0.00023   0.00009   0.00193  -0.00179  -0.00007
   24 C5               Y   -0.00437   0.00436  -0.00002  -0.00025  -0.00001
   25 C5               Z    0.00000   0.00000   0.00000   0.00000   0.00000
   26 H6               S    0.00022   0.00012   0.00614   0.00615   0.00021
   27 H7               S   -0.00023   0.00012  -0.00156  -0.00167   0.00003
   28 H8               S   -0.00022   0.00012  -0.00614   0.00615  -0.00021
   29 C9               S    0.00970  -0.00984  -0.00737   0.02126   0.70012
   30 C9               S    0.00586  -0.00592  -0.00011   0.00088   0.03101
   31 C9               X    0.00333  -0.00337   0.00004   0.00005  -0.00131
   32 C9               Y    0.00226  -0.00228   0.00007  -0.00007   0.00053
   33 C9               Z    0.00000   0.00000   0.00000   0.00000   0.00000
   34 C10              S   -0.00009   0.00009  -0.00115   0.00055  -0.01834
   35 C10              S   -0.00029   0.00029  -0.00006  -0.00012  -0.00811
   36 C10              X   -0.00015   0.00015  -0.00001  -0.00009  -0.00438
   37 C10              Y   -0.00014   0.00014  -0.00009   0.00010   0.00156
   38 C10              Z    0.00000   0.00000   0.00000   0.00000   0.00000
   39 H11              S    0.00014  -0.00013   0.00017  -0.00017   0.00029
   40 H12              S   -0.00016   0.00017   0.00002  -0.00014  -0.00636
   41 H13              S    0.00003  -0.00002  -0.00001   0.00002   0.00030
   42 C14              S   -0.00970  -0.00984   0.00737   0.02126  -0.70012
   43 C14              S   -0.00586  -0.00592   0.00011   0.00088  -0.03101
   44 C14              X    0.00333   0.00337   0.00004  -0.00005  -0.00131
   45 C14              Y    0.00226   0.00228   0.00007   0.00007   0.00053
   46 C14              Z    0.00000   0.00000   0.00000   0.00000   0.00000
   47 H15              S    0.00016   0.00017  -0.00002  -0.00014   0.00636
   48 C16              S    0.00009   0.00009   0.00115   0.00055   0.01834
   49 C16              S    0.00029   0.00029   0.00006  -0.00012   0.00811
   50 C16              X   -0.00015  -0.00015  -0.00001   0.00009  -0.00438
   51 C16              Y   -0.00014  -0.00014  -0.00009  -0.00010   0.00156
   52 C16              Z    0.00000   0.00000   0.00000   0.00000   0.00000
   53 H17              S   -0.00014  -0.00013  -0.00017  -0.00017  -0.00029
   54 H18              S   -0.00003  -0.00002   0.00001   0.00002  -0.00030
   55 C19              S   -0.00768  -0.00807  -0.15475   0.18044   0.00427
   56 C19              S   -0.00709  -0.00649  -0.01344   0.01418   0.00001
   57 C19              X   -0.00377  -0.00392   0.00365  -0.00364   0.00003
   58 C19              Y    0.00225   0.00201   0.00258  -0.00251  -0.00001
   59 C19              Z    0.00000   0.00000   0.00000   0.00000   0.00000
   60 H20              S    0.00023   0.00012   0.00156  -0.00167  -0.00003
   
                              6         7         8         9        10
  eigenvalues-            -10.21847 -10.21786 -10.21775 -10.21089 -10.21089
  occupations-              1.00000   1.00000   1.00000   1.00000   1.00000
    1 C1               S   -0.01077  -0.00656  -0.01150   0.00023   0.00021
    2 C1               S    0.00496   0.00479   0.00723   0.00007   0.00008
    3 C1               X    0.00366  -0.00381  -0.00365   0.00001   0.00000
    4 C1               Y    0.00191   0.00284   0.00089  -0.00003  -0.00003
    5 C1               Z    0.00000   0.00000   0.00000   0.00000   0.00000
    6 C2               S   -0.01540   0.15569  -0.18191   0.00149   0.00128
    7 C2               S   -0.00099   0.00030  -0.00177  -0.00001   0.00001
    8 C2               X    0.00001   0.00352  -0.00353  -0.00008  -0.00010
    9 C2               Y    0.00011   0.00222  -0.00218  -0.00003  -0.00005
   10 C2               Z    0.00000   0.00000   0.00000   0.00000   0.00000
   11 C3               S    0.02425   0.68310  -0.67640   0.00125  -0.00049
   12 C3               S    0.00120   0.02874  -0.02806  -0.00004  -0.00002
   13 C3               X    0.00011  -0.00077   0.00088   0.00003  -0.00008
   14 C3               Y    0.00021   0.00066  -0.00019  -0.00001  -0.00003
   15 C3               Z    0.00000   0.00000   0.00000   0.00000   0.00000
   16 C4               S   -0.01077   0.00656  -0.01150   0.00023  -0.00021
   17 C4               S    0.00496  -0.00479   0.00723   0.00007  -0.00008
   18 C4               X   -0.00366  -0.00381   0.00365  -0.00001   0.00000
   19 C4               Y   -0.00191   0.00284  -0.00089   0.00003  -0.00003
   20 C4               Z    0.00000   0.00000   0.00000   0.00000   0.00000
   21 C5               S   -0.01540  -0.15569  -0.18191   0.00149  -0.00128
   22 C5               S   -0.00099  -0.00030  -0.00177  -0.00001  -0.00001
   23 C5               X   -0.00001   0.00352   0.00353   0.00008  -0.00010
   24 C5               Y   -0.00011   0.00222   0.00218   0.00003  -0.00005
   25 C5               Z    0.00000   0.00000   0.00000   0.00000   0.00000
   26 H6               S    0.00030  -0.00121   0.00162   0.00009   0.00009
   27 H7               S   -0.00020  -0.00604   0.00611  -0.00002   0.00001
   28 H8               S    0.00030   0.00121   0.00162   0.00009  -0.00009
   29 C9               S   -0.69959   0.00593  -0.01929   0.01921  -0.01921
   30 C9               S   -0.03097   0.00041  -0.00097  -0.00642   0.00642
   31 C9               X    0.00132   0.00000   0.00008   0.00424  -0.00424
   32 C9               Y   -0.00052   0.00002   0.00003  -0.00161   0.00161
   33 C9               Z    0.00000   0.00000   0.00000   0.00000   0.00000
   34 C10              S    0.01830  -0.00035   0.00208   0.70037  -0.70037
   35 C10              S    0.00810  -0.00012   0.00036   0.03034  -0.03034
   36 C10              X    0.00437  -0.00007   0.00020   0.00128  -0.00128
   37 C10              Y   -0.00156   0.00002  -0.00000  -0.00049   0.00049
   38 C10              Z    0.00000   0.00000   0.00000   0.00000   0.00000
   39 H11              S   -0.00029  -0.00001  -0.00004  -0.00623   0.00623
   40 H12              S    0.00635  -0.00010   0.00026  -0.00005   0.00005
   41 H13              S   -0.00030   0.00001  -0.00000  -0.00623   0.00623
   42 C14              S   -0.69959  -0.00593  -0.01929   0.01921   0.01921
   43 C14              S   -0.03097  -0.00041  -0.00097  -0.00642  -0.00642
   44 C14              X   -0.00132   0.00000  -0.00008  -0.00424  -0.00424
   45 C14              Y    0.00052   0.00002  -0.00003   0.00161   0.00161
   46 C14              Z    0.00000   0.00000   0.00000   0.00000   0.00000
   47 H15              S    0.00635   0.00010   0.00026  -0.00005  -0.00005
   48 C16              S    0.01830   0.00035   0.00208   0.70037   0.70037
   49 C16              S    0.00810   0.00012   0.00036   0.03034   0.03034
   50 C16              X   -0.00437  -0.00007  -0.00020  -0.00128  -0.00128
   51 C16              Y    0.00156   0.00002   0.00000   0.00049   0.00049
   52 C16              Z    0.00000   0.00000   0.00000   0.00000   0.00000
   53 H17              S   -0.00029   0.00001  -0.00004  -0.00623  -0.00623
   54 H18              S   -0.00030  -0.00001  -0.00000  -0.00623  -0.00623
   55 C19              S    0.02425  -0.68310  -0.67640   0.00125   0.00049
   56 C19              S    0.00120  -0.02874  -0.02806  -0.00004   0.00002
   57 C19              X   -0.00011  -0.00077  -0.00088  -0.00003  -0.00008
   58 C19              Y   -0.00021   0.00066   0.00019   0.00001  -0.00003
   59 C19              Z    0.00000   0.00000   0.00000   0.00000   0.00000
   60 H20              S   -0.00020   0.00604   0.00611  -0.00002  -0.00001
   
                             11        12        13        14        15
  eigenvalues-             -1.01474  -0.95446  -0.91376  -0.89745  -0.86466
  occupations-              1.00000   1.00000   1.00000   1.00000   1.00000
    1 C1               S   -0.10972   0.11081  -0.00922   0.01163  -0.09487
    2 C1               S    0.27983  -0.29447   0.02805  -0.03180   0.26268
    3 C1               X   -0.04115  -0.02635   0.09391   0.07152  -0.05955
    4 C1               Y   -0.02449  -0.01233   0.04899  -0.11531  -0.04424
    5 C1               Z    0.00000   0.00000   0.00000   0.00000   0.00000
    6 C2               S   -0.09743   0.04653   0.04018  -0.12216  -0.06954
    7 C2               S    0.24573  -0.12232  -0.10496   0.33082   0.19218
    8 C2               X   -0.05023  -0.02626   0.04851  -0.05513   0.01949
    9 C2               Y    0.03796  -0.06573   0.01484  -0.04747   0.07193
   10 C2               Z    0.00000   0.00000   0.00000   0.00000   0.00000
   11 C3               S   -0.09709  -0.04067   0.04492  -0.13271   0.04141
   12 C3               S    0.24442   0.10642  -0.11785   0.35923  -0.11449
   13 C3               X   -0.00929  -0.07075  -0.02917   0.05054   0.09678
   14 C3               Y    0.06216   0.00720  -0.03248   0.02880  -0.00594
   15 C3               Z    0.00000   0.00000   0.00000   0.00000   0.00000
   16 C4               S   -0.10972  -0.11081  -0.00922  -0.01163   0.09487
   17 C4               S    0.27983   0.29447   0.02805   0.03180  -0.26268
   18 C4               X    0.04115  -0.02635  -0.09391   0.07152  -0.05955
   19 C4               Y    0.02449  -0.01233  -0.04899  -0.11531  -0.04424
   20 C4               Z    0.00000   0.00000   0.00000   0.00000   0.00000
   21 C5               S   -0.09743  -0.04653   0.04018   0.12216   0.06954
   22 C5               S    0.24573   0.12232  -0.10496  -0.33082  -0.19218
   23 C5               X    0.05023  -0.02626  -0.04851  -0.05513   0.01949
   24 C5               Y   -0.03796  -0.06573  -0.01484  -0.04747   0.07193
   25 C5               Z    0.00000   0.00000   0.00000   0.00000   0.00000
   26 H6               S    0.03984  -0.02918  -0.01406   0.08168   0.04481
   27 H7               S    0.03878   0.02437  -0.01977   0.08664  -0.02848
   28 H8               S    0.03984   0.02918  -0.01406  -0.08168  -0.04481
   29 C9               S   -0.04694  -0.11130  -0.12409  -0.00072  -0.06461
   30 C9               S    0.12137   0.29211   0.32981   0.00260   0.17333
   31 C9               X    0.02263   0.00082  -0.06835   0.02396  -0.13609
   32 C9               Y    0.02454   0.04237   0.03082  -0.01445  -0.00352
   33 C9               Z    0.00000   0.00000   0.00000   0.00000   0.00000
   34 C10              S   -0.02156  -0.07275  -0.11320   0.01208  -0.11114
   35 C10              S    0.05425   0.18703   0.29668  -0.03132   0.29980
   36 C10              X    0.02313   0.06384   0.07986  -0.00623   0.04810
   37 C10              Y   -0.00359  -0.01501  -0.02635  -0.00366  -0.02820
   38 C10              Z    0.00000   0.00000   0.00000   0.00000   0.00000
   39 H11              S    0.01118   0.04010   0.06592  -0.01150   0.07127
   40 H12              S    0.02092   0.05727   0.07035   0.00880   0.04127
   41 H13              S    0.00792   0.03381   0.06263  -0.00633   0.07731
   42 C14              S   -0.04694   0.11130  -0.12409   0.00072   0.06461
   43 C14              S    0.12137  -0.29211   0.32981  -0.00260  -0.17333
   44 C14              X   -0.02263   0.00082   0.06835   0.02396  -0.13609
   45 C14              Y   -0.02454   0.04237  -0.03082  -0.01445  -0.00352
   46 C14              Z    0.00000   0.00000   0.00000   0.00000   0.00000
   47 H15              S    0.02092  -0.05727   0.07035  -0.00880  -0.04127
   48 C16              S   -0.02156   0.07275  -0.11320  -0.01208   0.11114
   49 C16              S    0.05425  -0.18703   0.29668   0.03132  -0.29980
   50 C16              X   -0.02313   0.06384  -0.07986  -0.00623   0.04810
   51 C16              Y    0.00359  -0.01501   0.02635  -0.00366  -0.02820
   52 C16              Z    0.00000   0.00000   0.00000   0.00000   0.00000
   53 H17              S    0.01118  -0.04010   0.06592   0.01150  -0.07127
   54 H18              S    0.00792  -0.03381   0.06263   0.00633  -0.07731
   55 C19              S   -0.09709   0.04067   0.04492   0.13271  -0.04141
   56 C19              S    0.24442  -0.10642  -0.11785  -0.35923   0.11449
   57 C19              X    0.00929  -0.07075   0.02917   0.05054   0.09678
   58 C19              Y   -0.06216   0.00720   0.03248   0.02880  -0.00594
   59 C19              Z    0.00000   0.00000   0.00000   0.00000   0.00000
   60 H20              S    0.03878  -0.02437  -0.01977  -0.08664   0.02848
   
                             16        17        18        19        20
  eigenvalues-             -0.78194  -0.75559  -0.71882  -0.70069  -0.64811
  occupations-              1.00000   1.00000   1.00000   1.00000   1.00000
    1 C1               S   -0.07169  -0.05748  -0.00857   0.04803   0.03190
    2 C1               S    0.21116   0.17205   0.02384  -0.14418  -0.10631
    3 C1               X    0.01200   0.13905  -0.12137   0.15533  -0.09390
    4 C1               Y    0.15686  -0.15342  -0.11774   0.05069  -0.09374
    5 C1               Z    0.00000   0.00000   0.00000   0.00000   0.00000
    6 C2               S    0.08728  -0.05312  -0.02979  -0.05228  -0.01640
    7 C2               S   -0.25104   0.15876   0.09131   0.16858   0.04559
    8 C2               X   -0.00180   0.13155   0.05988   0.10785  -0.15455
    9 C2               Y    0.05984   0.15468   0.07047  -0.17916   0.03180
   10 C2               Z    0.00000   0.00000   0.00000   0.00000   0.00000
   11 C3               S   -0.00907   0.11138   0.05021  -0.01351   0.01672
   12 C3               S    0.02780  -0.32959  -0.15444   0.04687  -0.06290
   13 C3               X   -0.17140   0.00114   0.00179   0.14827   0.08152
   14 C3               Y   -0.03582   0.07032  -0.01141  -0.14880   0.17206
   15 C3               Z    0.00000   0.00000   0.00000   0.00000   0.00000
   16 C4               S   -0.07169  -0.05748   0.00857   0.04803   0.03190
   17 C4               S    0.21116   0.17205  -0.02384  -0.14418  -0.10631
   18 C4               X   -0.01200  -0.13905  -0.12137  -0.15533   0.09390
   19 C4               Y   -0.15686   0.15342  -0.11774  -0.05069   0.09374
   20 C4               Z    0.00000   0.00000   0.00000   0.00000   0.00000
   21 C5               S    0.08728  -0.05312   0.02979  -0.05228  -0.01640
   22 C5               S   -0.25104   0.15876  -0.09131   0.16858   0.04559
   23 C5               X    0.00180  -0.13155   0.05988  -0.10785   0.15455
   24 C5               Y   -0.05984  -0.15468   0.07047   0.17916  -0.03180
   25 C5               Z    0.00000   0.00000   0.00000   0.00000   0.00000
   26 H6               S   -0.10171   0.07136   0.04914   0.15846  -0.08511
   27 H7               S    0.02480  -0.14596  -0.04315   0.10203  -0.12287
   28 H8               S   -0.10171   0.07136  -0.04914   0.15846  -0.08511
   29 C9               S   -0.04344  -0.00510  -0.09587  -0.05690  -0.04948
   30 C9               S    0.13279   0.01769   0.29810   0.17627   0.15951
   31 C9               X    0.16017   0.07108   0.10728   0.04618  -0.12572
   32 C9               Y   -0.02466   0.07059  -0.08308  -0.04957  -0.17444
   33 C9               Z    0.00000   0.00000   0.00000   0.00000   0.00000
   34 C10              S    0.08253   0.04503   0.08760   0.05656   0.02582
   35 C10              S   -0.23694  -0.13377  -0.27033  -0.17819  -0.09336
   36 C10              X    0.02724   0.03146   0.11701   0.09320   0.09412
   37 C10              Y   -0.01272   0.03148  -0.07325  -0.03550  -0.20186
   38 C10              Z    0.00000   0.00000   0.00000   0.00000   0.00000
   39 H11              S   -0.09068  -0.02855  -0.15372  -0.08996  -0.18139
   40 H12              S    0.06389  -0.02807   0.15190   0.09690   0.15059
   41 H13              S   -0.08254  -0.06445  -0.11980  -0.09187  -0.00583
   42 C14              S   -0.04344  -0.00510   0.09587  -0.05690  -0.04948
   43 C14              S    0.13279   0.01769  -0.29810   0.17627   0.15951
   44 C14              X   -0.16017  -0.07108   0.10728  -0.04618   0.12572
   45 C14              Y    0.02466  -0.07059  -0.08308   0.04957   0.17444
   46 C14              Z    0.00000   0.00000   0.00000   0.00000   0.00000
   47 H15              S    0.06389  -0.02807  -0.15190   0.09690   0.15059
   48 C16              S    0.08253   0.04503  -0.08760   0.05656   0.02582
   49 C16              S   -0.23694  -0.13377   0.27033  -0.17819  -0.09336
   50 C16              X   -0.02724  -0.03146   0.11701  -0.09320  -0.09412
   51 C16              Y    0.01272  -0.03148  -0.07325   0.03550   0.20186
   52 C16              Z    0.00000   0.00000   0.00000   0.00000   0.00000
   53 H17              S   -0.09068  -0.02855   0.15372  -0.08996  -0.18139
   54 H18              S   -0.08254  -0.06445   0.11980  -0.09187  -0.00583
   55 C19              S   -0.00907   0.11138  -0.05021  -0.01351   0.01672
   56 C19              S    0.02780  -0.32959   0.15444   0.04687  -0.06290
   57 C19              X    0.17140  -0.00114   0.00179  -0.14827  -0.08152
   58 C19              Y    0.03582  -0.07032  -0.01141   0.14880  -0.17206
   59 C19              Z    0.00000   0.00000   0.00000   0.00000   0.00000
   60 H20              S    0.02480  -0.14596   0.04315   0.10203  -0.12287
   
                             21        22        23        24        25
  eigenvalues-             -0.63305  -0.60101  -0.59325  -0.58500  -0.56771
  occupations-              1.00000   1.00000   1.00000   1.00000   1.00000
    1 C1               S    0.01756   0.05060   0.04909   0.01796   0.00503
    2 C1               S   -0.06109  -0.17462  -0.16952  -0.06025  -0.01786
    3 C1               X   -0.20050   0.00638   0.09217   0.00638   0.12522
    4 C1               Y    0.10261  -0.19238   0.19274  -0.01067  -0.05182
    5 C1               Z    0.00000   0.00000   0.00000   0.00000   0.00000
    6 C2               S   -0.03728  -0.04784  -0.01559   0.02049  -0.01713
    7 C2               S    0.12152   0.16541   0.05912  -0.07620   0.05417
    8 C2               X   -0.09039   0.16629   0.16129  -0.13459  -0.25699
    9 C2               Y   -0.14910   0.07686  -0.24678  -0.01639   0.10388
   10 C2               Z    0.00000   0.00000   0.00000   0.00000   0.00000
   11 C3               S    0.01769   0.04694   0.02533  -0.02467  -0.02094
   12 C3               S   -0.06029  -0.16091  -0.09082   0.08351   0.06466
   13 C3               X    0.20636  -0.15623   0.02815   0.06739  -0.00433
   14 C3               Y    0.06305   0.13725   0.13009   0.03067   0.35914
   15 C3               Z    0.00000   0.00000   0.00000   0.00000   0.00000
   16 C4               S   -0.01756  -0.05060  -0.04909   0.01796  -0.00503
   17 C4               S    0.06109   0.17462   0.16952  -0.06025   0.01786
   18 C4               X   -0.20050   0.00638   0.09217  -0.00638   0.12522
   19 C4               Y    0.10261  -0.19238   0.19274   0.01067  -0.05182
   20 C4               Z    0.00000   0.00000   0.00000   0.00000   0.00000
   21 C5               S    0.03728   0.04784   0.01559   0.02049   0.01713
   22 C5               S   -0.12152  -0.16541  -0.05912  -0.07620  -0.05417
   23 C5               X   -0.09039   0.16629   0.16129   0.13459  -0.25699
   24 C5               Y   -0.14910   0.07686  -0.24678   0.01639   0.10388
   25 C5               Z    0.00000   0.00000   0.00000   0.00000   0.00000
   26 H6               S    0.04098   0.14090   0.23513  -0.10538  -0.19106
   27 H7               S   -0.06838  -0.17346  -0.13476   0.00952  -0.25261
   28 H8               S   -0.04098  -0.14090  -0.23513  -0.10538   0.19106
   29 C9               S   -0.01271   0.01344   0.00500  -0.02338  -0.00367
   30 C9               S    0.03826  -0.03630  -0.01760   0.06719   0.00935
   31 C9               X    0.01476   0.19579  -0.10308  -0.15613  -0.07711
   32 C9               Y    0.23603   0.07207  -0.04207   0.22862  -0.02630
   33 C9               Z    0.00000   0.00000   0.00000   0.00000   0.00000
   34 C10              S    0.01504  -0.01566  -0.00491   0.00290   0.00407
   35 C10              S   -0.05425   0.06555   0.01104  -0.02512  -0.01869
   36 C10              X    0.15088  -0.13832  -0.01309   0.32101   0.05420
   37 C10              Y    0.14432   0.15757  -0.19274   0.12171  -0.06955
   38 C10              Z    0.00000   0.00000   0.00000   0.00000   0.00000
   39 H11              S    0.04846   0.14597  -0.14666   0.01552  -0.05530
   40 H12              S   -0.13843  -0.05427   0.00019  -0.15195   0.00237
   41 H13              S   -0.15300   0.03391   0.09728  -0.24798  -0.00770
   42 C14              S    0.01271  -0.01344  -0.00500  -0.02338   0.00367
   43 C14              S   -0.03826   0.03630   0.01760   0.06719  -0.00935
   44 C14              X    0.01476   0.19579  -0.10308   0.15613  -0.07711
   45 C14              Y    0.23603   0.07207  -0.04207  -0.22862  -0.02630
   46 C14              Z    0.00000   0.00000   0.00000   0.00000   0.00000
   47 H15              S    0.13843   0.05427  -0.00019  -0.15195  -0.00237
   48 C16              S   -0.01504   0.01566   0.00491   0.00290  -0.00407
   49 C16              S    0.05425  -0.06555  -0.01104  -0.02512   0.01869
   50 C16              X    0.15088  -0.13832  -0.01309  -0.32101   0.05420
   51 C16              Y    0.14432   0.15757  -0.19274  -0.12171  -0.06955
   52 C16              Z    0.00000   0.00000   0.00000   0.00000   0.00000
   53 H17              S   -0.04846  -0.14597   0.14666   0.01552   0.05530
   54 H18              S    0.15300  -0.03391  -0.09728  -0.24798   0.00770
   55 C19              S   -0.01769  -0.04694  -0.02533  -0.02467   0.02094
   56 C19              S    0.06029   0.16091   0.09082   0.08351  -0.06466
   57 C19              X    0.20636  -0.15623   0.02815  -0.06739  -0.00433
   58 C19              Y    0.06305   0.13725   0.13009  -0.03067   0.35914
   59 C19              Z    0.00000   0.00000   0.00000   0.00000   0.00000
   60 H20              S    0.06838   0.17346   0.13476   0.00952   0.25261
   
                             26        27        28        29        30
  eigenvalues-             -0.54948  -0.53541  -0.51738  -0.49956  -0.49148
  occupations-              1.00000   1.00000   1.00000   1.00000   1.00000
    1 C1               S    0.00528   0.02337   0.00000   0.01382  -0.00599
    2 C1               S   -0.01936  -0.08434   0.00000  -0.05763   0.03049
    3 C1               X   -0.20315   0.00233   0.00000  -0.17126   0.29610
    4 C1               Y    0.07081   0.10213   0.00000  -0.15561  -0.05500
    5 C1               Z    0.00000   0.00000  -0.33560   0.00000   0.00000
    6 C2               S   -0.00741  -0.00832   0.00000  -0.01028  -0.00396
    7 C2               S    0.02072   0.02761   0.00000   0.03611   0.00565
    8 C2               X   -0.17162  -0.13437   0.00000  -0.03807  -0.25084
    9 C2               Y   -0.11062  -0.12806   0.00000   0.12044   0.03263
   10 C2               Z    0.00000   0.00000  -0.29931   0.00000   0.00000
   11 C3               S    0.01372   0.00826   0.00000   0.00388  -0.00003
   12 C3               S   -0.05123  -0.03856   0.00000  -0.01084   0.00183
   13 C3               X    0.22162   0.10917   0.00000  -0.02184   0.29072
   14 C3               Y    0.02526   0.19290   0.00000  -0.06730  -0.05442
   15 C3               Z    0.00000   0.00000  -0.29848   0.00000   0.00000
   16 C4               S   -0.00528   0.02337   0.00000  -0.01382  -0.00599
   17 C4               S    0.01936  -0.08434   0.00000   0.05763   0.03049
   18 C4               X   -0.20315  -0.00233   0.00000  -0.17126  -0.29610
   19 C4               Y    0.07081  -0.10213   0.00000  -0.15561   0.05500
   20 C4               Z    0.00000   0.00000  -0.33560   0.00000   0.00000
   21 C5               S    0.00741  -0.00832   0.00000   0.01028  -0.00396
   22 C5               S   -0.02072   0.02761   0.00000  -0.03611   0.00565
   23 C5               X   -0.17162   0.13437   0.00000  -0.03807   0.25084
   24 C5               Y   -0.11062   0.12806   0.00000   0.12044  -0.03263
   25 C5               Z    0.00000   0.00000  -0.29931   0.00000   0.00000
   26 H6               S   -0.06170  -0.00652   0.00000  -0.04065  -0.24850
   27 H7               S   -0.03185  -0.16919   0.00000   0.03930   0.05695
   28 H8               S    0.06170  -0.00652   0.00000   0.04065  -0.24850
   29 C9               S    0.00229  -0.02249   0.00000   0.00462  -0.01376
   30 C9               S    0.00813   0.09255   0.00000  -0.02203   0.05916
   31 C9               X    0.24324   0.18432   0.00000   0.04488   0.18877
   32 C9               Y   -0.14138  -0.12993   0.00000   0.26763   0.13042
   33 C9               Z    0.00000   0.00000  -0.17835   0.00000   0.00000
   34 C10              S    0.01309   0.00952   0.00000  -0.00640   0.00455
   35 C10              S   -0.02939  -0.02261   0.00000   0.02312  -0.00875
   36 C10              X   -0.29650  -0.06861   0.00000  -0.05486  -0.14938
   37 C10              Y   -0.01366   0.28741   0.00000  -0.27079  -0.05844
   38 C10              Z    0.00000   0.00000  -0.08230   0.00000   0.00000
   39 H11              S    0.03712   0.24303   0.00000  -0.24037  -0.06610
   40 H12              S    0.14125   0.16657   0.00000  -0.25591  -0.06924
   41 H13              S    0.17973  -0.11856   0.00000   0.21307   0.14361
   42 C14              S   -0.00229  -0.02249   0.00000  -0.00462  -0.01376
   43 C14              S   -0.00813   0.09255   0.00000   0.02203   0.05916
   44 C14              X    0.24324  -0.18432   0.00000   0.04488  -0.18877
   45 C14              Y   -0.14138   0.12993   0.00000   0.26763  -0.13042
   46 C14              Z    0.00000   0.00000  -0.17835   0.00000   0.00000
   47 H15              S   -0.14125   0.16657   0.00000   0.25591  -0.06924
   48 C16              S   -0.01309   0.00952   0.00000   0.00640   0.00455
   49 C16              S    0.02939  -0.02261   0.00000  -0.02312  -0.00875
   50 C16              X   -0.29650   0.06861   0.00000  -0.05486   0.14938
   51 C16              Y   -0.01366  -0.28741   0.00000  -0.27079   0.05844
   52 C16              Z    0.00000   0.00000  -0.08230   0.00000   0.00000
   53 H17              S   -0.03712   0.24303   0.00000   0.24037  -0.06610
   54 H18              S   -0.17973  -0.11856   0.00000  -0.21307   0.14361
   55 C19              S   -0.01372   0.00826   0.00000  -0.00388  -0.00003
   56 C19              S    0.05123  -0.03856   0.00000   0.01084   0.00183
   57 C19              X    0.22162  -0.10917   0.00000  -0.02184  -0.29072
   58 C19              Y    0.02526  -0.19290   0.00000  -0.06730   0.05442
   59 C19              Z    0.00000   0.00000  -0.29848   0.00000   0.00000
   60 H20              S    0.03185  -0.16919   0.00000  -0.03930   0.05695
   
                             31        32        33        34
  eigenvalues-             -0.48112  -0.45081  -0.39107  -0.38880
  occupations-              1.00000   1.00000   1.00000   1.00000
    1 C1               S    0.01077   0.00000   0.00000   0.00000
    2 C1               S   -0.04803   0.00000   0.00000   0.00000
    3 C1               X   -0.00540   0.00000   0.00000   0.00000
    4 C1               Y   -0.29281   0.00000   0.00000   0.00000
    5 C1               Z    0.00000  -0.36033   0.00409  -0.01247
    6 C2               S   -0.00348   0.00000   0.00000   0.00000
    7 C2               S    0.00830   0.00000   0.00000   0.00000
    8 C2               X   -0.01104   0.00000   0.00000   0.00000
    9 C2               Y    0.27834   0.00000   0.00000   0.00000
   10 C2               Z    0.00000  -0.13421  -0.45964   0.19235
   11 C3               S    0.00626   0.00000   0.00000   0.00000
   12 C3               S   -0.01516   0.00000   0.00000   0.00000
   13 C3               X    0.01871   0.00000   0.00000   0.00000
   14 C3               Y   -0.22427   0.00000   0.00000   0.00000
   15 C3               Z    0.00000   0.12854  -0.46166   0.19508
   16 C4               S    0.01077   0.00000   0.00000   0.00000
   17 C4               S   -0.04803   0.00000   0.00000   0.00000
   18 C4               X    0.00540   0.00000   0.00000   0.00000
   19 C4               Y    0.29281   0.00000   0.00000   0.00000
   20 C4               Z    0.00000   0.36033  -0.00409  -0.01247
   21 C5               S   -0.00348   0.00000   0.00000   0.00000
   22 C5               S    0.00830   0.00000   0.00000   0.00000
   23 C5               X    0.01104   0.00000   0.00000   0.00000
   24 C5               Y   -0.27834   0.00000   0.00000   0.00000
   25 C5               Z    0.00000   0.13421   0.45964   0.19235
   26 H6               S   -0.13168   0.00000   0.00000   0.00000
   27 H7               S    0.23916   0.00000   0.00000   0.00000
   28 H8               S   -0.13168   0.00000   0.00000   0.00000
   29 C9               S    0.00681   0.00000   0.00000   0.00000
   30 C9               S   -0.02199   0.00000   0.00000   0.00000
   31 C9               X   -0.05285   0.00000   0.00000   0.00000
   32 C9               Y   -0.19483   0.00000   0.00000   0.00000
   33 C9               Z    0.00000   0.39023  -0.00489  -0.44620
   34 C10              S    0.00520   0.00000   0.00000   0.00000
   35 C10              S   -0.01986   0.00000   0.00000   0.00000
   36 C10              X    0.01147   0.00000   0.00000   0.00000
   37 C10              Y    0.15245   0.00000   0.00000   0.00000
   38 C10              Z    0.00000   0.23656   0.00458  -0.37012
   39 H11              S    0.13955   0.00000   0.00000   0.00000
   40 H12              S    0.19469   0.00000   0.00000   0.00000
   41 H13              S   -0.11503   0.00000   0.00000   0.00000
   42 C14              S    0.00681   0.00000   0.00000   0.00000
   43 C14              S   -0.02199   0.00000   0.00000   0.00000
   44 C14              X    0.05285   0.00000   0.00000   0.00000
   45 C14              Y    0.19483   0.00000   0.00000   0.00000
   46 C14              Z    0.00000  -0.39023   0.00489  -0.44620
   47 H15              S    0.19469   0.00000   0.00000   0.00000
   48 C16              S    0.00520   0.00000   0.00000   0.00000
   49 C16              S   -0.01986   0.00000   0.00000   0.00000
   50 C16              X   -0.01147   0.00000   0.00000   0.00000
   51 C16              Y   -0.15245   0.00000   0.00000   0.00000
   52 C16              Z    0.00000  -0.23656  -0.00458  -0.37012
   53 H17              S    0.13955   0.00000   0.00000   0.00000
   54 H18              S   -0.11503   0.00000   0.00000   0.00000
   55 C19              S    0.00626   0.00000   0.00000   0.00000
   56 C19              S   -0.01516   0.00000   0.00000   0.00000
   57 C19              X   -0.01871   0.00000   0.00000   0.00000
   58 C19              Y    0.22427   0.00000   0.00000   0.00000
   59 C19              Z    0.00000  -0.12854   0.46166   0.19508
   60 H20              S    0.23916   0.00000   0.00000   0.00000
   
  
  end of program post
   
 Time(post)  user:       0.159  user+sys:       0.159  wallclock:       0.231

 Total cpu seconds     user:       2.197   user+sys:       2.197
  
 Total elapsed time:    7 seconds

Job dvb_un_sp_ks completed on anonymized-host at Wed Jul 29 10:54:53 2026
