Job water_lmp2 started on anonymized-host at Wed Jul 29 10:54:46 2026
jobid: 6f8b9abc-8b5d-11f1-99e4-00be43be7bed

  +------------------------------------------------------------------------+
  |  Jaguar version 13.3, release 113                                      |
  |                                                                        |
  |  Copyright Schrodinger, Inc.                                           |
  |  All Rights Reserved.                                                  |
  |                                                                        |
  |  The following have contributed to Jaguar (listed alphabetically):     |
  |  Ty Balduf, Mike Beachy, Chandler Bennett, Art Bochevarov,             |
  |  Dale Braden, Yixiang Cao, Alan Chien, Chris Cortis,                   |
  |  Rich Friesner, Jim Furness, Bill Goddard, Hod Greeley,                |
  |  Tom Hughes, Leif Jacobson, Jean-Marc Langlois, Daniel Levine,         |
  |  Daniel Mainz, Rob Murphy, Dean Philipp, Tom Pollard,                  |
  |  Murco Ringnalda, Pablo Videla, Mark Watson, Haoyu Yu.                 |
  |                                                                        |
  |  Use of this program should be acknowledged in publications as:        |
  |                                                                        |
  |  Jaguar, version 13.3, Schrodinger, Inc., New York, NY, 2026.          |
  |                                                                        |
  |  Y. Cao, T. Balduf, M. D. Beachy, M. C. Bennett, A. D. Bochevarov,     |
  |  A. Chien, P. A. Dub, K. G. Dyall, J. W. Furness, M. D. Halls,         |
  |  T. F. Hughes, L. D. Jacobson, H. S. Kwak, D. S. Levine, D. T. Mainz,  |
  |  K. B. Moore, M. Svensson, P. E. Videla, M. A. Watson, R. A. Friesner, |
  |  "Quantum chemical package Jaguar: A survey of recent developments     |
  |  and unique features", J. Chem. Phys. 161, 052502 (2024).              |
  |  DOI: 10.1063/5.0213317                                                |
  +------------------------------------------------------------------------+
  
  start of program pre
  
  Job name: water_lmp2
  Executables used: /scr/shared/builds/2026-3/build/jaguar-v13.3/bin/Linux-x86_64
  Temporary files : /scr/shared/jobs/6f8b9abc-8b5d-11f1-99e4-00be43be7bed
  Basis file : using default basis file from /scr/shared/builds/2026-3/build
  Maestro file (input):  water_lmp2.mae
  Maestro file (output): water_lmp2.01.mae
  
 Contents of input file: &gen and (if present) &atomic sections only
 ----------------Contents start----------------
&gen
basis=6-31g
mp2=3
&
 -----------------Contents end-----------------
 
  PS calculation requested. Using PS version of 6-31g
  Dynamic memory assumed available for LMP2:  2354 Mb
  
  basis set:               6-31g                           
  net molecular charge:    0
  multiplicity:            1
  
  number of basis functions....           13
  
 Input geometry:
                                   angstroms
  atom               x                 y                 z
  O1            0.0000000000      0.0000000000      0.0000000000 
  H1            0.0000000000      0.0000000000      0.9900000000 
  H2            0.9516490790      0.0000000000     -0.2728809823 
   
  principal moments of inertia:
        amu*angstrom^2:                 0.63543                 1.26004                 1.89546
                g*cm^2:          1.05515246E-40          2.09233781E-40          3.14749027E-40
   
  rotational constants:
               cm^(-1):     26.52957683     13.37869448      8.89367270
                   GHz:    795.33670471    401.08317026    266.62559994
   
  Z-matrix: (angstroms and degrees) 
 O1
 H1    O1  r1
 H2    O1  r1    H1  a1
  
  Z-variables: (angstroms and degrees) 
  r1 =     0.99
  a1 =   106.0
  
  Molecular weight:      18.01 amu
   
  Stoichiometry: H2O
  Molecular Point Group: C2v     
  Point Group used: C1 (symmetry turned off)
  
  nuclear repulsion energy.......             8.887006263 hartrees
 
 Non-default options chosen:
   Post-SCF correlation type: LMP2            
   LMP2 energy will be computed with 2e frozen core for Li-Ne
      and 10e frozen core for Na-Ar
   Q will be stored on disk for fine grid
  
 Temporary integer options set:
     73=  2
  
  end of program pre
   
 Time(pre)  user:       0.435  user+sys:       0.435  wallclock:       0.457
  
  start of program onee
  
  smallest eigenvalue of S:    7.284E-02
  number of canonical orbitals.....           13
  end of program onee
   
 Time(onee)  user:       0.146  user+sys:       0.146  wallclock:       0.158
  
  start of program hfig
  
  initial wavefunction generated automatically from atomic wavefunctions
 
  Irreducible     Total no   No of occupied orbitals 
  representation  orbitals   Shell_1  Shell_2    ...
  No Symm           13          5
  ------------------------
  Orbital occupation/shell    1.000
 
  end of program hfig
   
 Time(hfig)  user:       0.239  user+sys:       0.239  wallclock:       0.276
  
  start of program probe
  
  end of program probe
   
 Time(probe)  user:       0.142  user+sys:       0.142  wallclock:       0.111
  
  start of program grid
  
   grid     grid set  grid #  grid sym
  ------    --------  ------  --------
  coarse        0        0        1
  medium        2        1        1
  fine          0        0        1
  ultrafine     4        2        1
  charge        0        0        1
  gradient      4        2        1
  density       0        0        1
  DFT-fine      0        0        1
  DFT-med.      0        0        1
  DFT-grad      0        0        1
  DFT-der2      0        0        1
  DFT-cphf      0        0        1
  LMP2-enrg     4        2        1
  LMP2-grad     2        1        1
  DFT-cphf2     0        0        1
  PBF-dens      0        0        1
  plotting      0        0        1
  Rel-grad    -17        0        1
  Extreme       0        0        1
  Extreme-G     0        0        1
  
  number of gridpoints: 
                 total
  grid # 1         347
  grid # 2        1324
   
  end of program grid
   
 Time(grid)  user:       0.145  user+sys:       0.145  wallclock:       0.133
  
  start of program rwr
  
  end of program rwr
   
 Time(rwr)  user:       0.161  user+sys:       0.161  wallclock:       0.169
  
  start of program scf
  
 number of electrons..........         10
 number of alpha electrons....          5
 number of beta electrons.....          5
 number of orbitals, total....         13
 number of doubly-occ'd orbs..          5
 number of open shell orbs....          0
 number of occupied orbitals..          5
 number of virtual orbitals...          8
 number of hamiltonians.......          1
 number of shells.............          1
 SCF type: HF
 Energy computed using pseudospectral method.
 Convergence Criteria:
    Energy (econv):       5.00E-05
    RMS density (dconv):  1.00E-04
  
       i  u  d  i  g                   
       t  p  i  c  r                                 RMS    maximum
       e  d  i  u  i                       energy  density   DIIS  
       r  t  s  t  d       total energy    change  change    error 
  
etot    1  N  N  5  M     -75.77989865570           2.6E-02  2.1E-01
etot    2  Y  Y  6  M     -75.97029549106  1.9E-01  7.6E-03  4.0E-02
etot    3  N  Y  2  U     -75.98105549519  1.1E-02  1.7E-03  1.8E-02
etot    4  Y  Y  6  M     -75.98184983651  7.9E-04  5.6E-04  4.7E-03
etot    5  N  Y  2  U     -75.98196720344  1.2E-04  2.6E-04  9.1E-04
etot    6  Y  Y  6  M     -75.98196772376  5.2E-07  5.6E-05  2.0E-04
etot    7  Y  N  6  M     -75.98196658672 -1.1E-06  0.0E+00  0.0E+00
  
  
 Energy components, in hartrees:
   (A)  Nuclear repulsion............       8.88700626299
   (E)  Total one-electron terms.....    -122.43767969138
   (I)  Total two-electron terms.....      37.56870684167
   (J)    Coulomb....................      46.48714267904
   (K)    Exchange...................      -8.91843583736
   (L)  Electronic energy............     -84.86897284971  (E+I)
   (N)  Total energy.................     -75.98196658672  (A+L)
   (O)  Gas phase energy.............     -75.98196658672
  
 SCFE: SCF energy: HF       -75.98196658672 hartrees   iterations:   7
  
 
 HOMO energy:    -0.49895
 LUMO energy:     0.19620
 
  Orbital energies (hartrees): 
   -20.56574    -1.33795    -0.69460    -0.55290    -0.49895     0.19620
     0.29065     1.05327     1.13688     1.16504     1.21725     1.37251
     1.68922
 
  end of program scf
   
 Time(scf)  user:       0.302  user+sys:       0.302  wallclock:       0.361
  
  start of program local
  

 Localized doubly occupied orbitals 
  orbitals    2 through    5
  using Mulliken Atomic Population Localization
  end of program local
   
 Time(local)  user:       0.160  user+sys:       0.160  wallclock:       0.240
  
  start of program lmp2
  
  
  number of orbitals, total.......           13
  number of frozen core orbitals..            1
  number of valence mp2 orbitals..            4
  number of occupied orbitals.....            5
  number of virtual orbitals......            8
  number of exchange hamiltonians.           16
  number of hamiltonian MO groups.            1
  max hamiltonians per MO group...           16
  max virtual MOs per valence MO..           13
  
  
  Will need at least                 52736  bytes of memory
  to calculate the exchange integrals
  
 Iteration    LMP2 Energy Correction     Delta C
   
     1          -0.13963226181
     2          -0.12857067638           0.00631110624
     3          -0.13053005361           0.00271309789
     4          -0.13059389784           0.00033968868
     5          -0.13059622305           0.00006162729
 -----------  LMP2 Converged ---------
   
 Hartree-Fock energy.....     -75.98196658672
 LMP2 Energy Correction..      -0.13059622305
 Total LMP2 Energy.......     -76.11256280977
   
  
  
 Energy components, in hartrees:
   (A)  Nuclear repulsion............       8.88700626299
   (E)  Total one-electron terms.....    -122.43767969138
   (Ic) LMP2 energy correction.......      -0.13059622305
   (I)  Total two-electron terms.....      37.43811061862
   (J)    Coulomb....................      46.48714267904
   (K)    Exchange...................      -8.91843583736
   (L)  Electronic energy............     -84.99956907276  (E+I+Ic)
   (N)  Total energy.................     -76.11256280977  (A+L)
   (O)  Gas phase energy.............     -76.11256280977
  
  end of program lmp2
   
 Time(lmp2)  user:       0.215  user+sys:       0.215  wallclock:       0.409

 Total cpu seconds     user:       0.696   user+sys:       0.696
  
 Total elapsed time:    6 seconds

Job water_lmp2 completed on anonymized-host at Wed Jul 29 10:54:52 2026
