
Running Job 1 of 1 MoOCl4_sp.in
qchem MoOCl4_sp.in_24033.0 /scratch/shannon.houck/qchem24033/ 1
/sw/qchem/release/7.0.0/exe/qcprog.exe_s MoOCl4_sp.in_24033.0 /scratch/shannon.houck/qchem24033/
                  Welcome to Q-Chem
     A Quantum Leap Into The Future Of Chemistry


 Q-Chem 7.0, Q-Chem, Inc., Pleasanton, CA (2026)

 License issued to: Q-Chem (site)

 S. Adibnia,  B. Alam,  B. J. Albrecht,  A. Aldossary,  E. Alguire,  
 J. H. Andersen,  A. D. Andres,  J. E. Arias-Martinez,  A. Aspuru-Guzik,  
 V. Athavale,  K. Begam,  A. Behn,  A. T. Bell,  N. Bellonzi,  Y. A. Bernard,  
 E. J. Berquist,  N. A. Besley,  R. Bi,  N. Bogo,  C. Brandt,  K. Bravaya,  
 D. R. Broderick,  B. R. Brooks,  H. G. A. Burton,  S. Camps,  A. Carreras,  
 K. Carter-Fenk,  D. Casanova,  J.-D. Chai,  A. Chakraborty,  R. Chakraborty,  
 J. Chen,  M. Chen,  T. Chen,  A. D. Chien,  M. Chow,  K. D. Closser,  
 V. Cofer-Shabica,  M. P. Coons,  S. Coriani,  S. J. Cotton,  C. J. Cramer,  
 G. Cserey,  L. Cunha,  A. L. Dempwolff,  J. Deng,  A. E. DePrince III,  
 J. D. DiCenso,  J. Dickinson,  M. Diedenhofen,  H. Dinh,  
 R. A. DiStasio Jr.,  L. B. Dittmer,  H. Do,  W. Dou,  A. Dreuw,  S. Ehlert,  
 E. Epifanovsky,  P.-T. Fang,  S. Faraji,  S. Fatehi,  Q. Feng,  X. Feng,  
 A. Ferino-Pérez,  J. Fetherolf,  S. Folkestad,  A. Fonlon,  Fošević,  
 T. Friedhoff,  T. Froitzheim,  T. R. Furlani,  A. Ganeshram,  B. Ganoe,  
 T. Gao,  S. M. Garner,  A. T. B. Gilbert,  P. M. W. Gill,  M. Gimferrer,  
 G. Giudetti,  W. A. Goddard III,  M. Goldey,  J. Gomes,  R. Goudy,  M. Gray,  
 S. Grimme,  S. Gulania,  A. O. Gunina,  J. A. Gyamfi,  S. Hammes-Schiffer,  
 F. Hampe,  P. H. P. Harbach,  A. W. Hauser,  M. Head-Gordon,  
 T. Head-Gordon,  W. J. Hehre,  J. M. Herbert,  M. F. Herbst,  M. Hodecker,  
 Z. C. Holden,  S. Houck,  C. Hsu,  X. Huang,  K. Hui,  B. C. Huynh,  
 K. Ikeda,  M. Ivanov,  L. D. Jacobson,  T. Jagau,  S. Jana,  N. K. Jayadev,  
 H. Ji,  H. Jiang,  Y. Jiang,  Z. Jin,  Y. Jung,  Á. Jász,  B. Kaduk,  
 L. de Kam,  R. Kang,  K. Khistyaev,  J. Kim,  L. Kim,  G. Kis,  N. Kissing,  
 A. Klamt,  J. H. Koh,  E. Kolodzeiski,  J. Kong,  D. Kosenkov,  
 T. Kowalczyk,  C. M. Krauter,  A. I. Krylov,  K. Kue,  T. Kus,  J. Kussmann,  
 I. Ladjánszki,  D. S. Lambrecht,  A. Landau,  C. W. Lander,  A. W. Lange,  
 K. U. Lao,  H. Laqua,  K. V. Lawler,  J. Lee,  D. Lefrancois,  S. Lehtola,  
 J. Leitner,  D. S. Levine,  C. Li,  R. Li,  S. Li,  T. E. Li,  X. Li,  
 Y.-P. Li,  J. Liang,  H.-H. Lin,  Y.-S. Lin,  H. Ling,  F. Liu,  J. Liu,  
 K.-Y. Liu,  X. Liu,  A. Luenser,  C. Malbon,  A. Mandal,  A. Manjanath,  
 P. U. Manohar,  E. Mansoor,  S. F. Manzer,  S.-P. Mao,  Y. Mao,  
 N. Mardirossian,  A. V. Marenich,  T. Markovich,  F. Matz,  S. A. Maurer,  
 S. May,  L. McCaslin,  C. W. McCurdy,  A. McIsaac,  P. F. McLaughlin,  
 J.-M. Mewes,  S. A. Mewes,  R. E. Moorby,  S. Moradi,  J. Morgenstein,  
 M. Mostafanejad,  M. Mukherjee,  A. Muller,  C. J. Mundy,  K. D. Nanda,  
 M. G. Navas,  M. Neal,  J. B. Neaton,  T. Neudecker,  A. Ni,  C. Ochsenfeld,  
 A. K. Ojha,  Q. Ou,  E. Paenurk,  G. Paran,  J. A. Parkhill,  
 V. Parravicini,  R. L. Patterson,  S. K. Paul,  Z. Pei,  D. Picconi,  
 F. Plasser,  P. Pokhilko,  J. Pottecher,  S. Prager,  E. I. Proynov,  
 A. F. Pérez,  S. Quiton,  H. Ram,  E. Ramos-Cordoba,  B. Rana,  A. E. Rask,  
 V. A. Rassolov,  D. R. Rehn,  H. Ren,  A. Rettig,  R. M. Richard,  
 P. J. Robinson,  E. Rossomme,  S. Roy,  Á. Rák,  P. Salvador,  P. Samal,  
 T. Scheele,  P. E. Schneider,  T. K. Schramm,  N. Sergueev,  Y. Shao,  
 S. M. Sharada,  M. Sharma,  H. Shen,  Y. Shen,  A. Singh,  W. Skomorowski,  
 L. Slipchenko,  S. Smiga,  R. P. Steele,  C. J. Stein,  A. J. Sterling,  
 Y. Su,  Y.-C. Su,  J. E. Subotnik,  E. J. Sundstrom,  J. Talbot,  Z. Tao,  
 H.-H. Teh,  J. Thirman,  A. J. W. Thom,  C. Titeca,  N. V. Tkachenko,  
 A. Tkatchenko,  R. Tomann,  G. J. Tornai,  D. G. Truhlar,  H.-Y. Tsai,  
 T. Tsuchimochi,  N. M. Tubman,  C. Utku,  S. P. Veccham,  M. L. Vidal,  
 C. Villot,  T. V. Voorhis,  O. Vydrov,  E. Wang,  Z. Wang,  J. Wenzel,  
 T. A. Wesolowski,  K. B. Whaley,  A. F. White,  J. Witek,  J. Wong,  H. Wu,  
 A. Yamada,  C.-H. Yang,  K. Yao,  S. Yeganeh,  J. T. Yi,  S. R. Yost,  
 Q. Yu,  F. Zeller,  I. Y. Zhang,  J. Zhang,  X. Zhang,  Y. Zhang,  Z. Zhang,  
 C. Zhao,  T. Zhao,  Y. Zhu,  P. Zimmerman,  D. Zuev

 Additional authors since Version 6.4.0: 
 H. Aksu,  F. Ballesteros,  C. Chakravarty,  A. M. Clark,  Y. Kim,  
 Q. Nguyen,  X. Pan,  R. Stein,  J. A. Tan,  M. G. S. Weiss,  R. Weiss,  
 M. Wormit,  Y. Wu

 Contributors to earlier versions of Q-Chem not listed above: 
 R. D. Adamson,  B. Austin,  R. Baer,  J. Baker,  D. Barton,  G. J. O. Beran,  
 K. Brandhorst,  K. Bravaya,  S. T. Brown,  E. F. C. Byrd,  
 A. K. Chakraborty,  G. K. L. Chan,  C.-M. Chang,  Y. Chen,  C.-L. Cheng,  
 S. H. Chien,  D. M. Chipman,  D. L. Crittenden,  H. Dachsel,  S. Dasgupta,  
 R. J. Doerksen,  B. Dunietz,  A. D. Dutoi,  R. G. Edgar,  J. Fosso-Tande,  
 L. Fusti-Molnar,  Z. Gan,  J. Gayvert,  Q. Ge,  D. Ghosh,  A. Ghysels,  
 G. Gidofalvi,  A. Golubeva-Zadorozhnaya,  J. Gonthier,  
 C. E. González-Espinoza,  M. S. Gordon,  S. R. Gwaltney,  D. Hait,  
 M. Hanson-Heine,  G. Hawkins,  J. E. Herr,  A. Heyden,  S. Hirata,  
 E. G. Hohenstein,  P. Horn,  I. Kaliman,  G. Kedziora,  F. J. Keil,  
 C. Kelley,  R. Z. Khaliullin,  J. Kim,  R. A. King,  P. Klunzinger,  
 Z. Koczor-Benda,  P. P. Korambath,  S. Kotaru,  L. Koulias,  A. Kunitsa,  
 W. Kurlancheek,  J. Kussmann,  S. Kähler,  D. S. Lambrecht,  A. Laurent,  
 A. M. Lee,  M. S. Lee,  S. V. Levchenko,  X. Li,  W. Liang,  M. Liebenthal,  
 C. Y. Lin,  D. Liotard,  E. Livshits,  R. C. Lochan,  M. Loipersberger,  
 I. Lotan,  H. Ma,  L. A. Martinez-Martinez,  P. E. Maslen,  S. Mason,  
 N. J. Mayhall,  S. C. McKenzie,  M. F. S. J. Menger,  P. Morgante,  
 A. F. Morrison,  J. W. Mullinax,  N. Nair,  D. Neuhauser,  E. Neuscamman,  
 C. M. Oana,  R. Olivares-Amaya,  R. Olson,  D. P. O'Neill,  
 K. J. Oosterbaan,  K. Paice,  A. C. Paul,  T. M. Perrine,  B. Peters,  
 R. Peverati,  P. A. Pieniazek,  S. Prasad,  A. Prociuk,  Y. M. Rhee,  
 J. Ritchie,  F. Rob,  M. A. Rohrdanz,  E. Rosta,  N. J. Russ,  
 H. F. Schaefer III,  M. Scheurer,  M. W. Schmidt,  M. Schneider,  
 N. E. Schultz,  S. Sharma,  N. Shenvi,  C. D. Sherrill,  A. C. Simmonett,  
 D. W. Small,  A. Sodt,  T. Stein,  D. Stuck,  K. S. Thanthiriwatte,  
 V. Vanovschi,  M. H. Vera,  L. Vogt,  F. Wang,  T. Wang,  A. Warshel,  
 M. A. Watson,  M. de Wergifosse,  C. F. Williams,  J. Witte,  
 H. L. Woodcock III,  Q. Wu,  X. Xu,  J. Yang,  Z.-Q. You,  A. Zech,  
 W. Zhang,  Y. Zhao

   Please cite Q-Chem as follows:
  "Software for the frontiers of quantum chemistry:
   An overview of developments in the Q-Chem 5 package"
   J. Chem. Phys. 155, 084801 (2021)
   https://doi.org/10.1063/5.0055522 (open access)

 Q-Chem 7.0.0 for Intel X86 EM64T Linux

 Parts of Q-Chem use Armadillo 12.8.2 (Cortisol Injector).
 http://arma.sourceforge.net/

 Q-Chem begins on Wed Jul 29 13:20:25 2026  

 Host: coreman6
0

 Scratch files written to /scratch/shannon.houck/qchem24033//
 Executable: /sw/qchem/release/7.0.0/exe/qcprog.exe_s
 Number of threads = 1
 Jul426 |scratch|qcdevops|jenkins|workspace|build_RNUM -1
 Processing $rem in /sw/qchem/release/7.0.0/config/preferences:
 Processing $rem in /hfnas/home/shannon.houck/.qchemrc:

 Checking the input file for inconsistencies... 	...done.
 Reading auxiliary files from /sw/qchem/release/7.0.0/qcaux (QCAUX)
 Reading auxiliary files from /sw/qchem/release/7.0.0/qcaux (QCAUX)

--------------------------------------------------------------
User input:
--------------------------------------------------------------
$comment
 MoOCl4, single point, with pseudopotentials, RB3LYP/{LanL2MB/6-31G(d)}
$end

$rem
 method = b3lyp
 basis = gen
 ecp = gen
 ecp_fit = true
 unrestricted = false
 scf_guess = gwh
 scf_algorithm = diis_gdm
 scf_convergence = 9
 thresh = 14
 max_scf_cycles = 200
 print_general_basis = true
 iprint = 100
 gui = 2
$end

$molecule
 -2 1
Mo     0.000325    -0.000325     0.051810
 O     0.000206    -0.000206     1.741504
Cl     1.711727    -1.711727    -0.659846
Cl    -1.710992    -1.711738    -0.660079
Cl    -1.711004     1.711004    -0.660311
Cl     1.711738     1.710992    -0.660079
$end

$basis
 O
 6-31g(d)
 ****
 Mo
 lanl2dz
 ****
 Cl
 lanl2dz
 ****
$end

$ecp
 Mo
 lanl2dz
 ****
 Cl
 lanl2dz
 ****
$end
--------------------------------------------------------------
 ----------------------------------------------------------------
             Standard Nuclear Orientation (Angstroms)
    I     Atom           X                Y                Z
 ----------------------------------------------------------------
    1      Mo     -0.0000056728     0.2956854500    -0.0000000000
    2      O      -0.0000013631     1.9853794584    -0.0000000000
    3      Cl     -2.4202245156    -0.4162054311     0.0000000000
    4      Cl     -0.0000044675    -0.4162035532    -2.4202355932
    5      Cl      2.4202481073    -0.4162006722    -0.0000000000
    6      Cl     -0.0000044675    -0.4162035532     2.4202355932
 ----------------------------------------------------------------
 Molecular Point Group                 Cs    NOp =  2
 Nuclear Repulsion Energy =         193.08466378 hartrees
 There are       26 alpha and       26 beta electrons
 Requested basis set is non-standard
 Basis set in general basis input format:
-----------------------------------------------------------------------
$basis
Mo   0
S    4    1.000000
   2.36100000E+00    8.13925900E-01 
   1.30900000E+00   -1.13600840E+00 
   4.50000000E-01   -1.16115920E+00 
   1.68100000E-01    1.00647860E+00 
S    3    1.000000
   2.36100000E+00   -9.12176000E-01 
   1.30900000E+00    1.14774530E+00 
   4.50000000E-01    6.09710900E-01 
S    1    1.000000
   4.23000000E-02    1.00000000E+00 
P    3    1.000000
   4.89500000E+00   -9.08258000E-02 
   1.04400000E+00    7.04289900E-01 
   3.87700000E-01    3.97317900E-01 
P    2    1.000000
   4.99500000E-01   -1.08194500E-01 
   7.80000000E-02    1.03680930E+00 
P    1    1.000000
   2.47000000E-02    1.00000000E+00 
D    3    1.000000
   2.99300000E+00    5.27063000E-02 
   1.06300000E+00    5.00390700E-01 
   3.72100000E-01    5.79402400E-01 
D    1    1.000000
   1.17800000E-01    1.00000000E+00 
****
O    0
S    6    1.000000
   5.48467170E+03    1.83110000E-03 
   8.25234950E+02    1.39501000E-02 
   1.88046960E+02    6.84451000E-02 
   5.29645000E+01    2.32714300E-01 
   1.68975700E+01    4.70193000E-01 
   5.79963530E+00    3.58520900E-01 
SP   3    1.000000
   1.55396160E+01   -1.10777500E-01   7.08743000E-02 
   3.59993360E+00   -1.48026300E-01   3.39752800E-01 
   1.01376180E+00    1.13076700E+00   7.27158600E-01 
SP   1    1.000000
   2.70005800E-01    1.00000000E+00   1.00000000E+00 
D    1    1.000000
   8.00000000E-01    1.00000000E+00 
****
Cl   0
S    2    1.000000
   2.23100000E+00   -4.90058900E-01 
   4.72000000E-01    1.25426840E+00 
S    1    1.000000
   1.63100000E-01    1.00000000E+00 
P    2    1.000000
   6.29600000E+00   -6.35641000E-02 
   6.33300000E-01    1.01413550E+00 
P    1    1.000000
   1.81900000E-01    1.00000000E+00 
****
Cl   0
S    2    1.000000
   2.23100000E+00   -4.90058900E-01 
   4.72000000E-01    1.25426840E+00 
S    1    1.000000
   1.63100000E-01    1.00000000E+00 
P    2    1.000000
   6.29600000E+00   -6.35641000E-02 
   6.33300000E-01    1.01413550E+00 
P    1    1.000000
   1.81900000E-01    1.00000000E+00 
****
Cl   0
S    2    1.000000
   2.23100000E+00   -4.90058900E-01 
   4.72000000E-01    1.25426840E+00 
S    1    1.000000
   1.63100000E-01    1.00000000E+00 
P    2    1.000000
   6.29600000E+00   -6.35641000E-02 
   6.33300000E-01    1.01413550E+00 
P    1    1.000000
   1.81900000E-01    1.00000000E+00 
****
Cl   0
S    2    1.000000
   2.23100000E+00   -4.90058900E-01 
   4.72000000E-01    1.25426840E+00 
S    1    1.000000
   1.63100000E-01    1.00000000E+00 
P    2    1.000000
   6.29600000E+00   -6.35641000E-02 
   6.33300000E-01    1.01413550E+00 
P    1    1.000000
   1.81900000E-01    1.00000000E+00 
****
$end
-----------------------------------------------------------------------
 There are 28 shells and 68 basis functions
 Number of Cartesian basis functions =     71
 Maximum angular momentum            =      2
 Maximum degree of contraction       =      6
 Maximum number of momentum cases    =      2
 --------------------------------------------------------------------
 Atom   I     L     Exponents     Normalized Contraction Coefficients
 --------------------------------------------------------------------
   1    1     0    2.361000E+00   1.104885E+00
                   1.309000E+00  -9.908236E-01
                   4.500000E-01  -4.546856E-01
                   1.681000E-01   1.883174E-01
        2     0    2.361000E+00  -1.238257E+00
                   1.309000E+00   1.001061E+00
                   4.500000E-01   2.387500E-01
        3     0    4.230000E-02   6.647607E-02
        4     1    4.895000E+00  -9.426277E-01
                   1.044000E+00   1.059418E+00
                   3.877000E-01   1.732599E-01
        5     1    4.995000E-01  -6.476116E-02
                   7.800000E-02   6.091963E-02
        6     1    2.470000E-02   1.395762E-02
        7     2    2.993000E+00   5.908248E-01
                   1.063000E+00   9.165410E-01
                   3.721000E-01   1.690613E-01
        8     2    1.178000E-01   3.898645E-02
   2    9     0    5.484672E+03   8.317352E-01
                   8.252350E+02   1.530807E+00
                   1.880470E+02   2.477149E+00
                   5.296450E+01   3.256280E+00
                   1.689757E+01   2.792894E+00
                   5.799635E+00   9.549377E-01
       10    0-1   1.553962E+01  -6.179337E-01  3.116946E+00
                   3.599934E+00  -2.757210E-01  2.401437E+00
                   1.013762E+00   8.142076E-01  1.054361E+00
       11    0-1   2.700058E-01   2.669561E-01  2.774319E-01
       12     2    8.000000E-01   1.113825E+00
   3   13     0    2.231000E+00  -6.375776E-01
                   4.720000E-01   5.090461E-01
       14     0    1.631000E-01   1.829155E-01
       15     1    6.296000E+00  -9.036138E-01
                   6.333000E-01   8.166725E-01
       16     1    1.819000E-01   1.693289E-01
   4   17     0    2.231000E+00  -6.375776E-01
                   4.720000E-01   5.090461E-01
       18     0    1.631000E-01   1.829155E-01
       19     1    6.296000E+00  -9.036138E-01
                   6.333000E-01   8.166725E-01
       20     1    1.819000E-01   1.693289E-01
   5   21     0    2.231000E+00  -6.375776E-01
                   4.720000E-01   5.090461E-01
       22     0    1.631000E-01   1.829155E-01
       23     1    6.296000E+00  -9.036138E-01
                   6.333000E-01   8.166725E-01
       24     1    1.819000E-01   1.693289E-01
   6   25     0    2.231000E+00  -6.375776E-01
                   4.720000E-01   5.090461E-01
       26     0    1.631000E-01   1.829155E-01
       27     1    6.296000E+00  -9.036138E-01
                   6.333000E-01   8.166725E-01
       28     1    1.819000E-01   1.693289E-01
 --------------------------------------------------------------------

 Total QAlloc Memory Limit   8000 MB
 Mega-Array Size       188 MB
 MEM_STATIC part       192 MB


                       Distance Matrix (Angstroms)
             Mo(  1)   O (  2)   Cl(  3)   Cl(  4)   Cl(  5)
   O (  2)  1.689694
   Cl(  3)  2.522746  3.409559
   Cl(  4)  2.522762  3.409566  3.422719
   Cl(  5)  2.522778  3.409574  4.840473  3.422742
   Cl(  6)  2.522762  3.409566  3.422719  4.840471  3.422742
 
 The following effective core potentials will be applied 
 ---------------------------------------------------------------------
 Atom     Valence      Angular     Power    Exponents   Coefficients
         Electrons     Momentum     of R 
 ---------------------------------------------------------------------
 Mo          14         F and up 
                                     0     537.966781     -0.046949
                                     1     147.898294    -20.208008
                                     2      45.735890   -106.211630
                                     2      13.291147    -41.810737
                                     2       4.705996     -4.205410
                         S-F
                                     0     110.299176      2.806372
                                     1      23.201465     44.516201
                                     2       5.353013     82.778523
                         P-F
                                     0      63.290140      4.942088
                                     1      23.331530     25.860498
                                     2      24.675942    132.470874
                                     2       4.649304     57.314979
                         D-F
                                     0     104.483998      3.005459
                                     1      66.230724     26.363785
                                     2      39.128318    183.384920
                                     2      13.116444     98.445307
                                     2       3.628026     22.490138
 Cl          7         D and up 
                                     1      94.813000    -10.000000
                                     2     165.644000     66.272917
                                     2      30.831700    -28.968595
                                     2      10.584100    -12.866337
                                     2       3.770400     -1.710217
                         S-D
                                     0     128.839100      3.000000
                                     1     120.378600     12.852851
                                     2      63.562200    275.672398
                                     2      18.069500    115.677712
                                     2       3.814200     35.060609
                         P-D
                                     0     216.526300      5.000000
                                     1      46.572300      7.479486
                                     2     147.468500    613.032000
                                     2      48.986900    280.800685
                                     2      13.209600    107.878824
                                     2       3.183100     15.343956
 ---------------------------------------------------------------------
 A cutoff of  1.0D-14 yielded    406 shell pairs
 There are      2421 function pairs (      2646 Cartesian)
 Requested basis set is non-standard
 Compound shells will be simplified
 There are 30 shells and 68 basis functions
 Number of Cartesian basis functions =     71
 Maximum angular momentum            =      2
 Maximum degree of contraction       =      6
 Maximum number of momentum cases    =      1
 --------------------------------------------------------------------
 Atom   I     L     Exponents     Normalized Contraction Coefficients
 --------------------------------------------------------------------
   1    1     0    2.361000E+00   1.104885E+00
                   1.309000E+00  -9.908236E-01
                   4.500000E-01  -4.546856E-01
                   1.681000E-01   1.883174E-01
        2     0    2.361000E+00  -1.238257E+00
                   1.309000E+00   1.001061E+00
                   4.500000E-01   2.387500E-01
        3     0    4.230000E-02   6.647607E-02
        4     1    4.895000E+00  -9.426277E-01
                   1.044000E+00   1.059418E+00
                   3.877000E-01   1.732599E-01
        5     1    4.995000E-01  -6.476116E-02
                   7.800000E-02   6.091963E-02
        6     1    2.470000E-02   1.395762E-02
        7     2    2.993000E+00   5.908248E-01
                   1.063000E+00   9.165410E-01
                   3.721000E-01   1.690613E-01
        8     2    1.178000E-01   3.898645E-02
   2    9     0    5.484672E+03   8.317352E-01
                   8.252350E+02   1.530807E+00
                   1.880470E+02   2.477149E+00
                   5.296450E+01   3.256280E+00
                   1.689757E+01   2.792894E+00
                   5.799635E+00   9.549377E-01
       10     0    1.553962E+01  -6.179337E-01
                   3.599934E+00  -2.757210E-01
                   1.013762E+00   8.142076E-01
       11     1    1.553962E+01   3.116946E+00
                   3.599934E+00   2.401437E+00
                   1.013762E+00   1.054361E+00
       12     0    2.700058E-01   2.669561E-01
       13     1    2.700058E-01   2.774319E-01
       14     2    8.000000E-01   1.113825E+00
   3   15     0    2.231000E+00  -6.375776E-01
                   4.720000E-01   5.090461E-01
       16     0    1.631000E-01   1.829155E-01
       17     1    6.296000E+00  -9.036138E-01
                   6.333000E-01   8.166725E-01
       18     1    1.819000E-01   1.693289E-01
   4   19     0    2.231000E+00  -6.375776E-01
                   4.720000E-01   5.090461E-01
       20     0    1.631000E-01   1.829155E-01
       21     1    6.296000E+00  -9.036138E-01
                   6.333000E-01   8.166725E-01
       22     1    1.819000E-01   1.693289E-01
   5   23     0    2.231000E+00  -6.375776E-01
                   4.720000E-01   5.090461E-01
       24     0    1.631000E-01   1.829155E-01
       25     1    6.296000E+00  -9.036138E-01
                   6.333000E-01   8.166725E-01
       26     1    1.819000E-01   1.693289E-01
   6   27     0    2.231000E+00  -6.375776E-01
                   4.720000E-01   5.090461E-01
       28     0    1.631000E-01   1.829155E-01
       29     1    6.296000E+00  -9.036138E-01
                   6.333000E-01   8.166725E-01
       30     1    1.819000E-01   1.693289E-01
 --------------------------------------------------------------------
 The following effective core potentials will be applied 
 ---------------------------------------------------------------------
 Atom     Valence      Angular     Power    Exponents   Coefficients
         Electrons     Momentum     of R 
 ---------------------------------------------------------------------
 Mo          14         F and up 
                                     0     537.966781     -0.046949
                                     1     147.898294    -20.208008
                                     2      45.735890   -106.211630
                                     2      13.291147    -41.810737
                                     2       4.705996     -4.205410
                         S-F
                                     0     110.299176      2.806372
                                     1      23.201465     44.516201
                                     2       5.353013     82.778523
                         P-F
                                     0      63.290140      4.942088
                                     1      23.331530     25.860498
                                     2      24.675942    132.470874
                                     2       4.649304     57.314979
                         D-F
                                     0     104.483998      3.005459
                                     1      66.230724     26.363785
                                     2      39.128318    183.384920
                                     2      13.116444     98.445307
                                     2       3.628026     22.490138
 Cl          7         D and up 
                                     1      94.813000    -10.000000
                                     2     165.644000     66.272917
                                     2      30.831700    -28.968595
                                     2      10.584100    -12.866337
                                     2       3.770400     -1.710217
                         S-D
                                     0     128.839100      3.000000
                                     1     120.378600     12.852851
                                     2      63.562200    275.672398
                                     2      18.069500    115.677712
                                     2       3.814200     35.060609
                         P-D
                                     0     216.526300      5.000000
                                     1      46.572300      7.479486
                                     2     147.468500    613.032000
                                     2      48.986900    280.800685
                                     2      13.209600    107.878824
                                     2       3.183100     15.343956
 ---------------------------------------------------------------------
 A cutoff of  1.0D-14 yielded    465 shell pairs
 There are      2415 function pairs (      2640 Cartesian)
 Using a fitted effective core potential
 Start forming overlap matrix
 Smallest overlap matrix eigenvalue = 1.55E-02

 Scale SEOQF with 1.000000e-01/1.000000e-01/1.000000e-01

 Standard Electronic Orientation quadrupole field applied
 Nucleus-field energy     =    -0.0000000032 hartrees
 Constructing guess Fock matrix from core Hamiltonian
 Applying Wolfsberg-Helmholtz approximation

 -----------------------------------------------------------------------
  General SCF calculation program by
  Eric Jon Sundstrom, Paul Horn, Yuezhi Mao, Dmitri Zuev, Alec White,
  David Stuck, Shaama M.S., Shane Yost, Joonho Lee, David Small,
  Daniel Levine, Susi Lehtola, Hugh Burton, Evgeny Epifanovsky,
  Bang C. Huynh
 -----------------------------------------------------------------------
 Exchange:     0.2000 Hartree-Fock + 0.0800 Slater + 0.7200 B88
 Correlation:  0.1900 VWN1RPA + 0.8100 LYP
 Using SG-1 standard quadrature grid
 A restricted SCF calculation will be
 performed using DIIS, GDM
 SCF converges when RMS gradient is below 1.0e-09
 User-specified cutoff of 10e-14
 used for neglect of 2-electron integrals.
 A cutoff of 10e-14
 used for neglect of overlap integrals.
 Incremental Fock algorithm is on at the start.
 ---------------------------------------
  Cycle       Energy         DIIS error
 ---------------------------------------
    1    -190.4878078920      1.37e-01  
    2    -172.1184191673      1.38e-01  
    3    -187.3056700524      1.21e-01  
    4    -199.8184927482      5.86e-02  
    5    -191.3725082778      9.49e-02  
    6    -201.8298133245      4.00e-02  
    7    -202.1027392943      3.54e-02  
    8    -201.9626144504      3.72e-02  
    9    -201.9769307609      3.70e-02  
   10    -202.3659658464      2.63e-02  
   11    -202.6002776774      1.95e-02  
   12    -202.7469962254      1.00e-02  
   13    -202.7849553399      6.06e-03  Done DIIS. Switching to GDM
 ---------------------------------------
  Cycle       Energy        RMS Gradient
 ---------------------------------------
    1    -202.7849553399      1.60e-01   Descent step
    2    -202.3422152371      7.46e-01  Line search: overstep
    3    -202.8011726776      7.24e-02   Normal BFGS step
    4    -202.8030008925      4.68e-02   Normal BFGS step
    5    -202.8061501013      2.42e-02   Normal BFGS step
    6    -202.8067892375      6.26e-03   Normal BFGS step
    7    -202.8068727334      1.87e-03   Normal BFGS step
    8    -202.8068886554      1.33e-03   Normal BFGS step
    9    -202.8068909322      1.05e-04   Normal BFGS step
   10    -202.8068910499      7.53e-05   Normal BFGS step
   11    -202.8068910641      1.64e-05   Normal BFGS step
   12    -202.8068910645      4.49e-06   Normal BFGS step
   13    -202.8068910646      2.32e-06   Normal BFGS step
   14    -202.8068910646      4.02e-07   Normal BFGS step
   15    -202.8068910646      5.99e-08   Normal BFGS step
   16    -202.8068910646      8.54e-08   Normal BFGS step
   17    -202.8068910646      1.94e-08   Normal BFGS step
   18    -202.8068910646      1.20e-08   Normal BFGS step
   19    -202.8068910646      3.39e-09   Normal BFGS step
   20    -202.8068910646      1.50e-09   Normal BFGS step
   21    -202.8068910646      3.34e-10  Convergence criterion met
 ---------------------------------------
 SCF time:   CPU 10.84s  wall 13.00s 
 SCF   energy =  -202.80689106
 Total energy =  -202.80689106
 Integrated density by DFT XC:
   Number of electrons = 52
   Numerical integral  =    52.000202958637
   Relative error      =     0.0003903051 %
 
 --------------------------------------------------------------
             Orbital Energies (a.u.) and Symmetries
 --------------------------------------------------------------
 
 Alpha MOs, Restricted
 -- Occupied --                  
-18.887  -2.222  -1.289  -1.225  -1.225  -0.623  -0.449  -0.437
  1 A'    2 A'    3 A'    1 A"    4 A'    5 A'    6 A'    2 A"                 
 -0.437  -0.435  -0.107  -0.086  -0.086  -0.046  -0.032  -0.023
  7 A'    8 A'    9 A'    3 A"   10 A'   11 A'   12 A'    4 A"                 
 -0.016  -0.016   0.000   0.017   0.017   0.025   0.029   0.029
  5 A"   13 A'   14 A'    6 A"   15 A'   16 A'   17 A'    7 A"                 
  0.047   0.119
  8 A"    9 A"                                                                 
 -- Virtual --                   
  0.235   0.235   0.262   0.264   0.277   0.278   0.278   0.338
 10 A"   18 A'   19 A'   20 A'   21 A'   11 A"   22 A'   23 A'                 
  0.496   0.524   0.524   0.679   0.688   0.688   0.706   0.736
 24 A'   12 A"   25 A'   13 A"   14 A"   26 A'   27 A'   28 A'                 
  0.942   0.988   1.036   1.036   1.062   1.069   1.078   1.078
 29 A'   15 A"   16 A"   30 A'   31 A'   32 A'   17 A"   33 A'                 
  1.143   1.152   1.152   1.159   1.255   1.372   1.372   1.687
 34 A'   18 A"   35 A'   19 A"   36 A'   20 A"   37 A'   38 A'                 
  2.084   2.095   2.095   2.119   2.216   5.297   7.537   8.970
 21 A"   22 A"   39 A'   40 A'   41 A'   42 A'   43 A'   44 A'                 
  8.971  10.161
 23 A"   45 A'                                                                 
 
 Beta MOs, Restricted
 -- Occupied --                  
-18.887  -2.222  -1.289  -1.225  -1.225  -0.623  -0.449  -0.437
  1 A'    2 A'    3 A'    1 A"    4 A'    5 A'    6 A'    2 A"                 
 -0.437  -0.435  -0.107  -0.086  -0.086  -0.046  -0.032  -0.023
  7 A'    8 A'    9 A'    3 A"   10 A'   11 A'   12 A'    4 A"                 
 -0.016  -0.016   0.000   0.017   0.017   0.025   0.029   0.029
  5 A"   13 A'   14 A'    6 A"   15 A'   16 A'   17 A'    7 A"                 
  0.047   0.119
  8 A"    9 A"                                                                 
 -- Virtual --                   
  0.235   0.235   0.262   0.264   0.277   0.278   0.278   0.338
 10 A"   18 A'   19 A'   20 A'   21 A'   11 A"   22 A'   23 A'                 
  0.496   0.524   0.524   0.679   0.688   0.688   0.706   0.736
 24 A'   12 A"   25 A'   13 A"   14 A"   26 A'   27 A'   28 A'                 
  0.942   0.988   1.036   1.036   1.062   1.069   1.078   1.078
 29 A'   15 A"   16 A"   30 A'   31 A'   32 A'   17 A"   33 A'                 
  1.143   1.152   1.152   1.159   1.255   1.372   1.372   1.687
 34 A'   18 A"   35 A'   19 A"   36 A'   20 A"   37 A'   38 A'                 
  2.084   2.095   2.095   2.119   2.216   5.297   7.537   8.970
 21 A"   22 A"   39 A'   40 A'   41 A'   42 A'   43 A'   44 A'                 
  8.971  10.161
 23 A"   45 A'                                                                 
 --------------------------------------------------------------
 
          Ground-State Mulliken Net Atomic Charges

     Atom                 Charge (a.u.)
  ----------------------------------------
      1 Mo                    0.422861
      2 O                    -0.509742
      3 Cl                   -0.478275
      4 Cl                   -0.478279
      5 Cl                   -0.478284
      6 Cl                   -0.478279
  ----------------------------------------
  Sum of atomic charges =    -2.000000

 -----------------------------------------------------------------
                    Cartesian Multipole Moments
 -----------------------------------------------------------------
    Charge (ESU x 10^10)
                -9.6064
    Dipole Moment (Debye)
         X      -0.0001      Y       1.2987      Z       0.0000
       Tot       1.2987
    Quadrupole Moments (Debye-Ang)
        XX    -114.5148     XY       0.0000     YY     -88.9858
        XZ       0.0000     YZ      -0.0000     ZZ    -114.5148
    Octopole Moments (Debye-Ang^2)
       XXX      -0.0019    XXY      17.9804    XYY      -0.0001
       YYY      -1.1000    XXZ       0.0000    XYZ       0.0000
       YYZ       0.0000    XZZ       0.0000    YZZ      17.9804
       ZZZ       0.0000
    Hexadecapole Moments (Debye-Ang^3)
      XXXX   -1237.2183   XXXY       0.0003   XXYY    -233.0374
      XYYY       0.0001   YYYY    -342.7927   XXXZ       0.0000
      XXYZ       0.0000   XYYZ       0.0000   YYYZ      -0.0000
      XXZZ    -354.9395   XYZZ      -0.0001   YYZZ    -233.0373
      XZZZ       0.0000   YZZZ      -0.0000   ZZZZ   -1237.2175
 -----------------------------------------------------------------
 Total job time:  13.22s(wall), 11.23s(cpu) 
 Wed Jul 29 13:20:38 2026

        *************************************************************
        *                                                           *
        *  Thank you very much for using Q-Chem.  Have a nice day.  *
        *                                                           *
        *************************************************************


