
Running Job 1 of 1 water_mp4sdq.in
qchem water_mp4sdq.in_24766.0 /scratch/shannon.houck/qchem24766/ 1
/sw/qchem/release/7.0.0/exe/qcprog.exe_s water_mp4sdq.in_24766.0 /scratch/shannon.houck/qchem24766/
                  Welcome to Q-Chem
     A Quantum Leap Into The Future Of Chemistry


 Q-Chem 7.0, Q-Chem, Inc., Pleasanton, CA (2026)

 License issued to: Q-Chem (site)

 S. Adibnia,  B. Alam,  B. J. Albrecht,  A. Aldossary,  E. Alguire,  
 J. H. Andersen,  A. D. Andres,  J. E. Arias-Martinez,  A. Aspuru-Guzik,  
 V. Athavale,  K. Begam,  A. Behn,  A. T. Bell,  N. Bellonzi,  Y. A. Bernard,  
 E. J. Berquist,  N. A. Besley,  R. Bi,  N. Bogo,  C. Brandt,  K. Bravaya,  
 D. R. Broderick,  B. R. Brooks,  H. G. A. Burton,  S. Camps,  A. Carreras,  
 K. Carter-Fenk,  D. Casanova,  J.-D. Chai,  A. Chakraborty,  R. Chakraborty,  
 J. Chen,  M. Chen,  T. Chen,  A. D. Chien,  M. Chow,  K. D. Closser,  
 V. Cofer-Shabica,  M. P. Coons,  S. Coriani,  S. J. Cotton,  C. J. Cramer,  
 G. Cserey,  L. Cunha,  A. L. Dempwolff,  J. Deng,  A. E. DePrince III,  
 J. D. DiCenso,  J. Dickinson,  M. Diedenhofen,  H. Dinh,  
 R. A. DiStasio Jr.,  L. B. Dittmer,  H. Do,  W. Dou,  A. Dreuw,  S. Ehlert,  
 E. Epifanovsky,  P.-T. Fang,  S. Faraji,  S. Fatehi,  Q. Feng,  X. Feng,  
 A. Ferino-Pérez,  J. Fetherolf,  S. Folkestad,  A. Fonlon,  Fošević,  
 T. Friedhoff,  T. Froitzheim,  T. R. Furlani,  A. Ganeshram,  B. Ganoe,  
 T. Gao,  S. M. Garner,  A. T. B. Gilbert,  P. M. W. Gill,  M. Gimferrer,  
 G. Giudetti,  W. A. Goddard III,  M. Goldey,  J. Gomes,  R. Goudy,  M. Gray,  
 S. Grimme,  S. Gulania,  A. O. Gunina,  J. A. Gyamfi,  S. Hammes-Schiffer,  
 F. Hampe,  P. H. P. Harbach,  A. W. Hauser,  M. Head-Gordon,  
 T. Head-Gordon,  W. J. Hehre,  J. M. Herbert,  M. F. Herbst,  M. Hodecker,  
 Z. C. Holden,  S. Houck,  C. Hsu,  X. Huang,  K. Hui,  B. C. Huynh,  
 K. Ikeda,  M. Ivanov,  L. D. Jacobson,  T. Jagau,  S. Jana,  N. K. Jayadev,  
 H. Ji,  H. Jiang,  Y. Jiang,  Z. Jin,  Y. Jung,  Á. Jász,  B. Kaduk,  
 L. de Kam,  R. Kang,  K. Khistyaev,  J. Kim,  L. Kim,  G. Kis,  N. Kissing,  
 A. Klamt,  J. H. Koh,  E. Kolodzeiski,  J. Kong,  D. Kosenkov,  
 T. Kowalczyk,  C. M. Krauter,  A. I. Krylov,  K. Kue,  T. Kus,  J. Kussmann,  
 I. Ladjánszki,  D. S. Lambrecht,  A. Landau,  C. W. Lander,  A. W. Lange,  
 K. U. Lao,  H. Laqua,  K. V. Lawler,  J. Lee,  D. Lefrancois,  S. Lehtola,  
 J. Leitner,  D. S. Levine,  C. Li,  R. Li,  S. Li,  T. E. Li,  X. Li,  
 Y.-P. Li,  J. Liang,  H.-H. Lin,  Y.-S. Lin,  H. Ling,  F. Liu,  J. Liu,  
 K.-Y. Liu,  X. Liu,  A. Luenser,  C. Malbon,  A. Mandal,  A. Manjanath,  
 P. U. Manohar,  E. Mansoor,  S. F. Manzer,  S.-P. Mao,  Y. Mao,  
 N. Mardirossian,  A. V. Marenich,  T. Markovich,  F. Matz,  S. A. Maurer,  
 S. May,  L. McCaslin,  C. W. McCurdy,  A. McIsaac,  P. F. McLaughlin,  
 J.-M. Mewes,  S. A. Mewes,  R. E. Moorby,  S. Moradi,  J. Morgenstein,  
 M. Mostafanejad,  M. Mukherjee,  A. Muller,  C. J. Mundy,  K. D. Nanda,  
 M. G. Navas,  M. Neal,  J. B. Neaton,  T. Neudecker,  A. Ni,  C. Ochsenfeld,  
 A. K. Ojha,  Q. Ou,  E. Paenurk,  G. Paran,  J. A. Parkhill,  
 V. Parravicini,  R. L. Patterson,  S. K. Paul,  Z. Pei,  D. Picconi,  
 F. Plasser,  P. Pokhilko,  J. Pottecher,  S. Prager,  E. I. Proynov,  
 A. F. Pérez,  S. Quiton,  H. Ram,  E. Ramos-Cordoba,  B. Rana,  A. E. Rask,  
 V. A. Rassolov,  D. R. Rehn,  H. Ren,  A. Rettig,  R. M. Richard,  
 P. J. Robinson,  E. Rossomme,  S. Roy,  Á. Rák,  P. Salvador,  P. Samal,  
 T. Scheele,  P. E. Schneider,  T. K. Schramm,  N. Sergueev,  Y. Shao,  
 S. M. Sharada,  M. Sharma,  H. Shen,  Y. Shen,  A. Singh,  W. Skomorowski,  
 L. Slipchenko,  S. Smiga,  R. P. Steele,  C. J. Stein,  A. J. Sterling,  
 Y. Su,  Y.-C. Su,  J. E. Subotnik,  E. J. Sundstrom,  J. Talbot,  Z. Tao,  
 H.-H. Teh,  J. Thirman,  A. J. W. Thom,  C. Titeca,  N. V. Tkachenko,  
 A. Tkatchenko,  R. Tomann,  G. J. Tornai,  D. G. Truhlar,  H.-Y. Tsai,  
 T. Tsuchimochi,  N. M. Tubman,  C. Utku,  S. P. Veccham,  M. L. Vidal,  
 C. Villot,  T. V. Voorhis,  O. Vydrov,  E. Wang,  Z. Wang,  J. Wenzel,  
 T. A. Wesolowski,  K. B. Whaley,  A. F. White,  J. Witek,  J. Wong,  H. Wu,  
 A. Yamada,  C.-H. Yang,  K. Yao,  S. Yeganeh,  J. T. Yi,  S. R. Yost,  
 Q. Yu,  F. Zeller,  I. Y. Zhang,  J. Zhang,  X. Zhang,  Y. Zhang,  Z. Zhang,  
 C. Zhao,  T. Zhao,  Y. Zhu,  P. Zimmerman,  D. Zuev

 Additional authors since Version 6.4.0: 
 H. Aksu,  F. Ballesteros,  C. Chakravarty,  A. M. Clark,  Y. Kim,  
 Q. Nguyen,  X. Pan,  R. Stein,  J. A. Tan,  M. G. S. Weiss,  R. Weiss,  
 M. Wormit,  Y. Wu

 Contributors to earlier versions of Q-Chem not listed above: 
 R. D. Adamson,  B. Austin,  R. Baer,  J. Baker,  D. Barton,  G. J. O. Beran,  
 K. Brandhorst,  K. Bravaya,  S. T. Brown,  E. F. C. Byrd,  
 A. K. Chakraborty,  G. K. L. Chan,  C.-M. Chang,  Y. Chen,  C.-L. Cheng,  
 S. H. Chien,  D. M. Chipman,  D. L. Crittenden,  H. Dachsel,  S. Dasgupta,  
 R. J. Doerksen,  B. Dunietz,  A. D. Dutoi,  R. G. Edgar,  J. Fosso-Tande,  
 L. Fusti-Molnar,  Z. Gan,  J. Gayvert,  Q. Ge,  D. Ghosh,  A. Ghysels,  
 G. Gidofalvi,  A. Golubeva-Zadorozhnaya,  J. Gonthier,  
 C. E. González-Espinoza,  M. S. Gordon,  S. R. Gwaltney,  D. Hait,  
 M. Hanson-Heine,  G. Hawkins,  J. E. Herr,  A. Heyden,  S. Hirata,  
 E. G. Hohenstein,  P. Horn,  I. Kaliman,  G. Kedziora,  F. J. Keil,  
 C. Kelley,  R. Z. Khaliullin,  J. Kim,  R. A. King,  P. Klunzinger,  
 Z. Koczor-Benda,  P. P. Korambath,  S. Kotaru,  L. Koulias,  A. Kunitsa,  
 W. Kurlancheek,  J. Kussmann,  S. Kähler,  D. S. Lambrecht,  A. Laurent,  
 A. M. Lee,  M. S. Lee,  S. V. Levchenko,  X. Li,  W. Liang,  M. Liebenthal,  
 C. Y. Lin,  D. Liotard,  E. Livshits,  R. C. Lochan,  M. Loipersberger,  
 I. Lotan,  H. Ma,  L. A. Martinez-Martinez,  P. E. Maslen,  S. Mason,  
 N. J. Mayhall,  S. C. McKenzie,  M. F. S. J. Menger,  P. Morgante,  
 A. F. Morrison,  J. W. Mullinax,  N. Nair,  D. Neuhauser,  E. Neuscamman,  
 C. M. Oana,  R. Olivares-Amaya,  R. Olson,  D. P. O'Neill,  
 K. J. Oosterbaan,  K. Paice,  A. C. Paul,  T. M. Perrine,  B. Peters,  
 R. Peverati,  P. A. Pieniazek,  S. Prasad,  A. Prociuk,  Y. M. Rhee,  
 J. Ritchie,  F. Rob,  M. A. Rohrdanz,  E. Rosta,  N. J. Russ,  
 H. F. Schaefer III,  M. Scheurer,  M. W. Schmidt,  M. Schneider,  
 N. E. Schultz,  S. Sharma,  N. Shenvi,  C. D. Sherrill,  A. C. Simmonett,  
 D. W. Small,  A. Sodt,  T. Stein,  D. Stuck,  K. S. Thanthiriwatte,  
 V. Vanovschi,  M. H. Vera,  L. Vogt,  F. Wang,  T. Wang,  A. Warshel,  
 M. A. Watson,  M. de Wergifosse,  C. F. Williams,  J. Witte,  
 H. L. Woodcock III,  Q. Wu,  X. Xu,  J. Yang,  Z.-Q. You,  A. Zech,  
 W. Zhang,  Y. Zhao

   Please cite Q-Chem as follows:
  "Software for the frontiers of quantum chemistry:
   An overview of developments in the Q-Chem 5 package"
   J. Chem. Phys. 155, 084801 (2021)
   https://doi.org/10.1063/5.0055522 (open access)

 Q-Chem 7.0.0 for Intel X86 EM64T Linux

 Parts of Q-Chem use Armadillo 12.8.2 (Cortisol Injector).
 http://arma.sourceforge.net/

 Q-Chem begins on Wed Jul 29 13:21:13 2026  

 Host: coreman6
0

 Scratch files written to /scratch/shannon.houck/qchem24766//
 Executable: /sw/qchem/release/7.0.0/exe/qcprog.exe_s
 Number of threads = 1
 Jul426 |scratch|qcdevops|jenkins|workspace|build_RNUM -1
 Processing $rem in /sw/qchem/release/7.0.0/config/preferences:
 Processing $rem in /hfnas/home/shannon.houck/.qchemrc:

 Checking the input file for inconsistencies... 	...done.

--------------------------------------------------------------
User input:
--------------------------------------------------------------
$comment
 Water, single point, RMP4(SDQ)/STO-3G
$end

$rem
 method = mp4sdq
 basis = sto-3g
 gui = 2
$end

$molecule
 0 1
 O
 H 1 R1
 H 1 R1 2 A1

 R1=0.99
 A1=106.0
$end
--------------------------------------------------------------
 ----------------------------------------------------------------
             Standard Nuclear Orientation (Angstroms)
    I     Atom           X                Y                Z
 ----------------------------------------------------------------
    1      O       0.0000000000     0.0000000000     0.1191593746
    2      H      -0.7906491549    -0.0000000000    -0.4766374983
    3      H       0.7906491549    -0.0000000000    -0.4766374983
 ----------------------------------------------------------------
 Molecular Point Group                 C2v   NOp =  4
 Largest Abelian Subgroup              C2v   NOp =  4
 Nuclear Repulsion Energy =           8.88700626 hartrees
 There are        5 alpha and        5 beta electrons
 Requested basis set is STO-3G
 There are 4 shells and 7 basis functions
 Total memory of 8000 MB is distributed as follows: 
   MEM_STATIC is set to 192 MB
   QALLOC/CCMAN JOB total memory use is  7808 MB
 Warning: actual memory use might exceed 8000 MB

 Total QAlloc Memory Limit   8000 MB
 Mega-Array Size       188 MB
 MEM_STATIC part       192 MB


                       Distance Matrix (Angstroms)
             O (  1)   H (  2)
   H (  2)  0.990000
   H (  3)  0.990000  1.581298
 
 A cutoff of  1.0D-14 yielded     10 shell pairs
 There are        34 function pairs
 Start forming overlap matrix
 Smallest overlap matrix eigenvalue = 3.64E-01

 Scale SEOQF with 1.000000e+00/1.000000e+00/1.000000e+00

 Standard Electronic Orientation quadrupole field applied
 Nucleus-field energy     =    -0.0000000002 hartrees
 Guess from superposition of atomic densities
 Warning:  Energy on first SCF cycle will be non-variational
 SAD guess density has 10.000000 electrons

 -----------------------------------------------------------------------
  General SCF calculation program by
  Eric Jon Sundstrom, Paul Horn, Yuezhi Mao, Dmitri Zuev, Alec White,
  David Stuck, Shaama M.S., Shane Yost, Joonho Lee, David Small,
  Daniel Levine, Susi Lehtola, Hugh Burton, Evgeny Epifanovsky,
  Bang C. Huynh
 -----------------------------------------------------------------------
 Hartree-Fock
 A restricted SCF calculation will be
 performed using DIIS
 SCF converges when DIIS error is below 1.0e-08
 User-specified cutoff of 10e-14
 used for neglect of 2-electron integrals.
 A cutoff of 10e-14
 used for neglect of overlap integrals.
 Incremental Fock algorithm is on at the start.
 ---------------------------------------
  Cycle       Energy         DIIS error
 ---------------------------------------
    1     -74.6004034653      3.98e-01  
    2     -74.9231294899      6.68e-02  
    3     -74.9638278708      8.22e-03  
    4     -74.9643050867      1.60e-03  
    5     -74.9643287512      2.83e-05  
    6     -74.9643287656      8.23e-06  
    7     -74.9643287669      1.04e-07  
    8     -74.9643287669      5.45e-11  Convergence criterion met
 ---------------------------------------
 SCF time:   CPU 0.05s  wall 0.00s 
 SCF   energy =   -74.96432877
 Total energy =   -74.96432877

******************************************************
*                    C C M A N                       *
*                                                    *
*                   Anna I. Krylov                   *
*                  C. David Sherrill                 *
*                  Steven R. Gwaltney                *
*                  Edward F. C. Byrd                 *
*                     June 2000                      *
*                                                    *
*                     AND                            *
*                                                    *
*                  Sergey V. Levchenko               *
*                  Lyudmila V. Slipchenko            *
*                  Tao Wang                          *
*                  Ana-Maria C. Cristian             *
*                                                    *
*                     November 2003                  *
*                                                    *
*                    AND                             *
*                                                    *
*          Piotr A. Pieniazek                        *
*          C. Melania Oana                           *
*          E. Epifanovsky                            *
*                                                    *
*                    October 2007                    *
*                                                    *
*                                                    *
******************************************************



blck_tnsr_buffsz = 7608
ccjobtype = sp
ccman2 = 0
ccsd.dOV_threshold = 0
ccsd.diis_freq = 1
ccsd.diis_max_overlap = 1
ccsd.diis_min_overlap = 1e-11
ccsd.diis_size = 7
ccsd.diis_start = 3
ccsd.energy_convergence = 1e-08
ccsd.maxiter = 100
ccsd.restart = 0
ccsd.saveampl = 0
ccsd.scale_amp = 1
ccsd.solver = diis
ccsd.t_convergence = 1e-08
ccsd.z_convergence = 1e-08
do_efp = 0
do_ri = 0
eom.convergence = 1e-06
eom.do_fake_ipea = 0
eom.dthreshold = 1e-06
eom.filter_ipea = 0
eom.maxiter = 30
eom.maxvectors = 60
eom.nguess_doubles = 0
eom.nguess_singles = 0
eom.preconv_doubles = 0
eom.preconv_sd = 0
eom.preconv_singles = 0
eom.use_exdiag = 0
eomcorr = none
mgc.amodel = 0
mgc.canonize = 0
mgc.canonize_final = 0
mgc.canonize_freq = 50
mgc.dOV_threshold = 0
mgc.diis = 0
mgc.diis12_switch = 1e-05
mgc.diis_freq = 2
mgc.diis_max_overlap = 1
mgc.diis_min_overlap = 1e-11
mgc.diis_size = 7
mgc.diis_start = 2
mgc.do_ed_ccd = 0
mgc.do_qccd = 0
mgc.energy_convergence = 1e-08
mgc.hess_threshold = 0.01
mgc.iterate_ov = 0
mgc.maxiter = 100
mgc.maxtrank = 0
mgc.mgc_ampread = 0
mgc.mgc_amps = 2
mgc.mgc_ampscale = 0
mgc.mgc_cc_gvb_guess = 0
mgc.mgc_create_dm = 0
mgc.mgc_eom = 0
mgc.mgc_frzn_core = 0
mgc.mgc_gvb_n_pairs = 0
mgc.mgc_ip = 0
mgc.mgc_localinter = 0
mgc.mgc_localints = 1
mgc.mgc_oo_type = 0
mgc.mgc_ph = 0
mgc.mgc_renorm = 0
mgc.mgc_skip_ae = 0
mgc.mgc_write_ints = 0
mgc.nlpairs = 2
mgc.preconv_frozen = 0
mgc.preconv_t2z = 0
mgc.preconv_t2z_each = 0
mgc.reset_theta = 15
mgc.restart = 0
mgc.saveampl = 0
mgc.scale_amp = 1
mgc.solver = diis
mgc.t_convergence = 1e-08
mgc.theta_convergence = 0.0001
mgc.theta_grad_convergence = 0.0001
mgc.theta_grad_threshold = 0.01
mgc.theta_stepsize = 1
mgc.turn_on_qccd = 0.01
mgc.z_convergence = 1e-08
ooccd.canonize_final = 0
ooccd.canonize_freq = 50
ooccd.dOV_threshold = 0
ooccd.diis = 0
ooccd.diis12_switch = 1e-05
ooccd.diis_freq = 2
ooccd.diis_max_overlap = 1
ooccd.diis_min_overlap = 1e-11
ooccd.diis_size = 7
ooccd.diis_start = 2
ooccd.do_ed_ccd = 0
ooccd.do_qccd = 0
ooccd.energy_convergence = 1e-08
ooccd.hess_threshold = 0.01
ooccd.iterate_ov = 0
ooccd.maxiter = 100
ooccd.preconv_frozen = 0
ooccd.preconv_t2z = 0
ooccd.preconv_t2z_each = 0
ooccd.reset_theta = 15
ooccd.restart = 0
ooccd.saveampl = 0
ooccd.scale_amp = 1
ooccd.solver = diis
ooccd.t_convergence = 1e-08
ooccd.theta_convergence = 0.0001
ooccd.theta_grad_convergence = 0.0001
ooccd.theta_grad_threshold = 0.01
ooccd.theta_stepsize = 1
ooccd.turn_on_qccd = 0.01
ooccd.z_convergence = 1e-08
orbitals.canonize = 1
orbitals.do_fno = 0
orbitals.mp2_grad = 0
orbitals.mp2no_guess = 0
orbitals.reorthogonalize_mo = 0
orbitals.restart_no_scf = 0
orbitals.restricted_amplitudes = 1
orbitals.restricted_triples = 0
print_lvl = 1
pt_corr.incl_core_corr = 1
pt_corr.incl_virt_corr = 1
pt_corr.sd_corr_only = 0
refcorr = mp4sdq
solvent_model.cc_solvent = 0
svd.analyze_t2 = 0
svd.d1_d2_diag = 0
svd.energy_decomp = 0
svd.svd_algorithm = 1
svd.svd_decompose_geminals = 0
svd.svd_first_geminal = 0
svd.svd_incl_singles = 1
svd.svd_n_values = 1
svd.svd_plot_geminals = 0
svd.t2_lowrank = 0
test_mode = 0
threads = 1
tmp_maxbuffsz = 200
unrestricted = 0

Testing symmetry... Orbitals in the original order:
 
 Alpha MOs, Restricted
 -- Occupied --                  
-20.244  -1.251  -0.603  -0.445  -0.388
  1 A1    2 A1    1 B1    3 A1    1 B2                                         
 -- Virtual --                   
  0.571   0.709
  4 A1    2 B1                                                                 
 
 Beta MOs, Restricted
 -- Occupied --                  
-20.244  -1.251  -0.603  -0.445  -0.388
  1 A1    2 A1    1 B1    3 A1    1 B2                                         
 -- Virtual --                   
  0.571   0.709
  4 A1    2 B1                                                                 
Setting symmetry... Orbitals will be reordered.
No MO reordering is requested

The orbitals are ordered and numbered as follows:
Alpha orbitals:
Number  Energy    Type    Symmetry  ANLMAN number  Total number:
  0    -20.244     AOCC      A1      1A1     1
  1     -1.251     AOCC      A1      2A1     2
  2     -0.445     AOCC      A1      3A1     3
  3     -0.603     AOCC      B1      1B1     4
  4     -0.388     AOCC      B2      1B2     5

  0      0.571     AVIRT     A1      4A1     6
  1      0.709     AVIRT     B1      2B1     7


MOLECULAR PARAMETERS: 
ORB SYMM INFO:
     POINT GROUP=C2v               NIRREPS   =  4
     MOL ORB=  7

     IRREPS =   A1   A2   B1   B2  
     ORBSPI =    4    0    2    1 
     DOCC   =    3    0    1    1 
     SOCC   =    0    0    0    0 

     FDOCC  =    0    0    0    0 
     RDOCC  =    0    0    0    0 
     AAOCC  =    3    0    1    1 
     BAOCC  =    3    0    1    1 
     AAVIRT =    1    0    1    0 
     BAVIRT =    1    0    1    0 
     RUOCC  =    0    0    0    0 
     FUOCC  =    0    0    0    0 

     IRREP MULT TABLE:
       0   1   2   3 
       1   0   3   2 
       2   3   0   1 
       3   2   1   0 

     ORBSYM ALPHA= A1   A1   A1   B1   B2   A1   B1   
     ORBSYM BETA = A1   A1   A1   B1   B2   A1   B1   


   BASIS ORBS   =       7      MOL ORBS     =       7
   NAUXBASIS    =       0
   FROZEN OCC   =       0      FROZEN VIR   =       0
   CORR ORBS    =       7      CORR SP ORBS =      14
   NUM ALP ELEC =       5      NUM BET ELEC =       5
   NUM ALP EXPL =       5      NUM BET EXPL =       5
   NUM SO OCC   =      10      NUM SO VIR   =       4
   NUM RESTR DOCC=      0      NUM RESTR DVIRT=     0
   ORBS PER BLCK =     16      RESTRICTED_REF =    1

BLOCKING PARAMETERS: 
   NUM ROCC BLOCKS =     0      NUM AOCC  BLOCKS=     3
   NUM AVIRT BLOCKS=     2      NUM RVIRT BLOCKS=     0

   ORBITALS/BLOCK =   3   1   1   3   1   1   1   1   1   1 

BIRREP = A1   B1   B2   A1   B1   B2   A1   B1   A1   B1   
 
EHF                    =   -74.964328767
EMP2                   =   -75.002378705
EMP3                   =   -75.012879231
EMP4SDQ                =   -75.016089019


 CCSD or (V)OO-CCD job:  CPU 0.03 s  wall 0.04 s
PREPARE to CLEAN


 CCMAN JOB: ALL  CPU 0.04 s  wall 0.04 s
 
 --------------------------------------------------------------
             Orbital Energies (a.u.) and Symmetries
 --------------------------------------------------------------
 
 Alpha MOs, Restricted
 -- Occupied --                  
-20.244  -1.251  -0.445  -0.603  -0.388
  1 A1    2 A1    3 A1    1 B1    1 B2                                         
 -- Virtual --                   
  0.571   0.709
  4 A1    2 B1                                                                 
 
 Beta MOs, Restricted
 -- Occupied --                  
-20.244  -1.251  -0.445  -0.603  -0.388
  1 A1    2 A1    3 A1    1 B1    1 B2                                         
 -- Virtual --                   
  0.571   0.709
  4 A1    2 B1                                                                 
 --------------------------------------------------------------
 
          Ground-State Mulliken Net Atomic Charges

     Atom                 Charge (a.u.)
  ----------------------------------------
      1 O                    -0.339214
      2 H                     0.169607
      3 H                     0.169607
  ----------------------------------------
  Sum of atomic charges =     0.000000

 -----------------------------------------------------------------
                    Cartesian Multipole Moments
 -----------------------------------------------------------------
    Charge (ESU x 10^10)
                 0.0000
    Dipole Moment (Debye)
         X      -0.0000      Y      -0.0000      Z      -1.6735
       Tot       1.6735
    Quadrupole Moments (Debye-Ang)
        XX      -4.2950     XY       0.0000     YY      -6.1213
        XZ       0.0000     YZ      -0.0000     ZZ      -5.4175
    Octopole Moments (Debye-Ang^2)
       XXX      -0.0000    XXY      -0.0000    XYY      -0.0000
       YYY      -0.0000    XXZ      -0.5848    XYZ      -0.0000
       YYZ       0.0136    XZZ      -0.0000    YZZ      -0.0000
       ZZZ      -0.1457
    Hexadecapole Moments (Debye-Ang^3)
      XXXX      -6.8264   XXXY       0.0000   XXYY      -1.8585
      XYYY      -0.0000   YYYY      -3.2614   XXXZ       0.0000
      XXYZ      -0.0000   XYYZ       0.0000   YYYZ      -0.0000
      XXZZ      -1.7504   XYZZ       0.0000   YYZZ      -1.4123
      XZZZ       0.0000   YZZZ      -0.0000   ZZZZ      -4.9965
 -----------------------------------------------------------------
 Total job time:  0.32s(wall), 0.22s(cpu) 
 Wed Jul 29 13:21:13 2026

        *************************************************************
        *                                                           *
        *  Thank you very much for using Q-Chem.  Have a nice day.  *
        *                                                           *
        *************************************************************


